03-11 17:25:31.738  1030  1030 I chatty  : uid=1000 system_server expire 8 lines
03-11 17:25:31.741  1030  1069 I chatty  : uid=1000(system) PowerManagerSer expire 5 lines
03-11 17:25:31.742   789   789 D TrackingService: Cancelling delayed transition to SLEEP
03-11 17:25:31.742   789   789 D TrackingService: Received transition request to RUNNING current is SLEEP
03-11 17:25:31.742   789   789 D TrackingService: Executing transition from SLEEP to STANDBY
03-11 17:25:31.742   789   789 D TrackingService: Setting power state to STANDBY
03-11 17:25:31.756  1030  1046 I chatty  : uid=1000(system) Binder:1030_1 expire 2 lines
03-11 17:25:31.762   789   789 I libtracker: Setting tracker power state to 1
03-11 17:25:31.811   721   989 I SyncBossHAL: [info   ] syncboss_telemetry.c(90): Successfully loaded telmetry library (v11.0)
03-11 17:25:31.820   789  1566 I TrackingService: TrackingService::getSharedMemoryFileDescriptor
03-11 17:25:31.821   789  1566 I TrackingService: TrackingService::registerClient
03-11 17:25:31.821   789  1566 I TrackingService: Registering client with TrackingServiceHost (com.oculus.vrshell#2351)
03-11 17:25:31.822   789  1566 I TrackingService: TrackingServiceHost GetSharedMemoryFileDescriptor for client com.oculus.vrshell#2351
03-11 17:25:31.822   789  1566 I TrackingService: TrackingServiceHost registered common client; there are 0 secure clients
03-11 17:25:31.823   721   989 I SyncBossHAL: [info   ] syncboss_hal_impl_common.c(184): Detected firmware version: v2.7.0. Built Dec 21 2020 15:04:10 by twsvcscm@sandcastle4659. with cc 4.8.5. Git SHA 1f87a0932a0d
03-11 17:25:31.824   721 19509 E SyncBossFW: alled. on: 59, off: 41, cancellation: 5
03-11 17:25:31.824   721 19509 E SyncBossFW: [info   ] {VCNL}: Setting prox config: on: 59, off: 41, canc: 5
03-11 17:25:31.824   721 19509 E SyncBossFW: [info   ] {APPI}: Enabling prox sensor
03-11 17:25:31.824   721 19509 E SyncBossFW: [info   ] {WAKE}: Enabling prox wakeup
03-11 17:25:31.824   721 19509 E SyncBossFW: [info   ] {VCNL}: Setting prox config: on: 59, off: 41, canc: 5
03-11 17:25:31.834   721 19509 I SyncBossFW: [info   ] {APPI}: Enabling display timestamping
03-11 17:25:31.834   721 19509 I SyncBossFW: [info   ] {APPI}: Enabling IMU
03-11 17:25:31.834   721 19509 I SyncBossFW: [info   ] {APPI}: Found 0 connected pulsar devices
03-11 17:25:31.834   721 19509 I SyncBossFW: [info   ] {APPI}: Enabling magnetometer
03-11 17:25:31.834   721 19509 I SyncBossFW: [info   ] {APPI}: Enabling mag streaming.  Temperature comp enabled
03-11 17:25:31.837   789  1375 I libtracker: ConstellationTrackingGlue: setEnableExtendedDeadreckoning to false
03-11 17:25:31.838   789  1375 D libtracker: Entering ControllerGlue::start()
03-11 17:25:31.839   789  1375 D libtracker: ControllerGlue: setting expected mode to Streaming
03-11 17:25:31.839   789  1375 D libtracker: ControllerGlue: Setting current mode to Streaming
03-11 17:25:31.839   789  1375 D libtracker: ControllerGlue: leave mode Disabled
03-11 17:25:31.839   789  1375 D libtracker: ControllerGlue: Setting mode to Streaming
03-11 17:25:31.844   721   989 I SyncBossHAL: [info   ] syncboss_hal_props.c(22): Property name "pulsar_blacklist" too long
03-11 17:25:31.844   721   989 I SyncBossHAL: [info   ] syncboss_hal_impl_input.c(246): No pulsar frequency blacklist set
03-11 17:25:31.844   721   989 I SyncBossHAL: [info   ] syncboss_hal_impl_input.c(267): No AFH behavior specified, enabled by default
03-11 17:25:31.844   721   989 I SyncBossHAL: [info   ] syncboss_hal_impl_input.c(300): Input device auto-whitelisting disabled
03-11 17:25:31.848   789  1375 D libtracker: ControllerGlue: enter mode Streaming
03-11 17:25:31.849   789  1375 I libtracker: SLEEP -> STANDBY transition time: 87 ms
03-11 17:25:31.850   789   789 D TrackingService: Executing transition from STANDBY to RUNNING
03-11 17:25:31.850   789   789 D TrackingService: Setting power state to RUNNING
03-11 17:25:31.850   789   789 I libtracker: Setting tracker power state to 2
03-11 17:25:31.852   789  1375 I libtracker: Setting initial exposure: 0.005000, initial gain: 3.000000
03-11 17:25:31.854   721 19509 I SyncBossFW: [info   ] {WIHO}: Pulsar device auto-whitelisting disabled
03-11 17:25:31.854   721 19509 I SyncBossFW: [info   ] {APPI}: Starting input
03-11 17:25:31.864   721 19509 E SyncBossFW: [error  ] {CAM }: Frame tag mode is not enabled, cannot use this API.
03-11 17:25:31.869   721 19513 E SyncBossHAL: [error  ] double_tap.cpp(67): DoubleTap: Detected non-monotonic timestamp (138202 <= 220564753)
03-11 17:25:32.006   721 19509 I SyncBossFW: [info   ] {BCAM}: OV7251 sensors found - 0xf
03-11 17:25:32.036   721 19509 I SyncBossFW: [info   ] {APPI}: Camera probe, found: 0xf
03-11 17:25:32.042   721 19512 I SyncBossHAL: [info   ] pulsar_manager.c(708): Setting controller LED config to period: 33333us, on-time: 34us
03-11 17:25:32.087   721 19509 I SyncBossFW: [info   ] {APPI}: Starting camera streaming
03-11 17:25:32.087   721 19509 I SyncBossFW: [info   ] {BCAM}: Camera streaming started
03-11 17:25:32.091   789  1375 E libtracker: Resetting CameraMuxMode default which is already set
03-11 17:25:32.091   789  1375 D libtracker: VisionManagerHmd: Acquiring handleHandTrackingSettingChange lock
03-11 17:25:32.092   789  1375 D libtracker: VisionManagerHmd: Handling hand tracking setting disable
03-11 17:25:32.093   789  1375 I libtracker: ConstellationTrackingGlue: setEnableExtendedDeadreckoning to false
03-11 17:25:32.093   789  1375 D libtracker: VisionManagerHmd: Releasing handleHandTrackingSettingChange lock
03-11 17:25:32.093   789  1375 I libtracker: STANDBY -> RUNNING transition time: 243 ms
03-11 17:25:32.098  1409 19548 W ContextImpl: Calling a method in the system process without a qualified user: android.app.ContextImpl.sendBroadcast:1057 android.content.ContextWrapper.sendBroadcast:448 X.Je.A00:155 X.Je.handleMessage:80 android.os.Handler.dispatchMessage:107 
03-11 17:25:32.253   721   985 I SyncBossHAL: [info   ] syncboss_hal_prox.c(41): Reporting prox event: prox_on
03-11 17:25:32.259   721 19509 I SyncBossFW: [info   ] {CMTH}: Good morning.  Prox is currently near
03-11 17:25:32.286  1030 19361 I chatty  : uid=1000(system) Binder:1030_1A expire 1 line
03-11 17:25:32.516   721 19511 I SyncBossHAL: [info   ] syncboss_hal_impl_input.c(675): Pulsar connected devices state change: 1
03-11 17:25:32.522   721 19509 I SyncBossFW: [info   ] {WIHO}: Pulsar device connected 46810af132e23f5d (type: 8011401, connection id: 0x1)
03-11 17:25:32.547   789   789 I TrackingService: TrackingService::getSharedMemoryFileDescriptor
03-11 17:25:32.547   789   789 I TrackingService: TrackingService::registerClient
03-11 17:25:32.547   789   789 I TrackingService: Registering client with TrackingServiceHost (com.oculus.guardian#2345)
03-11 17:25:32.548   789   789 I TrackingService: TrackingServiceHost GetSharedMemoryFileDescriptor for client com.oculus.guardian#2345
03-11 17:25:32.548   789   789 I TrackingService: TrackingServiceHost registered common client; there are 0 secure clients
03-11 17:25:32.581   721 19512 I SyncBossHAL: [info   ] pulsar_manager.c(421): 46810af1xxxxxxxx: Configuring IR LED to ontime = 34, period = 33333
03-11 17:25:32.587   721 19512 I SyncBossHAL: [info   ] pulsar_manager.c(304): Finished getting cache data for controller
03-11 17:25:32.587   721 19512 I SyncBossHAL:     id            : 46810af1xxxxxxxx
03-11 17:25:32.587   721 19512 I SyncBossHAL:     pulsar_type   : 0x08011401
03-11 17:25:32.587   721 19512 I SyncBossHAL:     connection id : 0x1
03-11 17:25:32.587   721 19512 I SyncBossHAL:     fw ver        : 1.6.0
03-11 17:25:32.587   721 19512 I SyncBossHAL:     spl ver       : 1.5.0
03-11 17:25:32.587   721 19512 I SyncBossHAL:     serial        : 1WMHCRD0JJ0496
03-11 17:25:32.587   721 19512 I SyncBossHAL:     handedness    : right
03-11 17:25:32.587   721 19512 I SyncBossHAL:     battery state : 60%
03-11 17:25:32.587   721 19512 I SyncBossHAL: [info   ] pulsar_manager.c(318): Jedi-specific cache data:
03-11 17:25:32.587   721 19512 I SyncBossHAL:     captouch ver  : 1.4.0
03-11 17:25:32.592   789 19539 D TrackingCore: TrackingDataPostProcessor: Registered 46810af132e23f5d
03-11 17:25:32.592   789 19539 I TrackingService: Registering primary controller 46810af132e23f5d in slot 0
03-11 17:25:32.593   721 19512 I SyncBossHAL: [info   ] pulsar_manager.c(743): Setting transmit power for all connected controllers to 0 dBm
03-11 17:25:32.593   789 19539 I TrackingService: Notifying client com.oculus.systemdriver#1961 of new primary remote 46810af132e23f5d
03-11 17:25:32.593   721 19509 I SyncBossFW: [info   ] {APPI}: Found 1 connected pulsar devices
03-11 17:25:32.595   789 19539 I TrackingService: Notifying client com.oculus.guardian#2345 of new primary remote 46810af132e23f5d
03-11 17:25:32.595   789 19539 I TrackingService: Notifying client /system/bin/mrsystemservice of new primary remote 46810af132e23f5d
03-11 17:25:32.595   789 19539 I TrackingService: Notifying client com.oculus.vrshell#2351 of new primary remote 46810af132e23f5d
03-11 17:25:32.595   789 19539 I TrackingService: Notifying client com.oculus.guardian#2345 of new primary remote 46810af132e23f5d
03-11 17:25:32.609   789 19539 W libtracker: Attempted to control leds, but gatekeeper is disabled. Skipping operation.
03-11 17:25:32.649   721 19513 I SyncBossInput: [info   ] [jedi (right) 46810af1xxxxxxxx]: 2250841 [info   ] {APP }: Connected
03-11 17:25:32.658   789 19539 D TrackingService: [HANDTRACKING] Controller 46810af132e23f5d in hand: Y, valid: Y
03-11 17:25:32.680  1409 19603 W ContextImpl: Calling a method in the system process without a qualified user: android.app.ContextImpl.sendBroadcast:1057 android.content.ContextWrapper.sendBroadcast:448 X.Je.A00:155 X.Je.handleMessage:80 android.os.Handler.dispatchMessage:107 
03-11 17:25:32.694   721 19513 I SyncBossInput: [info   ] [jedi (right) 46810af1xxxxxxxx]: 2250842 [info   ] {THDG}: active_seek -> active_connected
03-11 17:25:32.927   721 19513 I SyncBossHAL: [info   ] syncboss_hal_input_controller.c(153): Controller 46810af1xxxxxxxx battery level changed: 0% -> 60%
03-11 17:25:33.143   721 19513 I SyncBossInput: [info   ] [jedi (right) 46810af1xxxxxxxx]: 2251421 [info   ] {HPTH}: Set haptics frequency to 0x2130
03-11 17:25:33.615   789   789 I TrackingService: TrackingService::getSharedMemoryFileDescriptor
03-11 17:25:33.616   789   789 I TrackingService: TrackingService::registerClient
03-11 17:25:33.616   789   789 I TrackingService: Registering client with TrackingServiceHost (com.nrobinson2000.unityvrsentry#19443)
03-11 17:25:33.616   789   789 I TrackingService: Notifying client com.nrobinson2000.unityvrsentry#19443 of new remote 46810af132e23f5d
03-11 17:25:33.616   789   789 I TrackingService: TrackingServiceHost GetSharedMemoryFileDescriptor for client com.nrobinson2000.unityvrsentry#19443
03-11 17:25:33.616   789   789 I TrackingService: TrackingServiceHost registered common client; there are 0 secure clients
03-11 17:25:34.592   789 19539 D TrackingService: [HANDTRACKING] Controller 46810af132e23f5d in hand: N, valid: Y
03-11 17:25:36.910  1030  1047 I chatty  : uid=1000(system) Binder:1030_2 expire 3 lines
03-11 17:25:36.921  1030 19361 I chatty  : uid=1000(system) Binder:1030_1A expire 3 lines
03-11 17:25:36.935  1030  1054 I chatty  : uid=1000(system) android.display expire 17 lines
03-11 17:25:36.944  1030 17560 I chatty  : uid=1000(system) Binder:1030_14 expire 1 line
03-11 17:25:37.034  1030  1046 I chatty  : uid=1000(system) Binder:1030_1 expire 2 lines
03-11 17:25:37.222  1409 19641 W ContextImpl: Calling a method in the system process without a qualified user: android.app.ContextImpl.sendBroadcast:1057 android.content.ContextWrapper.sendBroadcast:448 X.Je.A00:155 X.Je.handleMessage:80 android.os.Handler.dispatchMessage:107 
03-11 17:25:37.325  1030  1358 I chatty  : uid=1000(system) Binder:1030_7 expire 1 line
03-11 17:25:37.651  1409 19645 W ContextImpl: Calling a method in the system process without a qualified user: android.app.ContextImpl.sendBroadcast:1057 android.content.ContextWrapper.sendBroadcast:448 X.Je.A00:155 X.Je.handleMessage:80 android.os.Handler.dispatchMessage:107 
03-11 17:26:11.877   721   985 I SyncBossHAL: [info   ] syncboss_hal_prox.c(41): Reporting prox event: prox_off
03-11 17:26:11.879   789   789 D TrackingService: Received transition request to STANDBY current is RUNNING
03-11 17:26:11.879   789   789 D TrackingService: Executing transition from RUNNING to STANDBY
03-11 17:26:12.979   789 19539 D TrackingService: [HANDTRACKING] Controller 46810af132e23f5d in hand: Y, valid: Y
03-11 17:26:14.346   789 19539 D TrackingService: [HANDTRACKING] Controller 46810af132e23f5d in hand: N, valid: Y
03-11 17:26:14.579   789 19539 D TrackingService: [HANDTRACKING] Controller 46810af132e23f5d in hand: Y, valid: Y
03-11 17:26:15.746   789 19539 D TrackingService: [HANDTRACKING] Controller 46810af132e23f5d in hand: N, valid: Y
03-11 17:26:26.881  1030  1030 I chatty  : uid=1000 system_server expire 10 lines
03-11 17:26:26.882  1030  1069 I chatty  : uid=1000(system) PowerManagerSer expire 8 lines
03-11 17:26:26.924  1030  1030 I chatty  : uid=1000 system_server expire 12 lines
03-11 17:26:26.939   789   789 I TrackingService: Unregistering client by ITrackingService.unregisterClient
03-11 17:26:26.939   789   789 I TrackingService: TrackingServiceHost Unregistering client: com.nrobinson2000.unityvrsentry#19443
03-11 17:26:27.274   789   789 D TrackingService: Received transition request to SLEEP current is STANDBY
03-11 17:26:27.274   789   789 D TrackingService: Executing transition from STANDBY to SLEEP
03-11 17:26:27.274   789   789 D TrackingService: Setting power state to STANDBY
03-11 17:26:27.274   789   789 I libtracker: Setting tracker power state to 1
03-11 17:26:27.284  1030 17560 I chatty  : uid=1000(system) Binder:1030_14 expire 2 lines
03-11 17:26:27.301  1030 16880 I chatty  : uid=1000(system) Binder:1030_12 expire 2 lines
03-11 17:26:27.304   789   850 I TrackingService: Unregistering client by ITrackingService.unregisterClient
03-11 17:26:27.304   789   850 I TrackingService: TrackingServiceHost Unregistering client: com.oculus.vrshell#2351
03-11 17:26:27.361   789   850 I TrackingService: Unregistering client by ITrackingService.unregisterClient
03-11 17:26:27.362   789   850 I TrackingService: TrackingServiceHost Unregistering client: com.oculus.guardian#2345
03-11 17:26:27.433   721 19509 I SyncBossFW: [info   ] {APPI}: Stopping camera streaming
03-11 17:26:27.433   721 19509 I SyncBossFW: [info   ] {BCAM}: Camera streaming stopped
03-11 17:26:27.456   789  1375 I libtracker: RUNNING -> STANDBY transition time: 178 ms
03-11 17:26:27.456   789   789 D TrackingService: Time since last wake is 55606ms, using short sleep delay
03-11 17:26:27.456   789   789 D TrackingService: Scheduling delayed transition to SLEEP in 60000ms
03-11 17:26:31.720  1030  1060 I chatty  : uid=1000(system) ActivityManager expire 1 line
03-11 17:26:38.780  1030  2517 I chatty  : uid=1000(system) Binder:1030_C expire 3 lines
03-11 17:26:52.712  1030 19361 I chatty  : uid=1000(system) Binder:1030_1A expire 1 line
03-11 17:27:14.804  1030  2684 I chatty  : uid=1000(system) Binder:1030_D expire 1 line
03-11 17:27:26.017  1409 19699 W ContextImpl: Calling a method in the system process without a qualified user: android.app.ContextImpl.sendBroadcast:1057 android.content.ContextWrapper.sendBroadcast:448 X.Je.A00:155 X.Je.handleMessage:80 android.os.Handler.dispatchMessage:107 
03-11 17:27:27.457   789 19681 D TrackingService: Performing delayed transition to SLEEP
03-11 17:27:27.457   789 19681 D TrackingService: Setting power state to SLEEP
03-11 17:27:27.457   789 19681 I libtracker: Setting tracker power state to 0
03-11 17:27:27.457   789  1375 D libtracker: Entering ControllerGlue::stop()
03-11 17:27:27.457   789  1375 D libtracker: ControllerGlue: setting expected mode to Disabled
03-11 17:27:27.457   789  1375 D libtracker: ControllerGlue: Setting current mode to Disabled
03-11 17:27:27.457   789  1375 D libtracker: ControllerGlue: leave mode Streaming
03-11 17:27:27.458   789  1375 D libtracker: RemoteService::handleDeviceDisconnected - device 46810af132e23f5d
03-11 17:27:27.458   789  1375 I TrackingService: Unregistering primary remote 46810af132e23f5d in slot 0
03-11 17:27:27.460   789  1375 D TrackingCore: TrackingDataPostProcessor: Unregistering 46810af132e23f5d
03-11 17:27:27.460   789  1375 D libtracker: ControllerGlue: Setting mode to Disabled
03-11 17:27:27.465   789  1375 D libtracker: ControllerGlue: enter mode Disabled
03-11 17:27:27.465   721 19509 I SyncBossFW: [info   ] {APPI}: Stopping input
03-11 17:27:27.476   721 19509 I SyncBossFW: [info   ] {APPI}: Disabling IMU
03-11 17:27:27.476   721 19509 I SyncBossFW: [info   ] {APPI}: Disabling magnetometer
03-11 17:27:27.476   721 19509 I SyncBossFW: [info   ] {APPI}: Disabling display timestamping
03-11 17:27:27.558   721   985 I SyncBossHAL: [info   ] syncboss_hal_prox.c(41): Reporting prox event: system_down
03-11 17:27:27.917   789  1375 I libtracker: STANDBY -> SLEEP transition time: 460 ms
03-11 17:27:28.568  1030  1059 I chatty  : uid=1000(system) android.bg expire 2 lines
03-11 17:28:06.279  1030  1047 I chatty  : uid=1000(system) Binder:1030_2 expire 2 lines
03-11 17:28:15.163   721   985 I SyncBossHAL: [info   ] syncboss_hal_prox.c(41): Reporting prox event: system_up
03-11 17:28:15.173   789   789 D TrackingService: Cancelling delayed transition to SLEEP
03-11 17:28:15.173   789   789 D TrackingService: Received transition request to RUNNING current is SLEEP
03-11 17:28:15.173   789   789 D TrackingService: Executing transition from SLEEP to STANDBY
03-11 17:28:15.173   789   789 D TrackingService: Setting power state to STANDBY
03-11 17:28:15.188   789   789 I libtracker: Setting tracker power state to 1
03-11 17:28:15.193  1030  1054 I chatty  : uid=1000(system) android.display expire 15 lines
03-11 17:28:15.225  1030  1069 I chatty  : uid=1000(system) PowerManagerSer expire 2 lines
03-11 17:28:15.236   789   850 I TrackingService: TrackingService::getSharedMemoryFileDescriptor
03-11 17:28:15.236   789   850 I TrackingService: TrackingService::registerClient
03-11 17:28:15.237   789   850 I TrackingService: Registering client with TrackingServiceHost (com.oculus.vrshell#2351)
03-11 17:28:15.238   721  1117 I SyncBossHAL: [info   ] syncboss_telemetry.c(90): Successfully loaded telmetry library (v11.0)
03-11 17:28:15.238   789   850 I TrackingService: TrackingServiceHost GetSharedMemoryFileDescriptor for client com.oculus.vrshell#2351
03-11 17:28:15.238   789   850 I TrackingService: TrackingServiceHost registered common client; there are 0 secure clients
03-11 17:28:15.249   721  1117 I SyncBossHAL: [info   ] syncboss_hal_impl_common.c(184): Detected firmware version: v2.7.0. Built Dec 21 2020 15:04:10 by twsvcscm@sandcastle4659. with cc 4.8.5. Git SHA 1f87a0932a0d
03-11 17:28:15.250   721 19761 E SyncBossFW: ff: 41, canc: 5
03-11 17:28:15.250   721 19761 E SyncBossFW: [info   ] {APPI}: Enabling prox sensor
03-11 17:28:15.250   721 19761 E SyncBossFW: [info   ] {WAKE}: Enabling prox wakeup
03-11 17:28:15.250   721 19761 E SyncBossFW: [info   ] {VCNL}: Setting prox config: on: 59, off: 41, canc: 5
03-11 17:28:15.260   721 19761 I SyncBossFW: [info   ] {APPI}: Enabling display timestamping
03-11 17:28:15.260   721 19761 I SyncBossFW: [info   ] {APPI}: Found 0 connected pulsar devices
03-11 17:28:15.260   721 19761 I SyncBossFW: [info   ] {APPI}: Enabling IMU
03-11 17:28:15.267   789  1375 I libtracker: ConstellationTrackingGlue: setEnableExtendedDeadreckoning to false
03-11 17:28:15.269   789  1375 D libtracker: Entering ControllerGlue::start()
03-11 17:28:15.269   789  1375 D libtracker: ControllerGlue: setting expected mode to Streaming
03-11 17:28:15.269   789  1375 D libtracker: ControllerGlue: Setting current mode to Streaming
03-11 17:28:15.269   789  1375 D libtracker: ControllerGlue: leave mode Disabled
03-11 17:28:15.269   789  1375 D libtracker: ControllerGlue: Setting mode to Streaming
03-11 17:28:15.270   721 19761 I SyncBossFW: [info   ] {APPI}: Enabling magnetometer
03-11 17:28:15.270   721 19761 I SyncBossFW: [info   ] {APPI}: Enabling mag streaming.  Temperature comp enabled
03-11 17:28:15.273   721  1117 I SyncBossHAL: [info   ] syncboss_hal_props.c(22): Property name "pulsar_blacklist" too long
03-11 17:28:15.273   721  1117 I SyncBossHAL: [info   ] syncboss_hal_impl_input.c(246): No pulsar frequency blacklist set
03-11 17:28:15.273   721  1117 I SyncBossHAL: [info   ] syncboss_hal_impl_input.c(267): No AFH behavior specified, enabled by default
03-11 17:28:15.273   721  1117 I SyncBossHAL: [info   ] syncboss_hal_impl_input.c(300): Input device auto-whitelisting disabled
03-11 17:28:15.277   789  1375 D libtracker: ControllerGlue: enter mode Streaming
03-11 17:28:15.278   789  1375 I libtracker: SLEEP -> STANDBY transition time: 89 ms
03-11 17:28:15.278   789   789 D TrackingService: Executing transition from STANDBY to RUNNING
03-11 17:28:15.278   789   789 D TrackingService: Setting power state to RUNNING
03-11 17:28:15.278   789   789 I libtracker: Setting tracker power state to 2
03-11 17:28:15.281   721 19761 I SyncBossFW: [info   ] {WIHO}: Pulsar device auto-whitelisting disabled
03-11 17:28:15.281   721 19761 I SyncBossFW: [info   ] {APPI}: Starting input
03-11 17:28:15.281   789  1375 I libtracker: Setting initial exposure: 0.005000, initial gain: 3.000000
03-11 17:28:15.291   721 19761 E SyncBossFW: [error  ] {CAM }: Frame tag mode is not enabled, cannot use this API.
03-11 17:28:15.298   721 19766 E SyncBossHAL: [error  ] double_tap.cpp(67): DoubleTap: Detected non-monotonic timestamp (137032 <= 115733447)
03-11 17:28:15.432   721 19761 I SyncBossFW: [info   ] {BCAM}: OV7251 sensors found - 0xf
03-11 17:28:15.463   721 19761 I SyncBossFW: [info   ] {APPI}: Camera probe, found: 0xf
03-11 17:28:15.468   721 19765 I SyncBossHAL: [info   ] pulsar_manager.c(708): Setting controller LED config to period: 33333us, on-time: 34us
03-11 17:28:15.519   789  1375 E libtracker: Resetting CameraMuxMode default which is already set
03-11 17:28:15.519   789  1375 D libtracker: VisionManagerHmd: Acquiring handleHandTrackingSettingChange lock
03-11 17:28:15.520   789  1375 D libtracker: VisionManagerHmd: Handling hand tracking setting disable
03-11 17:28:15.521   789  1375 I libtracker: ConstellationTrackingGlue: setEnableExtendedDeadreckoning to false
03-11 17:28:15.521   789  1375 D libtracker: VisionManagerHmd: Releasing handleHandTrackingSettingChange lock
03-11 17:28:15.521   789  1375 I libtracker: STANDBY -> RUNNING transition time: 242 ms
03-11 17:28:15.523   721 19761 I SyncBossFW: [info   ] {APPI}: Starting camera streaming
03-11 17:28:15.523   721 19761 I SyncBossFW: [info   ] {BCAM}: Camera streaming started
03-11 17:28:15.581   721 19763 I SyncBossHAL: [info   ] syncboss_hal_impl_input.c(675): Pulsar connected devices state change: 1
03-11 17:28:15.584   721 19761 I SyncBossFW: [info   ] {WIHO}: Pulsar device connected 46810af132e23f5d (type: 8011401, connection id: 0x1)
03-11 17:28:15.645   721 19765 I SyncBossHAL: [info   ] pulsar_manager.c(421): 46810af1xxxxxxxx: Configuring IR LED to ontime = 34, period = 33333
03-11 17:28:15.650   721 19765 I SyncBossHAL: [info   ] pulsar_manager.c(304): Finished getting cache data for controller
03-11 17:28:15.650   721 19765 I SyncBossHAL:     id            : 46810af1xxxxxxxx
03-11 17:28:15.650   721 19765 I SyncBossHAL:     pulsar_type   : 0x08011401
03-11 17:28:15.650   721 19765 I SyncBossHAL:     connection id : 0x1
03-11 17:28:15.650   721 19765 I SyncBossHAL:     fw ver        : 1.6.0
03-11 17:28:15.650   721 19765 I SyncBossHAL:     spl ver       : 1.5.0
03-11 17:28:15.650   721 19765 I SyncBossHAL:     serial        : 1WMHCRD0JJ0496
03-11 17:28:15.650   721 19765 I SyncBossHAL:     handedness    : right
03-11 17:28:15.650   721 19765 I SyncBossHAL:     battery state : 60%
03-11 17:28:15.650   721 19765 I SyncBossHAL: [info   ] pulsar_manager.c(318): Jedi-specific cache data:
03-11 17:28:15.650   721 19765 I SyncBossHAL:     captouch ver  : 1.4.0
03-11 17:28:15.655   789 19772 D TrackingCore: TrackingDataPostProcessor: Registered 46810af132e23f5d
03-11 17:28:15.655   789 19772 I TrackingService: Registering primary controller 46810af132e23f5d in slot 0
03-11 17:28:15.655   789 19772 I TrackingService: Notifying client com.oculus.systemdriver#1961 of new primary remote 46810af132e23f5d
03-11 17:28:15.656   721 19761 I SyncBossFW: [info   ] {APPI}: Found 1 connected pulsar devices
03-11 17:28:15.656   721 19765 I SyncBossHAL: [info   ] pulsar_manager.c(743): Setting transmit power for all connected controllers to 0 dBm
03-11 17:28:15.656   789 19772 I TrackingService: Notifying client com.oculus.guardian#2345 of new primary remote 46810af132e23f5d
03-11 17:28:15.656   789 19772 I TrackingService: Notifying client /system/bin/mrsystemservice of new primary remote 46810af132e23f5d
03-11 17:28:15.657   789 19772 I TrackingService: Notifying client com.oculus.vrshell#2351 of new primary remote 46810af132e23f5d
03-11 17:28:15.671   789 19772 W libtracker: Attempted to control leds, but gatekeeper is disabled. Skipping operation.
03-11 17:28:15.677  1030 17560 I chatty  : uid=1000(system) Binder:1030_14 expire 2 lines
03-11 17:28:15.686   789   789 I TrackingService: TrackingService::getSharedMemoryFileDescriptor
03-11 17:28:15.686   789   850 I TrackingService: TrackingService::registerClient
03-11 17:28:15.687   789   850 I TrackingService: Registering client with TrackingServiceHost (com.nrobinson2000.unityvrsentry#19443)
03-11 17:28:15.687   789   850 I TrackingService: Notifying client com.nrobinson2000.unityvrsentry#19443 of new remote 46810af132e23f5d
03-11 17:28:15.687   789   850 I TrackingService: TrackingServiceHost GetSharedMemoryFileDescriptor for client com.nrobinson2000.unityvrsentry#19443
03-11 17:28:15.687   789   850 I TrackingService: TrackingServiceHost registered common client; there are 0 secure clients
03-11 17:28:15.687   721   985 I SyncBossHAL: [info   ] syncboss_hal_prox.c(41): Reporting prox event: prox_on
03-11 17:28:15.697   721 19761 I SyncBossFW: [info   ] {CMTH}: Good morning.  Prox is currently near
03-11 17:28:15.726   789 19772 D TrackingService: [HANDTRACKING] Controller 46810af132e23f5d in hand: Y, valid: Y
03-11 17:28:15.742   721 19766 I SyncBossInput: [info   ] [jedi (right) 46810af1xxxxxxxx]: 2394075 [info   ] {THDG}: active_seek -> inactive_seek
03-11 17:28:15.776   721 19766 I SyncBossInput: [info   ] [jedi (right) 46810af1xxxxxxxx]: 2413904 [info   ] {APP }: Connected
03-11 17:28:15.830   721 19766 I SyncBossInput: [info   ] [jedi (right) 46810af1xxxxxxxx]: 2413904 [info   ] {THDG}: inactive_seek -> active_connected
03-11 17:28:15.979   789   850 I TrackingService: TrackingService::getSharedMemoryFileDescriptor
03-11 17:28:15.980   789   850 I TrackingService: TrackingService::registerClient
03-11 17:28:15.980   789   850 I TrackingService: Registering client with TrackingServiceHost (com.oculus.guardian#2345)
03-11 17:28:15.980   789   850 I TrackingService: Notifying client com.oculus.guardian#2345 of new remote 46810af132e23f5d
03-11 17:28:15.980   789   850 I TrackingService: TrackingServiceHost GetSharedMemoryFileDescriptor for client com.oculus.guardian#2345
03-11 17:28:15.980   789   850 I TrackingService: TrackingServiceHost registered common client; there are 0 secure clients
03-11 17:28:16.208   721 19766 I SyncBossInput: [info   ] [jedi (right) 46810af1xxxxxxxx]: 2414485 [info   ] {HPTH}: Set haptics frequency to 0x2133
03-11 17:28:16.506   721 19766 I SyncBossHAL: [info   ] syncboss_hal_input_controller.c(153): Controller 46810af1xxxxxxxx battery level changed: 0% -> 60%
03-11 17:28:17.810   789 19772 D TrackingService: [HANDTRACKING] Controller 46810af132e23f5d in hand: N, valid: Y
03-11 17:28:19.143   789 19772 D TrackingService: [HANDTRACKING] Controller 46810af132e23f5d in hand: Y, valid: Y
03-11 17:28:19.977   789 19772 D TrackingService: [HANDTRACKING] Controller 46810af132e23f5d in hand: N, valid: Y
03-11 17:28:20.248  1030 16880 I chatty  : uid=1000(system) Binder:1030_12 expire 5 lines
03-11 17:28:20.576   789 19772 D TrackingService: [HANDTRACKING] Controller 46810af132e23f5d in hand: Y, valid: Y
03-11 17:28:22.877   789   850 I TrackingService: getTrackingSocketFileDescriptor
03-11 17:28:22.877   789   850 D TrackingService: haptic socket already exists
03-11 17:28:23.414  1409 19824 W ContextImpl: Calling a method in the system process without a qualified user: android.app.ContextImpl.sendBroadcast:1057 android.content.ContextWrapper.sendBroadcast:448 X.Je.A00:155 X.Je.handleMessage:80 android.os.Handler.dispatchMessage:107 
03-11 17:28:25.061  1409 19834 W ContextImpl: Calling a method in the system process without a qualified user: android.app.ContextImpl.sendBroadcast:1057 android.content.ContextWrapper.sendBroadcast:448 X.Je.A00:155 X.Je.handleMessage:80 android.os.Handler.dispatchMessage:107 
03-11 17:28:25.186  1030 19361 I chatty  : uid=1000(system) Binder:1030_1A expire 1 line
03-11 17:28:26.260   789   850 I TrackingService: Unregistering client by ITrackingService.unregisterClient
03-11 17:28:26.260   789   850 I TrackingService: TrackingServiceHost Unregistering client: com.nrobinson2000.unityvrsentry#19443
03-11 17:28:26.355   789   850 I TrackingService: TrackingService::getSharedMemoryFileDescriptor
03-11 17:28:26.356   789   850 I TrackingService: TrackingService::registerClient
03-11 17:28:26.356   789   850 I TrackingService: Registering client with TrackingServiceHost (com.oculus.vrshell#2484)
03-11 17:28:26.356   789   850 I TrackingService: Notifying client com.oculus.vrshell#2484 of new remote 46810af132e23f5d
03-11 17:28:26.356   789   850 I TrackingService: TrackingServiceHost GetSharedMemoryFileDescriptor for client com.oculus.vrshell#2484
03-11 17:28:26.356   789   850 I TrackingService: TrackingServiceHost registered common client; there are 0 secure clients
03-11 17:28:26.400   789   850 I TrackingService: TrackingService::getSharedMemoryFileDescriptor
03-11 17:28:26.402   789   850 I TrackingService: TrackingService::registerClient
03-11 17:28:26.402   789   850 I TrackingService: Registering client with TrackingServiceHost (com.oculus.shellenv#2438)
03-11 17:28:26.402   789   850 I TrackingService: Notifying client com.oculus.shellenv#2438 of new remote 46810af132e23f5d
03-11 17:28:26.406   789   850 I TrackingService: TrackingServiceHost GetSharedMemoryFileDescriptor for client com.oculus.shellenv#2438
03-11 17:28:26.406   789   850 I TrackingService: TrackingServiceHost registered common client; there are 0 secure clients
03-11 17:28:26.497  1030  2517 I chatty  : uid=1000(system) Binder:1030_C expire 6 lines
03-11 17:28:26.687  1030  1381 I chatty  : uid=1000(system) Binder:1030_9 expire 3 lines
03-11 17:28:26.819  1030  1046 I chatty  : uid=1000(system) Binder:1030_1 expire 1 line
03-11 17:28:26.849  1030 13564 I chatty  : uid=1000(system) Binder:1030_E expire 1 line
03-11 17:28:27.012   789   850 I TrackingService: getTrackingSocketFileDescriptor
03-11 17:28:27.012   789   850 D TrackingService: haptic socket already exists
03-11 17:28:27.055  1030  2517 I chatty  : uid=1000(system) Binder:1030_C expire 2 lines
03-11 17:28:27.089  1030  1381 I chatty  : uid=1000(system) Binder:1030_9 expire 1 line
03-11 17:28:27.110  1409 19856 W ContextImpl: Calling a method in the system process without a qualified user: android.app.ContextImpl.sendBroadcast:1057 android.content.ContextWrapper.sendBroadcast:448 X.Je.A00:155 X.Je.handleMessage:80 android.os.Handler.dispatchMessage:107 
03-11 17:28:27.133  1030  1054 I chatty  : uid=1000(system) android.display expire 9 lines
03-11 17:28:27.226  1030 16880 I chatty  : uid=1000(system) Binder:1030_12 expire 2 lines
03-11 17:28:27.278  1030 26280 I chatty  : uid=1000(system) Binder:1030_11 expire 2 lines
03-11 17:28:27.538  1409 19874 W ContextImpl: Calling a method in the system process without a qualified user: android.app.ContextImpl.sendBroadcast:1057 android.content.ContextWrapper.sendBroadcast:448 X.Je.A00:155 X.Je.handleMessage:80 android.os.Handler.dispatchMessage:107 
03-11 17:28:29.893  1030  1776 I chatty  : uid=1000(system) LazyTaskWriterT expire 1 line
03-11 17:28:34.061  1030  1061 I chatty  : uid=1000(system) ActivityManager expire 5 lines
03-11 17:28:35.028  1030  1357 I chatty  : uid=1000(system) Binder:1030_6 expire 7 lines
03-11 17:28:37.223  1030  1380 I chatty  : uid=1000(system) Binder:1030_8 expire 5 lines
03-11 17:28:37.682  1409 19943 W ContextImpl: Calling a method in the system process without a qualified user: android.app.ContextImpl.sendBroadcast:1057 android.content.ContextWrapper.sendBroadcast:448 X.Je.A00:155 X.Je.handleMessage:80 android.os.Handler.dispatchMessage:107 
03-11 17:28:39.978   789 19772 D TrackingService: [HANDTRACKING] Controller 46810af132e23f5d in hand: N, valid: Y
03-11 17:28:40.910   789 19772 D TrackingService: [HANDTRACKING] Controller 46810af132e23f5d in hand: Y, valid: Y
03-11 17:28:42.411   789 19772 D TrackingService: [HANDTRACKING] Controller 46810af132e23f5d in hand: N, valid: Y
03-11 17:28:43.444   789 19772 D TrackingService: [HANDTRACKING] Controller 46810af132e23f5d in hand: Y, valid: Y
03-11 17:28:44.111   789 19772 D TrackingService: [HANDTRACKING] Controller 46810af132e23f5d in hand: N, valid: Y
03-11 17:28:47.562  1030  1200 I chatty  : uid=1000(system) Binder:1030_3 expire 1 line
03-11 17:29:02.244   789 19772 D TrackingService: [HANDTRACKING] Controller 46810af132e23f5d in hand: Y, valid: Y
03-11 17:29:06.812  1409 19966 W ContextImpl: Calling a method in the system process without a qualified user: android.app.ContextImpl.sendBroadcast:1057 android.content.ContextWrapper.sendBroadcast:448 X.Je.A00:155 X.Je.handleMessage:80 android.os.Handler.dispatchMessage:107 
03-11 17:29:07.259   721 19766 I SyncBossHAL: [info   ] syncboss_hal_input_controller.c(153): Controller 46810af1xxxxxxxx battery level changed: 60% -> 50%
03-11 17:29:10.212   789 19772 D TrackingService: [HANDTRACKING] Controller 46810af132e23f5d in hand: N, valid: Y
03-11 17:29:15.255  1030  1030 I chatty  : uid=1000 system_server expire 15 lines
03-11 17:29:18.773   721   985 I SyncBossHAL: [info   ] syncboss_hal_prox.c(41): Reporting prox event: prox_off
03-11 17:29:18.778   789   850 D TrackingService: Received transition request to STANDBY current is RUNNING
03-11 17:29:18.778   789   850 D TrackingService: Executing transition from RUNNING to STANDBY
03-11 17:29:18.794  1030  1380 I chatty  : uid=1000(system) Binder:1030_8 expire 4 lines
03-11 17:29:19.510   789 19772 D TrackingService: [HANDTRACKING] Controller 46810af132e23f5d in hand: Y, valid: Y
03-11 17:29:20.577   789 19772 D TrackingService: [HANDTRACKING] Controller 46810af132e23f5d in hand: N, valid: Y
03-11 17:29:20.610   789 19772 D TrackingService: [HANDTRACKING] Controller 46810af132e23f5d in hand: Y, valid: Y
03-11 17:29:22.011   789 19772 D TrackingService: [HANDTRACKING] Controller 46810af132e23f5d in hand: N, valid: Y
03-11 17:29:23.244   789 19772 D TrackingService: [HANDTRACKING] Controller 46810af132e23f5d in hand: Y, valid: Y
03-11 17:29:24.144   789 19772 D TrackingService: [HANDTRACKING] Controller 46810af132e23f5d in hand: N, valid: Y
03-11 17:29:25.777   789 19772 D TrackingService: [HANDTRACKING] Controller 46810af132e23f5d in hand: Y, valid: Y
03-11 17:29:26.644   789 19772 D TrackingService: [HANDTRACKING] Controller 46810af132e23f5d in hand: N, valid: Y
03-11 17:29:31.310   789 19772 D TrackingService: [HANDTRACKING] Controller 46810af132e23f5d in hand: Y, valid: Y
03-11 17:29:32.177   789 19772 D TrackingService: [HANDTRACKING] Controller 46810af132e23f5d in hand: N, valid: Y
03-11 17:29:33.778  1030  1069 I chatty  : uid=1000(system) PowerManagerSer expire 5 lines
03-11 17:29:33.808  1030  1054 I chatty  : uid=1000(system) android.display expire 1 line
03-11 17:29:33.819   789   850 I TrackingService: Unregistering client by ITrackingService.unregisterClient
03-11 17:29:33.819   789   850 I TrackingService: TrackingServiceHost Unregistering client: com.oculus.shellenv#2438
03-11 17:29:33.831  1030  1030 I chatty  : uid=1000 system_server expire 2 lines
03-11 17:29:33.934   789   850 I TrackingService: Unregistering client by ITrackingService.unregisterClient
03-11 17:29:33.934   789   850 I TrackingService: TrackingServiceHost Unregistering client: com.oculus.vrshell#2484
03-11 17:29:33.935  1030  1792 I chatty  : uid=1000(system) backup-0 expire 5 lines
03-11 17:29:33.971  1030 19863 I chatty  : uid=1000(system) Binder:1030_1B expire 6 lines
03-11 17:29:33.986  1030  1349 I chatty  : uid=1000(system) Binder:1030_4 expire 1 line
03-11 17:29:34.154   789   850 D TrackingService: Received transition request to SLEEP current is STANDBY
03-11 17:29:34.154   789   850 D TrackingService: Executing transition from STANDBY to SLEEP
03-11 17:29:34.154   789   850 D TrackingService: Setting power state to STANDBY
03-11 17:29:34.154   789   850 I libtracker: Setting tracker power state to 1
03-11 17:29:34.157  1030  2517 I chatty  : uid=1000(system) Binder:1030_C expire 3 lines
03-11 17:29:34.180   789  1566 I TrackingService: Unregistering client by ITrackingService.unregisterClient
03-11 17:29:34.180   789  1566 I TrackingService: TrackingServiceHost Unregistering client: com.oculus.vrshell#2351
03-11 17:29:34.181  1030  1357 I chatty  : uid=1000(system) Binder:1030_6 expire 7 lines
03-11 17:29:34.262   789  1566 I TrackingService: Unregistering client by ITrackingService.unregisterClient
03-11 17:29:34.262   789  1566 I TrackingService: TrackingServiceHost Unregistering client: com.oculus.guardian#2345
03-11 17:29:34.334   721 19761 I SyncBossFW: [info   ] {APPI}: Stopping camera streaming
03-11 17:29:34.334   721 19761 I SyncBossFW: [info   ] {BCAM}: Camera streaming stopped
03-11 17:29:34.357   789  1375 I libtracker: RUNNING -> STANDBY transition time: 202 ms
03-11 17:29:34.357   789   850 D TrackingService: Scheduling delayed transition to SLEEP in 120000ms
03-11 17:29:34.380  1409 19984 W ContextImpl: Calling a method in the system process without a qualified user: android.app.ContextImpl.sendBroadcast:1057 android.content.ContextWrapper.sendBroadcast:448 X.Je.A00:155 X.Je.handleMessage:80 android.os.Handler.dispatchMessage:107 
03-11 17:30:30.576  1030  1200 I chatty  : uid=1000(system) Binder:1030_3 expire 2 lines
03-11 17:30:57.987  1030  1380 I chatty  : uid=1000(system) Binder:1030_8 expire 2 lines
03-11 17:31:34.358   789 19996 D TrackingService: Performing delayed transition to SLEEP
03-11 17:31:34.358   789 19996 D TrackingService: Setting power state to SLEEP
03-11 17:31:34.358   789 19996 I libtracker: Setting tracker power state to 0
03-11 17:31:34.358   789  1375 D libtracker: Entering ControllerGlue::stop()
03-11 17:31:34.358   789  1375 D libtracker: ControllerGlue: setting expected mode to Disabled
03-11 17:31:34.358   789  1375 D libtracker: ControllerGlue: Setting current mode to Disabled
03-11 17:31:34.358   789  1375 D libtracker: ControllerGlue: leave mode Streaming
03-11 17:31:34.358   789  1375 D libtracker: RemoteService::handleDeviceDisconnected - device 46810af132e23f5d
03-11 17:31:34.359   789  1375 I TrackingService: Unregistering primary remote 46810af132e23f5d in slot 0
03-11 17:31:34.360   789  1375 D TrackingCore: TrackingDataPostProcessor: Unregistering 46810af132e23f5d
03-11 17:31:34.361   789  1375 D libtracker: ControllerGlue: Setting mode to Disabled
03-11 17:31:34.366   789  1375 D libtracker: ControllerGlue: enter mode Disabled
03-11 17:31:34.367   721 19761 I SyncBossFW: [info   ] {APPI}: Stopping input
03-11 17:31:34.378   721 19761 I SyncBossFW: [info   ] {APPI}: Disabling IMU
03-11 17:31:34.378   721 19761 I SyncBossFW: [info   ] {APPI}: Disabling magnetometer
03-11 17:31:34.378   721 19761 I SyncBossFW: [info   ] {APPI}: Disabling display timestamping
03-11 17:31:34.468   721   985 I SyncBossHAL: [info   ] syncboss_hal_prox.c(41): Reporting prox event: system_down
03-11 17:31:34.937   789  1375 I libtracker: STANDBY -> SLEEP transition time: 579 ms
03-11 17:31:35.171  1409 20025 W ContextImpl: Calling a method in the system process without a qualified user: android.app.ContextImpl.sendBroadcast:1057 android.content.ContextWrapper.sendBroadcast:448 X.Je.A00:155 X.Je.handleMessage:80 android.os.Handler.dispatchMessage:107 
03-11 17:32:29.115  1030  1679 I chatty  : uid=1000(system) AdbDebuggingMan expire 2 lines
03-11 17:32:29.116  1030  1051 I chatty  : uid=1000(system) android.fg expire 2 lines
03-11 17:32:54.055 18296 20071 W PackageParser: Unknown element under <manifest>: supports-gl-texture at /data/app/vmdl1762661249.tmp/base.apk Binary XML file line #22
03-11 17:32:54.103  1030  1072 I chatty  : uid=1000(system) PackageManager expire 12 lines
03-11 17:32:54.209  1030  1060 I chatty  : uid=1000(system) ActivityManager expire 1 line
03-11 17:32:54.290  1030  1072 I chatty  : uid=1000(system) PackageManager expire 10 lines
03-11 17:32:54.511  1030  1059 I chatty  : uid=1000(system) android.bg expire 2 lines
03-11 17:32:54.575  1030  1380 I chatty  : uid=1000(system) Binder:1030_8 expire 1 line
03-11 17:32:54.722  1030  1200 I chatty  : uid=1000(system) Binder:1030_3 expire 8 lines
03-11 17:32:55.019  1030  1061 I chatty  : uid=1000(system) ActivityManager expire 1 line
03-11 17:32:56.674  1030  1679 I chatty  : uid=1000(system) AdbDebuggingMan expire 2 lines
03-11 17:32:56.675  1030  1051 I chatty  : uid=1000(system) android.fg expire 2 lines
03-11 17:32:59.083  1030  1776 I chatty  : uid=1000(system) LazyTaskWriterT expire 1 line
03-11 17:33:01.428   721   985 I SyncBossHAL: [info   ] syncboss_hal_prox.c(41): Reporting prox event: system_up
03-11 17:33:01.430  1030  1030 I chatty  : uid=1000 system_server expire 8 lines
03-11 17:33:01.432  1030  1069 I chatty  : uid=1000(system) PowerManagerSer expire 5 lines
03-11 17:33:01.434   789  1566 D TrackingService: Cancelling delayed transition to SLEEP
03-11 17:33:01.434   789  1566 D TrackingService: Received transition request to RUNNING current is SLEEP
03-11 17:33:01.434   789  1566 D TrackingService: Executing transition from SLEEP to STANDBY
03-11 17:33:01.434   789  1566 D TrackingService: Setting power state to STANDBY
03-11 17:33:01.455   789  1566 I libtracker: Setting tracker power state to 1
03-11 17:33:01.459  1030  1054 I chatty  : uid=1000(system) android.display expire 2 lines
03-11 17:33:01.512   789   850 I TrackingService: TrackingService::getSharedMemoryFileDescriptor
03-11 17:33:01.513   789   850 I TrackingService: TrackingService::registerClient
03-11 17:33:01.514   721   989 I SyncBossHAL: [info   ] syncboss_telemetry.c(90): Successfully loaded telmetry library (v11.0)
03-11 17:33:01.517   789   850 I TrackingService: Registering client with TrackingServiceHost (com.oculus.vrshell#2351)
03-11 17:33:01.517   789   850 I TrackingService: TrackingServiceHost GetSharedMemoryFileDescriptor for client com.oculus.vrshell#2351
03-11 17:33:01.517   789   850 I TrackingService: TrackingServiceHost registered common client; there are 0 secure clients
03-11 17:33:01.527   721 20172 E SyncBossFW:  prox_set_calibration called. on: 59, off: 41, cancellation: 5
03-11 17:33:01.527   721 20172 E SyncBossFW: [info   ] {VCNL}: Setting prox config: on: 59, off: 41, canc: 5
03-11 17:33:01.527   721 20172 E SyncBossFW: [info   ] {APPI}: Enabling prox sensor
03-11 17:33:01.527   721 20172 E SyncBossFW: [info   ] {WAKE}: Enabling prox wakeup
03-11 17:33:01.527   721 20172 E SyncBossFW: [info   ] {VCNL}: Setting prox config: on: 59, of
03-11 17:33:01.527   721 20172 E SyncBossFW: f: 41, canc: 5
03-11 17:33:01.527   721   989 I SyncBossHAL: [info   ] syncboss_hal_impl_common.c(184): Detected firmware version: v2.7.0. Built Dec 21 2020 15:04:10 by twsvcscm@sandcastle4659. with cc 4.8.5. Git SHA 1f87a0932a0d
03-11 17:33:01.538   721 20172 I SyncBossFW: [info   ] {APPI}: Enabling display timestamping
03-11 17:33:01.538   721 20172 I SyncBossFW: [info   ] {APPI}: Enabling IMU
03-11 17:33:01.538   721 20172 I SyncBossFW: [info   ] {APPI}: Found 0 connected pulsar devices
03-11 17:33:01.538   721 20172 I SyncBossFW: [info   ] {APPI}: Enabling magnetometer
03-11 17:33:01.538   721 20172 I SyncBossFW: [info   ] {APPI}: Enabling mag streaming.  Temperature comp enabled
03-11 17:33:01.546   789  1375 I libtracker: ConstellationTrackingGlue: setEnableExtendedDeadreckoning to false
03-11 17:33:01.547   789  1375 D libtracker: Entering ControllerGlue::start()
03-11 17:33:01.547   789  1375 D libtracker: ControllerGlue: setting expected mode to Streaming
03-11 17:33:01.547   789  1375 D libtracker: ControllerGlue: Setting current mode to Streaming
03-11 17:33:01.547   789  1375 D libtracker: ControllerGlue: leave mode Disabled
03-11 17:33:01.547   789  1375 D libtracker: ControllerGlue: Setting mode to Streaming
03-11 17:33:01.551   721   989 I SyncBossHAL: [info   ] syncboss_hal_props.c(22): Property name "pulsar_blacklist" too long
03-11 17:33:01.551   721   989 I SyncBossHAL: [info   ] syncboss_hal_impl_input.c(246): No pulsar frequency blacklist set
03-11 17:33:01.551   721   989 I SyncBossHAL: [info   ] syncboss_hal_impl_input.c(267): No AFH behavior specified, enabled by default
03-11 17:33:01.551   721   989 I SyncBossHAL: [info   ] syncboss_hal_impl_input.c(300): Input device auto-whitelisting disabled
03-11 17:33:01.556   789  1375 D libtracker: ControllerGlue: enter mode Streaming
03-11 17:33:01.556   789  1375 I libtracker: SLEEP -> STANDBY transition time: 100 ms
03-11 17:33:01.556   789  1566 D TrackingService: Executing transition from STANDBY to RUNNING
03-11 17:33:01.556   789  1566 D TrackingService: Setting power state to RUNNING
03-11 17:33:01.557   789  1566 I libtracker: Setting tracker power state to 2
03-11 17:33:01.558   789  1375 I libtracker: Setting initial exposure: 0.005000, initial gain: 3.000000
03-11 17:33:01.558   721 20172 I SyncBossFW: [info   ] {WIHO}: Pulsar device auto-whitelisting disabled
03-11 17:33:01.558   721 20172 I SyncBossFW: [info   ] {APPI}: Starting input
03-11 17:33:01.568   721 20172 E SyncBossFW: [error  ] {CAM }: Frame tag mode is not enabled, cannot use this API.
03-11 17:33:01.574   721 20198 E SyncBossHAL: [error  ] double_tap.cpp(67): DoubleTap: Detected non-monotonic timestamp (146824 <= 199200937)
03-11 17:33:01.637   721 20175 I SyncBossHAL: [info   ] syncboss_hal_impl_input.c(675): Pulsar connected devices state change: 1
03-11 17:33:01.639   721 20172 I SyncBossFW: [info   ] {WIHO}: Pulsar device connected 46810af132e23f5d (type: 8011401, connection id: 0x1)
03-11 17:33:01.720   721 20172 I SyncBossFW: [info   ] {BCAM}: OV7251 sensors found - 0xf
03-11 17:33:01.740   721 20172 I SyncBossFW: [info   ] {APPI}: Camera probe, found: 0xf
03-11 17:33:01.758   721 20197 I SyncBossHAL: [info   ] pulsar_manager.c(421): 46810af1xxxxxxxx: Configuring IR LED to ontime = 34, period = 33333
03-11 17:33:01.764   721 20197 I SyncBossHAL: [info   ] pulsar_manager.c(304): Finished getting cache data for controller
03-11 17:33:01.764   721 20197 I SyncBossHAL:     id            : 46810af1xxxxxxxx
03-11 17:33:01.764   721 20197 I SyncBossHAL:     pulsar_type   : 0x08011401
03-11 17:33:01.764   721 20197 I SyncBossHAL:     connection id : 0x1
03-11 17:33:01.764   721 20197 I SyncBossHAL:     fw ver        : 1.6.0
03-11 17:33:01.764   721 20197 I SyncBossHAL:     spl ver       : 1.5.0
03-11 17:33:01.764   721 20197 I SyncBossHAL:     serial        : 1WMHCRD0JJ0496
03-11 17:33:01.764   721 20197 I SyncBossHAL:     handedness    : right
03-11 17:33:01.764   721 20197 I SyncBossHAL:     battery state : 50%
03-11 17:33:01.764   721 20197 I SyncBossHAL: [info   ] pulsar_manager.c(318): Jedi-specific cache data:
03-11 17:33:01.764   721 20197 I SyncBossHAL:     captouch ver  : 1.4.0
03-11 17:33:01.768   721 20197 I SyncBossHAL: [info   ] pulsar_manager.c(708): Setting controller LED config to period: 33333us, on-time: 34us
03-11 17:33:01.769   789 20207 D TrackingCore: TrackingDataPostProcessor: Registered 46810af132e23f5d
03-11 17:33:01.769   789 20207 I TrackingService: Registering primary controller 46810af132e23f5d in slot 0
03-11 17:33:01.769   789 20207 I TrackingService: Notifying client com.oculus.systemdriver#1961 of new primary remote 46810af132e23f5d
03-11 17:33:01.770   789 20207 I TrackingService: Notifying client com.oculus.guardian#2345 of new primary remote 46810af132e23f5d
03-11 17:33:01.770   789 20207 I TrackingService: Notifying client /system/bin/mrsystemservice of new primary remote 46810af132e23f5d
03-11 17:33:01.770   721 20172 I SyncBossFW: [info   ] {APPI}: Found 1 connected pulsar devices
03-11 17:33:01.771   789 20207 I TrackingService: Notifying client com.oculus.vrshell#2351 of new primary remote 46810af132e23f5d
03-11 17:33:01.775   721 20197 I SyncBossHAL: [info   ] pulsar_manager.c(743): Setting transmit power for all connected controllers to 0 dBm
03-11 17:33:01.786   789 20207 W libtracker: Attempted to control leds, but gatekeeper is disabled. Skipping operation.
03-11 17:33:01.786   789 20207 D TrackingService: [HANDTRACKING] Controller 46810af132e23f5d in hand: Y, valid: Y
03-11 17:33:01.810   789  1375 E libtracker: Resetting CameraMuxMode default which is already set
03-11 17:33:01.810   789  1375 D libtracker: VisionManagerHmd: Acquiring handleHandTrackingSettingChange lock
03-11 17:33:01.811   789  1375 D libtracker: VisionManagerHmd: Handling hand tracking setting disable
03-11 17:33:01.811   721 20172 I SyncBossFW: [info   ] {APPI}: Starting camera streaming
03-11 17:33:01.811   721 20172 I SyncBossFW: [info   ] {BCAM}: Camera streaming started
