--------- beginning of system
03-11 03:58:23.727   559 22212 I vold    : [libfs_mgr]dt_fstab: Skip disabled entry for partition vendor
03-11 03:58:23.728   559 22212 D vold    : Start Dev GC on /sys/devices/platform/soc/1d84000.ufshc/manual_gc
03-11 03:58:23.728   559 22212 W vold    : Reading manual_gc failed in /sys/devices/platform/soc/1d84000.ufshc/manual_gc: No such file or directory
03-11 03:58:23.728   559 22212 D vold    : Stop Dev GC on /sys/devices/platform/soc/1d84000.ufshc/manual_gc
03-11 03:58:23.728   559 22212 W vold    : Stop Dev GC failed on /sys/devices/platform/soc/1d84000.ufshc/manual_gc: Permission denied
03-11 03:58:23.728   559 22212 D vold    : idle maintenance completed
03-11 03:58:23.728  1030  1059 I chatty  : uid=1000(system) android.bg expire 10 lines
03-11 03:58:33.748   559 22213 D vold    : idle maintenance started
03-11 03:58:33.750   559 22213 I vold    : [libfs_mgr]dt_fstab: Skip disabled entry for partition vendor
03-11 03:58:33.755   559 22213 D vold    : Start GC on /sys/fs/f2fs/dm-6
03-11 03:58:33.756   559 22213 D vold    : Stop GC on /sys/fs/f2fs/dm-6
03-11 03:58:33.757   559 22213 I vold    : [libfs_mgr]dt_fstab: Skip disabled entry for partition vendor
03-11 03:58:33.759   559 22213 D vold    : Starting trim of /metadata
03-11 03:58:33.759   559 22213 I vold    : Trimmed 0 bytes on /metadata in 0ms
03-11 03:58:33.759   559 22213 D vold    : Starting trim of /data
03-11 03:58:33.766   559 22213 I vold    : Trimmed 0 bytes on /data in 6ms
03-11 03:58:33.766   559 22213 D vold    : Starting trim of none
03-11 03:58:33.766   559 22213 W vold    : Failed to open none: No such file or directory
03-11 03:58:33.768   559 22213 I vold    : [libfs_mgr]dt_fstab: Skip disabled entry for partition vendor
03-11 03:58:33.769   559 22213 D vold    : Start Dev GC on /sys/devices/platform/soc/1d84000.ufshc/manual_gc
03-11 03:58:33.769   559 22213 W vold    : Reading manual_gc failed in /sys/devices/platform/soc/1d84000.ufshc/manual_gc: No such file or directory
03-11 03:58:33.769   559 22213 D vold    : Stop Dev GC on /sys/devices/platform/soc/1d84000.ufshc/manual_gc
03-11 03:58:33.769   559 22213 W vold    : Stop Dev GC failed on /sys/devices/platform/soc/1d84000.ufshc/manual_gc: Permission denied
03-11 03:58:33.769   559 22213 D vold    : idle maintenance completed
03-11 03:58:43.779  1030  1030 I chatty  : uid=1000 system_server expire 10 lines
03-11 03:58:43.786   559 22216 D vold    : idle maintenance started
03-11 03:58:43.788   559 22216 I vold    : [libfs_mgr]dt_fstab: Skip disabled entry for partition vendor
03-11 03:58:43.792   559 22216 D vold    : Start GC on /sys/fs/f2fs/dm-6
03-11 03:58:43.793   559 22216 D vold    : Stop GC on /sys/fs/f2fs/dm-6
03-11 03:58:43.794   559 22216 I vold    : [libfs_mgr]dt_fstab: Skip disabled entry for partition vendor
03-11 03:58:43.796   559 22216 D vold    : Starting trim of /metadata
03-11 03:58:43.796   559 22216 I vold    : Trimmed 0 bytes on /metadata in 0ms
03-11 03:58:43.797   559 22216 D vold    : Starting trim of /data
03-11 03:58:43.826   559 22216 I vold    : Trimmed 0 bytes on /data in 29ms
03-11 03:58:43.826   559 22216 D vold    : Starting trim of none
03-11 03:58:43.826   559 22216 W vold    : Failed to open none: No such file or directory
03-11 03:58:43.827   559 22216 I vold    : [libfs_mgr]dt_fstab: Skip disabled entry for partition vendor
03-11 03:58:43.828   559 22216 D vold    : Start Dev GC on /sys/devices/platform/soc/1d84000.ufshc/manual_gc
03-11 03:58:43.828   559 22216 W vold    : Reading manual_gc failed in /sys/devices/platform/soc/1d84000.ufshc/manual_gc: No such file or directory
03-11 03:58:43.828   559 22216 D vold    : Stop Dev GC on /sys/devices/platform/soc/1d84000.ufshc/manual_gc
03-11 03:58:43.828   559 22216 W vold    : Stop Dev GC failed on /sys/devices/platform/soc/1d84000.ufshc/manual_gc: Permission denied
03-11 03:58:43.829   559 22216 D vold    : idle maintenance completed
03-11 03:58:53.849   559 22221 D vold    : idle maintenance started
03-11 03:58:53.851   559 22221 I vold    : [libfs_mgr]dt_fstab: Skip disabled entry for partition vendor
03-11 03:58:53.857   559 22221 D vold    : Start GC on /sys/fs/f2fs/dm-6
03-11 03:58:53.857   559 22221 D vold    : Stop GC on /sys/fs/f2fs/dm-6
03-11 03:58:53.859   559 22221 I vold    : [libfs_mgr]dt_fstab: Skip disabled entry for partition vendor
03-11 03:58:53.862   559 22221 D vold    : Starting trim of /metadata
03-11 03:58:53.862   559 22221 I vold    : Trimmed 0 bytes on /metadata in 0ms
03-11 03:58:53.862   559 22221 D vold    : Starting trim of /data
03-11 03:58:53.863   559 22221 I vold    : Trimmed 0 bytes on /data in 0ms
03-11 03:58:53.863   559 22221 D vold    : Starting trim of none
03-11 03:58:53.863   559 22221 W vold    : Failed to open none: No such file or directory
03-11 03:58:53.867   559 22221 I vold    : [libfs_mgr]dt_fstab: Skip disabled entry for partition vendor
03-11 03:58:53.870   559 22221 D vold    : Start Dev GC on /sys/devices/platform/soc/1d84000.ufshc/manual_gc
03-11 03:58:53.870   559 22221 W vold    : Reading manual_gc failed in /sys/devices/platform/soc/1d84000.ufshc/manual_gc: No such file or directory
03-11 03:58:53.871   559 22221 D vold    : Stop Dev GC on /sys/devices/platform/soc/1d84000.ufshc/manual_gc
03-11 03:58:53.871   559 22221 W vold    : Stop Dev GC failed on /sys/devices/platform/soc/1d84000.ufshc/manual_gc: Permission denied
03-11 03:58:53.871   559 22221 D vold    : idle maintenance completed
03-11 03:59:03.883   559 22222 D vold    : idle maintenance started
03-11 03:59:03.883   559 22222 I vold    : [libfs_mgr]dt_fstab: Skip disabled entry for partition vendor
03-11 03:59:03.885   559 22222 D vold    : Start GC on /sys/fs/f2fs/dm-6
03-11 03:59:03.885   559 22222 D vold    : Stop GC on /sys/fs/f2fs/dm-6
03-11 03:59:03.886   559 22222 I vold    : [libfs_mgr]dt_fstab: Skip disabled entry for partition vendor
03-11 03:59:03.886   559 22222 D vold    : Starting trim of /metadata
03-11 03:59:03.886   559 22222 I vold    : Trimmed 0 bytes on /metadata in 0ms
03-11 03:59:03.886   559 22222 D vold    : Starting trim of /data
03-11 03:59:03.892   559 22222 I vold    : Trimmed 0 bytes on /data in 5ms
03-11 03:59:03.892   559 22222 D vold    : Starting trim of none
03-11 03:59:03.892   559 22222 W vold    : Failed to open none: No such file or directory
03-11 03:59:03.893   559 22222 I vold    : [libfs_mgr]dt_fstab: Skip disabled entry for partition vendor
03-11 03:59:03.894   559 22222 D vold    : Start Dev GC on /sys/devices/platform/soc/1d84000.ufshc/manual_gc
03-11 03:59:03.894   559 22222 W vold    : Reading manual_gc failed in /sys/devices/platform/soc/1d84000.ufshc/manual_gc: No such file or directory
03-11 03:59:03.894   559 22222 D vold    : Stop Dev GC on /sys/devices/platform/soc/1d84000.ufshc/manual_gc
03-11 03:59:03.894   559 22222 W vold    : Stop Dev GC failed on /sys/devices/platform/soc/1d84000.ufshc/manual_gc: Permission denied
03-11 03:59:03.894   559 22222 D vold    : idle maintenance completed
03-11 03:59:13.916   559 22224 D vold    : idle maintenance started
03-11 03:59:13.917   559 22224 I vold    : [libfs_mgr]dt_fstab: Skip disabled entry for partition vendor
03-11 03:59:13.920   559 22224 D vold    : Start GC on /sys/fs/f2fs/dm-6
03-11 03:59:13.920   559 22224 D vold    : Stop GC on /sys/fs/f2fs/dm-6
03-11 03:59:13.920   559 22224 I vold    : [libfs_mgr]dt_fstab: Skip disabled entry for partition vendor
03-11 03:59:13.921   559 22224 D vold    : Starting trim of /metadata
03-11 03:59:13.921   559 22224 I vold    : Trimmed 0 bytes on /metadata in 0ms
03-11 03:59:13.921   559 22224 D vold    : Starting trim of /data
03-11 03:59:13.955   559 22224 I vold    : Trimmed 0 bytes on /data in 33ms
03-11 03:59:13.955   559 22224 D vold    : Starting trim of none
03-11 03:59:13.955   559 22224 W vold    : Failed to open none: No such file or directory
03-11 03:59:13.957   559 22224 I vold    : [libfs_mgr]dt_fstab: Skip disabled entry for partition vendor
03-11 03:59:13.957   559 22224 D vold    : Start Dev GC on /sys/devices/platform/soc/1d84000.ufshc/manual_gc
03-11 03:59:13.957   559 22224 W vold    : Reading manual_gc failed in /sys/devices/platform/soc/1d84000.ufshc/manual_gc: No such file or directory
03-11 03:59:13.958   559 22224 D vold    : Stop Dev GC on /sys/devices/platform/soc/1d84000.ufshc/manual_gc
03-11 03:59:13.958   559 22224 W vold    : Stop Dev GC failed on /sys/devices/platform/soc/1d84000.ufshc/manual_gc: Permission denied
03-11 03:59:13.958   559 22224 D vold    : idle maintenance completed
03-11 03:59:23.979   559 22226 D vold    : idle maintenance started
03-11 03:59:23.980   559 22226 I vold    : [libfs_mgr]dt_fstab: Skip disabled entry for partition vendor
03-11 03:59:23.982   559 22226 D vold    : Start GC on /sys/fs/f2fs/dm-6
03-11 03:59:23.982   559 22226 D vold    : Stop GC on /sys/fs/f2fs/dm-6
03-11 03:59:23.983   559 22226 I vold    : [libfs_mgr]dt_fstab: Skip disabled entry for partition vendor
03-11 03:59:23.984   559 22226 D vold    : Starting trim of /metadata
03-11 03:59:23.984   559 22226 I vold    : Trimmed 0 bytes on /metadata in 0ms
03-11 03:59:23.984   559 22226 D vold    : Starting trim of /data
03-11 03:59:23.984   559 22226 I vold    : Trimmed 0 bytes on /data in 0ms
03-11 03:59:23.984   559 22226 D vold    : Starting trim of none
03-11 03:59:23.984   559 22226 W vold    : Failed to open none: No such file or directory
03-11 03:59:23.986   559 22226 I vold    : [libfs_mgr]dt_fstab: Skip disabled entry for partition vendor
03-11 03:59:23.987   559 22226 D vold    : Start Dev GC on /sys/devices/platform/soc/1d84000.ufshc/manual_gc
03-11 03:59:23.987   559 22226 W vold    : Reading manual_gc failed in /sys/devices/platform/soc/1d84000.ufshc/manual_gc: No such file or directory
03-11 03:59:23.987   559 22226 D vold    : Stop Dev GC on /sys/devices/platform/soc/1d84000.ufshc/manual_gc
03-11 03:59:23.987   559 22226 W vold    : Stop Dev GC failed on /sys/devices/platform/soc/1d84000.ufshc/manual_gc: Permission denied
03-11 03:59:23.987   559 22226 D vold    : idle maintenance completed
03-11 03:59:34.002  1030  1030 I chatty  : uid=1000 system_server expire 17 lines
03-11 03:59:34.011   559 22227 D vold    : idle maintenance started
03-11 03:59:34.013   559 22227 I vold    : [libfs_mgr]dt_fstab: Skip disabled entry for partition vendor
03-11 03:59:34.018   559 22227 D vold    : Start GC on /sys/fs/f2fs/dm-6
03-11 03:59:34.019   559 22227 D vold    : Stop GC on /sys/fs/f2fs/dm-6
03-11 03:59:34.019   559 22227 I vold    : [libfs_mgr]dt_fstab: Skip disabled entry for partition vendor
03-11 03:59:34.020   559 22227 D vold    : Starting trim of /metadata
03-11 03:59:34.020   559 22227 I vold    : Trimmed 0 bytes on /metadata in 0ms
03-11 03:59:34.020   559 22227 D vold    : Starting trim of /data
03-11 03:59:34.031   559 22227 I vold    : Trimmed 0 bytes on /data in 10ms
03-11 03:59:34.031   559 22227 D vold    : Starting trim of none
03-11 03:59:34.031   559 22227 W vold    : Failed to open none: No such file or directory
03-11 03:59:34.032   559 22227 I vold    : [libfs_mgr]dt_fstab: Skip disabled entry for partition vendor
03-11 03:59:34.032   559 22227 D vold    : Start Dev GC on /sys/devices/platform/soc/1d84000.ufshc/manual_gc
03-11 03:59:34.032   559 22227 W vold    : Reading manual_gc failed in /sys/devices/platform/soc/1d84000.ufshc/manual_gc: No such file or directory
03-11 03:59:34.032   559 22227 D vold    : Stop Dev GC on /sys/devices/platform/soc/1d84000.ufshc/manual_gc
03-11 03:59:34.032   559 22227 W vold    : Stop Dev GC failed on /sys/devices/platform/soc/1d84000.ufshc/manual_gc: Permission denied
03-11 03:59:34.033   559 22227 D vold    : idle maintenance completed
03-11 03:59:44.053   559 22229 D vold    : idle maintenance started
03-11 03:59:44.055   559 22229 I vold    : [libfs_mgr]dt_fstab: Skip disabled entry for partition vendor
03-11 03:59:44.059   559 22229 D vold    : Start GC on /sys/fs/f2fs/dm-6
03-11 03:59:44.059   559 22229 D vold    : Stop GC on /sys/fs/f2fs/dm-6
03-11 03:59:44.060   559 22229 I vold    : [libfs_mgr]dt_fstab: Skip disabled entry for partition vendor
03-11 03:59:44.061   559 22229 D vold    : Starting trim of /metadata
03-11 03:59:44.061   559 22229 I vold    : Trimmed 0 bytes on /metadata in 0ms
03-11 03:59:44.061   559 22229 D vold    : Starting trim of /data
03-11 03:59:44.065   559 22229 I vold    : Trimmed 0 bytes on /data in 4ms
03-11 03:59:44.065   559 22229 D vold    : Starting trim of none
03-11 03:59:44.065   559 22229 W vold    : Failed to open none: No such file or directory
03-11 03:59:44.067   559 22229 I vold    : [libfs_mgr]dt_fstab: Skip disabled entry for partition vendor
03-11 03:59:44.068   559 22229 D vold    : Start Dev GC on /sys/devices/platform/soc/1d84000.ufshc/manual_gc
03-11 03:59:44.068   559 22229 W vold    : Reading manual_gc failed in /sys/devices/platform/soc/1d84000.ufshc/manual_gc: No such file or directory
03-11 03:59:44.068   559 22229 D vold    : Stop Dev GC on /sys/devices/platform/soc/1d84000.ufshc/manual_gc
03-11 03:59:44.068   559 22229 W vold    : Stop Dev GC failed on /sys/devices/platform/soc/1d84000.ufshc/manual_gc: Permission denied
03-11 03:59:44.068   559 22229 D vold    : idle maintenance completed
03-11 03:59:54.089   559 22231 D vold    : idle maintenance started
03-11 03:59:54.090   559 22231 I vold    : [libfs_mgr]dt_fstab: Skip disabled entry for partition vendor
03-11 03:59:54.093   559 22231 D vold    : Start GC on /sys/fs/f2fs/dm-6
03-11 03:59:54.093   559 22231 D vold    : Stop GC on /sys/fs/f2fs/dm-6
03-11 03:59:54.094   559 22231 I vold    : [libfs_mgr]dt_fstab: Skip disabled entry for partition vendor
03-11 03:59:54.095   559 22231 D vold    : Starting trim of /metadata
03-11 03:59:54.095   559 22231 I vold    : Trimmed 0 bytes on /metadata in 0ms
03-11 03:59:54.096   559 22231 D vold    : Starting trim of /data
03-11 03:59:54.096   559 22231 I vold    : Trimmed 0 bytes on /data in 0ms
03-11 03:59:54.096   559 22231 D vold    : Starting trim of none
03-11 03:59:54.096   559 22231 W vold    : Failed to open none: No such file or directory
03-11 03:59:54.098   559 22231 I vold    : [libfs_mgr]dt_fstab: Skip disabled entry for partition vendor
03-11 03:59:54.100   559 22231 D vold    : Start Dev GC on /sys/devices/platform/soc/1d84000.ufshc/manual_gc
03-11 03:59:54.100   559 22231 W vold    : Reading manual_gc failed in /sys/devices/platform/soc/1d84000.ufshc/manual_gc: No such file or directory
03-11 03:59:54.100   559 22231 D vold    : Stop Dev GC on /sys/devices/platform/soc/1d84000.ufshc/manual_gc
03-11 03:59:54.100   559 22231 W vold    : Stop Dev GC failed on /sys/devices/platform/soc/1d84000.ufshc/manual_gc: Permission denied
03-11 03:59:54.100   559 22231 D vold    : idle maintenance completed
03-11 04:00:04.122   559 22233 D vold    : idle maintenance started
03-11 04:00:04.122   559 22233 I vold    : [libfs_mgr]dt_fstab: Skip disabled entry for partition vendor
03-11 04:00:04.124   559 22233 D vold    : Start GC on /sys/fs/f2fs/dm-6
03-11 04:00:04.125   559 22233 D vold    : Stop GC on /sys/fs/f2fs/dm-6
03-11 04:00:04.125   559 22233 I vold    : [libfs_mgr]dt_fstab: Skip disabled entry for partition vendor
03-11 04:00:04.126   559 22233 D vold    : Starting trim of /metadata
03-11 04:00:04.126   559 22233 I vold    : Trimmed 0 bytes on /metadata in 0ms
03-11 04:00:04.126   559 22233 D vold    : Starting trim of /data
03-11 04:00:04.126   559 22233 I vold    : Trimmed 0 bytes on /data in 0ms
03-11 04:00:04.126   559 22233 D vold    : Starting trim of none
03-11 04:00:04.126   559 22233 W vold    : Failed to open none: No such file or directory
03-11 04:00:04.127   559 22233 I vold    : [libfs_mgr]dt_fstab: Skip disabled entry for partition vendor
03-11 04:00:04.128   559 22233 D vold    : Start Dev GC on /sys/devices/platform/soc/1d84000.ufshc/manual_gc
03-11 04:00:04.128   559 22233 W vold    : Reading manual_gc failed in /sys/devices/platform/soc/1d84000.ufshc/manual_gc: No such file or directory
03-11 04:00:04.128   559 22233 D vold    : Stop Dev GC on /sys/devices/platform/soc/1d84000.ufshc/manual_gc
03-11 04:00:04.129   559 22233 W vold    : Stop Dev GC failed on /sys/devices/platform/soc/1d84000.ufshc/manual_gc: Permission denied
03-11 04:00:04.129   559 22233 D vold    : idle maintenance completed
03-11 04:00:04.129  1030  1059 I chatty  : uid=1000(system) android.bg expire 3 lines
03-11 04:00:20.903  1030  1047 I chatty  : uid=1000(system) Binder:1030_2 expire 5 lines
03-11 04:01:14.580  1030 13564 I chatty  : uid=1000(system) Binder:1030_E expire 5 lines
03-11 04:02:43.269  1030  1349 I chatty  : uid=1000(system) Binder:1030_4 expire 3 lines
03-11 04:03:25.323  1030  1357 I chatty  : uid=1000(system) Binder:1030_6 expire 6 lines
03-11 04:04:16.497  1030 17838 I chatty  : uid=1000(system) Binder:1030_F expire 5 lines
03-11 04:07:17.479  1030  1353 I chatty  : uid=1000(system) Binder:1030_5 expire 7 lines
03-11 04:11:06.680  1030  1030 I chatty  : uid=1000 system_server expire 23 lines
03-11 04:13:48.505  1030  1051 I chatty  : uid=1000(system) android.fg expire 2 lines
03-11 04:14:16.985  1409 22758 I chatty  : uid=1000(system) com.oculus.unifiedtelemetry expire 1 line
03-11 04:22:48.390  1030  1130 I chatty  : uid=1000(system) NetworkStats expire 1 line
03-11 04:23:21.510  1030  1200 I chatty  : uid=1000(system) Binder:1030_3 expire 2 lines
03-11 04:26:43.216  1030  1381 I chatty  : uid=1000(system) Binder:1030_9 expire 8 lines
03-11 04:30:55.668  1409 23293 I chatty  : uid=1000(system) com.oculus.unifiedtelemetry expire 1 line
03-11 04:31:00.167  1030  1030 I chatty  : uid=1000 system_server expire 59 lines
03-11 04:46:15.862  1409 23744 I chatty  : uid=1000(system) com.oculus.unifiedtelemetry expire 1 line
03-11 04:52:35.903  1030  1065 I chatty  : uid=1000(system) batterystats-wo expire 2 lines
03-11 04:52:47.915  1030  1053 I chatty  : uid=1000(system) android.io expire 2 lines
03-11 04:52:50.874  1030  1130 I chatty  : uid=1000(system) NetworkStats expire 2 lines
03-11 04:53:26.913  1030  1357 I chatty  : uid=1000(system) Binder:1030_6 expire 2 lines
03-11 04:54:15.922  1030  1047 I chatty  : uid=1000(system) Binder:1030_2 expire 4 lines
03-11 04:54:56.812  1030 13564 I chatty  : uid=1000(system) Binder:1030_E expire 7 lines
03-11 04:55:33.010  1030  1051 I chatty  : uid=1000(system) android.fg expire 2 lines
03-11 04:56:42.971  1030  1353 I chatty  : uid=1000(system) Binder:1030_5 expire 2 lines
03-11 05:00:43.145  1030  1381 I chatty  : uid=1000(system) Binder:1030_9 expire 5 lines
03-11 05:01:20.753  1030 17838 I chatty  : uid=1000(system) Binder:1030_F expire 6 lines
03-11 05:01:43.648  1409 24287 I chatty  : uid=1000(system) com.oculus.unifiedtelemetry expire 1 line
03-11 05:01:54.066  1030  1200 I chatty  : uid=1000(system) Binder:1030_3 expire 11 lines
03-11 05:06:35.752  1030  1358 I chatty  : uid=1000(system) Binder:1030_7 expire 3 lines
03-11 05:15:18.528  1030  1349 I chatty  : uid=1000(system) Binder:1030_4 expire 2 lines
03-11 05:18:45.198  1409 24787 I chatty  : uid=1000(system) com.oculus.unifiedtelemetry expire 1 line
03-11 05:32:56.476  1030  1030 I chatty  : uid=1000 system_server expire 31 lines
03-11 05:34:18.057  1030  1047 I chatty  : uid=1000(system) Binder:1030_2 expire 6 lines
03-11 05:36:43.089  1030 17838 I chatty  : uid=1000(system) Binder:1030_F expire 2 lines
03-11 05:37:48.739  1409 25375 I chatty  : uid=1000(system) com.oculus.unifiedtelemetry expire 1 line
03-11 05:39:16.997  1030  1059 I chatty  : uid=1000(system) android.bg expire 2 lines
03-11 05:41:26.969  1030  1381 I chatty  : uid=1000(system) Binder:1030_9 expire 5 lines
03-11 05:51:02.314  1030  1357 I chatty  : uid=1000(system) Binder:1030_6 expire 3 lines
03-11 05:52:48.435  1030  1130 I chatty  : uid=1000(system) NetworkStats expire 1 line
03-11 05:53:51.228  1409 25961 I chatty  : uid=1000(system) com.oculus.unifiedtelemetry expire 1 line
03-11 05:53:53.614  1409 25989 I chatty  : uid=1000(system) com.oculus.unifiedtelemetry expire 1 line
03-11 05:54:11.344  1030  1060 I chatty  : uid=1000(system) ActivityManager expire 5 lines
03-11 05:54:17.241  1987 26012 W PackageParser: Unknown element under <manifest>: supports-gl-texture at /data/user/0/com.oculus.ocms/files/apk_to_install/263.com.motionx.quest.xkart.apk Binary XML file line #23
03-11 05:54:55.275  1409 26026 I chatty  : uid=1000(system) com.oculus.unifiedtelemetry expire 1 line
03-11 05:55:02.018  1030  2684 I chatty  : uid=1000(system) Binder:1030_D expire 2 lines
03-11 05:55:12.963  1030  1353 I chatty  : uid=1000(system) Binder:1030_5 expire 1 line
03-11 05:55:22.976  1030 26017 I chatty  : uid=1000(system) Binder:1030_10 expire 4 lines
03-11 05:56:16.856  1409 26042 I chatty  : uid=1000(system) com.oculus.unifiedtelemetry expire 1 line
03-11 05:57:23.052  1030  1072 I chatty  : uid=1000(system) PackageManager expire 25 lines
03-11 05:57:23.188  8380 26065 W PackageParser: Unknown element under <manifest>: supports-gl-texture at /data/app/vmdl12462582.tmp/base.apk Binary XML file line #23
03-11 05:57:24.541  1030  1059 I chatty  : uid=1000(system) android.bg expire 8 lines
03-11 05:57:24.584  1030  1030 I chatty  : uid=1000 system_server expire 111 lines
03-11 05:57:24.591  1030  1061 I chatty  : uid=1000(system) ActivityManager expire 7 lines
03-11 05:57:24.675  1030  1353 I chatty  : uid=1000(system) Binder:1030_5 expire 11 lines
03-11 05:57:51.059  1030  2131 I chatty  : uid=1000(system) Binder:1030_B expire 11 lines
03-11 05:57:53.227  1030  1046 I chatty  : uid=1000(system) Binder:1030_1 expire 1 line
03-11 05:58:43.086  1030  2025 I chatty  : uid=1000(system) Binder:1030_A expire 1 line
03-11 05:59:53.347  1030  1200 I chatty  : uid=1000(system) Binder:1030_3 expire 1 line
03-11 06:01:03.365  1030 26017 I chatty  : uid=1000(system) Binder:1030_10 expire 5 lines
03-11 06:01:23.379  1030  1060 I chatty  : uid=1000(system) ActivityManager expire 1 line
03-11 06:01:23.386  1030  1357 I chatty  : uid=1000(system) Binder:1030_6 expire 1 line
03-11 06:02:43.083  1030 17838 I chatty  : uid=1000(system) Binder:1030_F expire 7 lines
03-11 06:07:35.480  1030  2517 I chatty  : uid=1000(system) Binder:1030_C expire 8 lines
03-11 06:10:43.083  1030  1381 I chatty  : uid=1000(system) Binder:1030_9 expire 11 lines
03-11 06:11:17.264  1409 26634 I chatty  : uid=1000(system) com.oculus.unifiedtelemetry expire 1 line
03-11 06:22:48.195  1030  1130 I chatty  : uid=1000(system) NetworkStats expire 2 lines
03-11 06:22:55.813  1030  1051 I chatty  : uid=1000(system) android.fg expire 2 lines
03-11 06:26:17.746  1409 27116 I chatty  : uid=1000(system) com.oculus.unifiedtelemetry expire 1 line
03-11 06:32:50.094  1030  1047 I chatty  : uid=1000(system) Binder:1030_2 expire 8 lines
03-11 06:42:23.313  1409 27654 I chatty  : uid=1000(system) com.oculus.unifiedtelemetry expire 1 line
03-11 06:44:46.686  1030  1065 I chatty  : uid=1000(system) batterystats-wo expire 2 lines
03-11 06:58:47.140  1030  1349 I chatty  : uid=1000(system) Binder:1030_4 expire 3 lines
03-11 06:58:47.300  1409 28131 I chatty  : uid=1000(system) com.oculus.unifiedtelemetry expire 1 line
03-11 07:00:00.006  1030  1030 I chatty  : uid=1000 system_server expire 40 lines
03-11 07:01:58.218  1030  2131 I chatty  : uid=1000(system) Binder:1030_B expire 5 lines
03-11 07:07:07.300  1030  1051 I chatty  : uid=1000(system) android.fg expire 3 lines
03-11 07:08:34.977  1030 17838 I chatty  : uid=1000(system) Binder:1030_F expire 5 lines
03-11 07:13:50.681  1409 28786 I chatty  : uid=1000(system) com.oculus.unifiedtelemetry expire 1 line
03-11 07:22:43.028  1030  1381 I chatty  : uid=1000(system) Binder:1030_9 expire 4 lines
03-11 07:22:51.838  1030  1109 I chatty  : uid=1000(system) AlarmManager expire 1 line
03-11 07:22:51.867  1030  1130 I chatty  : uid=1000(system) NetworkStats expire 2 lines
03-11 07:22:51.873  1030  1118 I chatty  : uid=1000(system) NetworkWatchlis expire 2 lines
03-11 07:22:51.888  2028  2233 D DownloadManager: Removed 0 stale downloads
03-11 07:22:51.898  2028  2233 D DownloadManager: Missing /storage/emulated/0/Download/oculus_downloaded_apks/260.com.motionx.quest.xkart.obb_patch_downloading, deleting 241
03-11 07:22:52.017  2028  2233 D DownloadManager: Missing /storage/emulated/0/Download/oculus_downloaded_apks/263.com.motionx.quest.xkart.apk_patch_downloading, deleting 242
03-11 07:22:52.029  2028  2233 D DownloadManager: Missing /storage/emulated/0/Download/oculus_downloaded_apks/262.com.motionx.quest.xkart.asset_downloading, deleting 243
03-11 07:22:52.041  2028  2233 D DownloadManager: Missing /storage/emulated/0/Download/oculus_downloaded_apks/261.com.motionx.quest.xkart.asset_downloading, deleting 244
03-11 07:22:52.056  2028  2233 D DownloadManager: Found 0 files in database
03-11 07:22:52.056  2028  2233 D DownloadManager: Found 0 files on disk
03-11 07:22:59.503  1030  1060 I chatty  : uid=1000(system) ActivityManager expire 1 line
03-11 07:23:07.107  1030  1061 I chatty  : uid=1000(system) ActivityManager expire 1 line
03-11 07:24:17.918  1030  1200 I chatty  : uid=1000(system) Binder:1030_3 expire 4 lines
03-11 07:27:17.647  1030  1349 I chatty  : uid=1000(system) Binder:1030_4 expire 3 lines
03-11 07:28:11.317  1030  2517 I chatty  : uid=1000(system) Binder:1030_C expire 2 lines
03-11 07:29:20.177  1030 13564 I chatty  : uid=1000(system) Binder:1030_E expire 2 lines
03-11 07:31:16.187  1030 26280 I chatty  : uid=1000(system) Binder:1030_11 expire 6 lines
03-11 07:31:16.352  1409 29432 I chatty  : uid=1000(system) com.oculus.unifiedtelemetry expire 1 line
03-11 07:31:16.818  1409 29445 I chatty  : uid=1000(system) com.oculus.unifiedtelemetry expire 1 line
03-11 07:31:17.294  1409 29453 I chatty  : uid=1000(system) com.oculus.unifiedtelemetry expire 1 line
03-11 07:31:17.438  1409 29454 I chatty  : uid=1000(system) com.oculus.unifiedtelemetry expire 1 line
03-11 07:32:19.912  1030  1358 I chatty  : uid=1000(system) Binder:1030_7 expire 2 lines
03-11 07:34:51.949  1030  1030 I chatty  : uid=1000 system_server expire 17 lines
03-11 07:49:56.938  1030 26017 I chatty  : uid=1000(system) Binder:1030_10 expire 1 line
03-11 07:52:49.078  1409 30091 I chatty  : uid=1000(system) com.oculus.unifiedtelemetry expire 1 line
03-11 07:53:48.648  1030  1030 I chatty  : uid=1000 system_server expire 44 lines
03-11 07:59:15.659  1030  1051 I chatty  : uid=1000(system) android.fg expire 3 lines
03-11 07:59:33.780  1030  1358 I chatty  : uid=1000(system) Binder:1030_7 expire 3 lines
03-11 08:02:17.106  1030  1200 I chatty  : uid=1000(system) Binder:1030_3 expire 6 lines
03-11 08:04:19.645  1030  1381 I chatty  : uid=1000(system) Binder:1030_9 expire 4 lines
03-11 08:06:42.858  1030 17838 I chatty  : uid=1000(system) Binder:1030_F expire 6 lines
03-11 08:07:19.378  1030 26280 I chatty  : uid=1000(system) Binder:1030_11 expire 4 lines
03-11 08:09:19.996  1409 30577 I chatty  : uid=1000(system) com.oculus.unifiedtelemetry expire 1 line
03-11 08:12:42.858  1030 26017 I chatty  : uid=1000(system) Binder:1030_10 expire 4 lines
03-11 08:16:42.858  1030  2517 I chatty  : uid=1000(system) Binder:1030_C expire 3 lines
03-11 08:22:48.940  1030  1130 I chatty  : uid=1000(system) NetworkStats expire 1 line
03-11 08:24:18.085  1030  1059 I chatty  : uid=1000(system) android.bg expire 2 lines
03-11 08:25:17.826  1409 31059 I chatty  : uid=1000(system) com.oculus.unifiedtelemetry expire 1 line
03-11 08:25:17.832  1030  1030 I chatty  : uid=1000 system_server expire 66 lines
03-11 08:34:21.307  1030 26280 I chatty  : uid=1000(system) Binder:1030_11 expire 3 lines
03-11 08:35:06.210  1030 17838 I chatty  : uid=1000(system) Binder:1030_F expire 7 lines
03-11 08:36:21.302  1030  1051 I chatty  : uid=1000(system) android.fg expire 2 lines
03-11 08:38:42.781  1030  2517 I chatty  : uid=1000(system) Binder:1030_C expire 3 lines
03-11 08:40:20.037  1409 31517 I chatty  : uid=1000(system) com.oculus.unifiedtelemetry expire 1 line
03-11 08:42:15.700  1030  1358 I chatty  : uid=1000(system) Binder:1030_7 expire 1 line
03-11 08:43:00.041  1030 26017 I chatty  : uid=1000(system) Binder:1030_10 expire 2 lines
03-11 08:51:17.050  1030  2131 I chatty  : uid=1000(system) Binder:1030_B expire 2 lines
03-11 08:52:49.132  1030  1130 I chatty  : uid=1000(system) NetworkStats expire 1 line
03-11 08:54:23.816  1030  1381 I chatty  : uid=1000(system) Binder:1030_9 expire 1 line
03-11 08:55:42.739  1409 32014 I chatty  : uid=1000(system) com.oculus.unifiedtelemetry expire 1 line
03-11 08:56:47.790  1030  1030 I chatty  : uid=1000 system_server expire 43 lines
03-11 08:57:18.374  1030  1065 I chatty  : uid=1000(system) batterystats-wo expire 2 lines
03-11 08:58:42.782  1030 26280 I chatty  : uid=1000(system) Binder:1030_11 expire 1 line
03-11 08:59:30.488  1030  2517 I chatty  : uid=1000(system) Binder:1030_C expire 2 lines
03-11 09:01:14.905  1030  1353 I chatty  : uid=1000(system) Binder:1030_5 expire 5 lines
03-11 09:02:42.790  1030  1358 I chatty  : uid=1000(system) Binder:1030_7 expire 7 lines
03-11 09:04:02.879  1030  2131 I chatty  : uid=1000(system) Binder:1030_B expire 4 lines
03-11 09:08:42.788  1030 26017 I chatty  : uid=1000(system) Binder:1030_10 expire 2 lines
03-11 09:09:49.135  1030 17838 I chatty  : uid=1000(system) Binder:1030_F expire 3 lines
03-11 09:11:19.529  1030  1200 I chatty  : uid=1000(system) Binder:1030_3 expire 5 lines
03-11 09:11:43.508  1409 32482 I chatty  : uid=1000(system) com.oculus.unifiedtelemetry expire 1 line
03-11 09:17:59.975  1030  1381 I chatty  : uid=1000(system) Binder:1030_9 expire 1 line
03-11 09:22:50.492  1030  1130 I chatty  : uid=1000(system) NetworkStats expire 1 line
03-11 09:23:53.395  1409   618 I chatty  : uid=1000(system) com.oculus.unifiedtelemetry expire 1 line
03-11 09:23:56.612  1030  1051 I chatty  : uid=1000(system) android.fg expire 7 lines
03-11 09:23:59.416  1030  1030 I chatty  : uid=1000 system_server expire 207 lines
03-11 09:26:54.181  1409   925 I chatty  : uid=1000(system) com.oculus.unifiedtelemetry expire 1 line
03-11 09:34:17.355  1030  1047 I chatty  : uid=1000(system) Binder:1030_2 expire 15 lines
03-11 09:37:17.000  1030  1349 I chatty  : uid=1000(system) Binder:1030_4 expire 8 lines
03-11 09:40:42.718  1030  1380 I chatty  : uid=1000(system) Binder:1030_8 expire 15 lines
03-11 09:42:38.613  1030  1353 I chatty  : uid=1000(system) Binder:1030_5 expire 17 lines
03-11 09:43:51.807  1409  1781 I chatty  : uid=1000(system) com.oculus.unifiedtelemetry expire 1 line
03-11 09:44:35.233  1030  1358 I chatty  : uid=1000(system) Binder:1030_7 expire 11 lines
03-11 09:46:11.196  1030  1357 I chatty  : uid=1000(system) Binder:1030_6 expire 3 lines
03-11 09:51:44.090  1030  1059 I chatty  : uid=1000(system) android.bg expire 10 lines
03-11 09:52:50.735  1030  1130 I chatty  : uid=1000(system) NetworkStats expire 5 lines
03-11 09:57:21.243  1030  2131 I chatty  : uid=1000(system) Binder:1030_B expire 10 lines
03-11 09:58:42.723  1030  2025 I chatty  : uid=1000(system) Binder:1030_A expire 6 lines
03-11 09:59:16.391  1409  2488 I chatty  : uid=1000(system) com.oculus.unifiedtelemetry expire 1 line
03-11 10:15:29.414  1409  3261 I chatty  : uid=1000(system) com.oculus.unifiedtelemetry expire 1 line
03-11 10:23:00.692  1030  1060 I chatty  : uid=1000(system) ActivityManager expire 3 lines
03-11 10:30:42.618  1030 13564 I chatty  : uid=1000(system) Binder:1030_E expire 3 lines
03-11 10:34:41.630  1409  3852 I chatty  : uid=1000(system) com.oculus.unifiedtelemetry expire 1 line
03-11 10:53:17.374  1409  4425 I chatty  : uid=1000(system) com.oculus.unifiedtelemetry expire 1 line
03-11 11:04:19.938  1030  1065 I chatty  : uid=1000(system) batterystats-wo expire 2 lines
03-11 11:09:46.595  1409  5040 I chatty  : uid=1000(system) com.oculus.unifiedtelemetry expire 1 line
03-11 11:24:46.405  1030  1061 I chatty  : uid=1000(system) ActivityManager expire 2 lines
03-11 11:24:46.572  1030  5581 I chatty  : uid=1000 system_server expire 1 line
03-11 11:24:48.784  1409  5766 I chatty  : uid=1000(system) com.oculus.unifiedtelemetry expire 1 line
03-11 11:33:17.972  1409  6049 I chatty  : uid=1000(system) com.oculus.unifiedtelemetry expire 1 line
03-11 11:33:17.992  1030  2684 I chatty  : uid=1000(system) Binder:1030_D expire 2 lines
03-11 11:33:18.119  1409  6062 I chatty  : uid=1000(system) com.oculus.unifiedtelemetry expire 1 line
03-11 11:33:18.267  1409  6064 I chatty  : uid=1000(system) com.oculus.unifiedtelemetry expire 1 line
03-11 11:33:57.680  1030  1030 I chatty  : uid=1000 system_server expire 23 lines
03-11 11:39:49.164  1409  6263 I chatty  : uid=1000(system) com.oculus.unifiedtelemetry expire 1 line
03-11 11:42:42.540  1030  1358 I chatty  : uid=1000(system) Binder:1030_7 expire 4 lines
03-11 11:44:49.406  1030  1357 I chatty  : uid=1000(system) Binder:1030_6 expire 5 lines
03-11 11:48:04.014  1030  2025 I chatty  : uid=1000(system) Binder:1030_A expire 6 lines
03-11 11:53:00.926  1030  1060 I chatty  : uid=1000(system) ActivityManager expire 1 line
03-11 11:54:48.924  1030  1130 I chatty  : uid=1000(system) NetworkStats expire 1 line
03-11 11:55:06.975  1409  6762 I chatty  : uid=1000(system) com.oculus.unifiedtelemetry expire 1 line
03-11 11:55:54.472  1030  1051 I chatty  : uid=1000(system) android.fg expire 2 lines
03-11 11:56:42.499  1030  1380 I chatty  : uid=1000(system) Binder:1030_8 expire 6 lines
03-11 11:57:09.380  1030  1030 I chatty  : uid=1000 system_server expire 161 lines
03-11 11:58:22.813  1030  1047 I chatty  : uid=1000(system) Binder:1030_2 expire 14 lines
03-11 11:59:22.240  1030  2131 I chatty  : uid=1000(system) Binder:1030_B expire 7 lines
03-11 12:10:50.042  1409  7252 I chatty  : uid=1000(system) com.oculus.unifiedtelemetry expire 1 line
03-11 12:17:52.518  1030  1353 I chatty  : uid=1000(system) Binder:1030_5 expire 9 lines
03-11 12:20:42.497  1030  1357 I chatty  : uid=1000(system) Binder:1030_6 expire 4 lines
03-11 12:27:09.344  1030  2025 I chatty  : uid=1000(system) Binder:1030_A expire 13 lines
03-11 12:27:36.249  1030  1130 I chatty  : uid=1000(system) NetworkStats expire 2 lines
03-11 12:27:36.693  1409  7791 I chatty  : uid=1000(system) com.oculus.unifiedtelemetry expire 1 line
03-11 12:30:02.857  1030  1358 I chatty  : uid=1000(system) Binder:1030_7 expire 3 lines
03-11 12:43:44.293  1409  8293 I chatty  : uid=1000(system) com.oculus.unifiedtelemetry expire 1 line
03-11 12:46:50.721  1030  1059 I chatty  : uid=1000(system) android.bg expire 2 lines
03-11 12:53:01.042  1030  1060 I chatty  : uid=1000(system) ActivityManager expire 1 line
03-11 12:59:52.114  1409  8783 I chatty  : uid=1000(system) com.oculus.unifiedtelemetry expire 1 line
03-11 13:07:44.688  1030 13564 I chatty  : uid=1000(system) Binder:1030_E expire 3 lines
03-11 13:10:41.503  1030  1065 I chatty  : uid=1000(system) batterystats-wo expire 2 lines
03-11 13:14:42.424  1030  2684 I chatty  : uid=1000(system) Binder:1030_D expire 4 lines
03-11 13:18:51.844  1409  9388 I chatty  : uid=1000(system) com.oculus.unifiedtelemetry expire 1 line
03-11 13:22:47.601  1030  1130 I chatty  : uid=1000(system) NetworkStats expire 1 line
03-11 13:23:01.042  1030  1060 I chatty  : uid=1000(system) ActivityManager expire 12 lines
03-11 13:23:53.873  1030  1380 I chatty  : uid=1000(system) Binder:1030_8 expire 5 lines
03-11 13:23:54.223  1409  9686 I chatty  : uid=1000(system) com.oculus.unifiedtelemetry expire 1 line
03-11 13:24:30.973  1409  9711 I chatty  : uid=1000(system) com.oculus.unifiedtelemetry expire 1 line
03-11 13:25:24.864  1030  1358 I chatty  : uid=1000(system) Binder:1030_7 expire 2 lines
03-11 13:26:10.321  1409  9721 I chatty  : uid=1000(system) com.oculus.unifiedtelemetry expire 1 line
03-11 13:26:20.353  1030  1047 I chatty  : uid=1000(system) Binder:1030_2 expire 3 lines
03-11 13:27:05.114  1030  2025 I chatty  : uid=1000(system) Binder:1030_A expire 1 line
03-11 13:27:27.716  1030  1030 I chatty  : uid=1000 system_server expire 38 lines
03-11 13:28:03.975  1030  1061 I chatty  : uid=1000(system) ActivityManager expire 4 lines
03-11 13:28:04.016  1030 26017 I chatty  : uid=1000(system) Binder:1030_10 expire 1 line
03-11 13:28:04.912  1030  1072 I chatty  : uid=1000(system) PackageManager expire 22 lines
03-11 13:28:05.634  1030  1059 I chatty  : uid=1000(system) android.bg expire 7 lines
03-11 13:28:05.972  1030  2131 I chatty  : uid=1000(system) Binder:1030_B expire 6 lines
03-11 13:28:06.003  1030  1200 I chatty  : uid=1000(system) Binder:1030_3 expire 2 lines
03-11 13:28:06.004  1030  1142 I chatty  : uid=1000(system) ConnectivitySer expire 1 line
03-11 13:28:06.177  1030  1353 I chatty  : uid=1000(system) Binder:1030_5 expire 5 lines
03-11 13:29:05.182  1409  9910 I chatty  : uid=1000(system) com.oculus.unifiedtelemetry expire 1 line
03-11 13:31:51.179  1030  1381 I chatty  : uid=1000(system) Binder:1030_9 expire 4 lines
03-11 13:32:17.101  1030 13564 I chatty  : uid=1000(system) Binder:1030_E expire 7 lines
03-11 13:38:36.337  1030  2684 I chatty  : uid=1000(system) Binder:1030_D expire 3 lines
03-11 13:45:51.337  1409 10503 I chatty  : uid=1000(system) com.oculus.unifiedtelemetry expire 1 line
03-11 13:45:55.952  1030  1030 I chatty  : uid=1000 system_server expire 100 lines
03-11 13:54:42.333  1030  1358 I chatty  : uid=1000(system) Binder:1030_7 expire 2 lines
03-11 13:58:32.969  1030 13564 I chatty  : uid=1000(system) Binder:1030_E expire 8 lines
03-11 13:59:13.844  1030  1349 I chatty  : uid=1000(system) Binder:1030_4 expire 5 lines
03-11 14:00:23.893  1030  1381 I chatty  : uid=1000(system) Binder:1030_9 expire 6 lines
03-11 14:01:09.965  1030  1130 I chatty  : uid=1000(system) NetworkStats expire 3 lines
03-11 14:01:10.364  1409 11023 I chatty  : uid=1000(system) com.oculus.unifiedtelemetry expire 1 line
03-11 14:05:21.574  1030 26280 I chatty  : uid=1000(system) Binder:1030_11 expire 8 lines
03-11 14:13:27.067  1030  2131 I chatty  : uid=1000(system) Binder:1030_B expire 4 lines
03-11 14:18:58.712  1030  2025 I chatty  : uid=1000(system) Binder:1030_A expire 1 line
03-11 14:22:47.875  1409 11709 I chatty  : uid=1000(system) com.oculus.unifiedtelemetry expire 1 line
03-11 14:23:07.321  1030  1051 I chatty  : uid=1000(system) android.fg expire 1 line
03-11 14:26:32.585  1030  1353 I chatty  : uid=1000(system) Binder:1030_5 expire 2 lines
03-11 14:42:41.377  1409 12395 I chatty  : uid=1000(system) com.oculus.unifiedtelemetry expire 1 line
03-11 14:55:31.090  1030  1065 I chatty  : uid=1000(system) batterystats-wo expire 2 lines
03-11 14:57:42.494  1409 12863 I chatty  : uid=1000(system) com.oculus.unifiedtelemetry expire 1 line
03-11 14:58:06.909  1030  1030 I chatty  : uid=1000 system_server expire 23 lines
03-11 14:59:58.028  1030  1381 I chatty  : uid=1000(system) Binder:1030_9 expire 1 line
03-11 15:00:52.173  1030  1059 I chatty  : uid=1000(system) android.bg expire 1 line
03-11 15:01:24.431  1030  1349 I chatty  : uid=1000(system) Binder:1030_4 expire 3 lines
03-11 15:02:42.889  1030  2025 I chatty  : uid=1000(system) Binder:1030_A expire 2 lines
03-11 15:06:42.810  1030  2131 I chatty  : uid=1000(system) Binder:1030_B expire 5 lines
03-11 15:08:42.751  1030 13564 I chatty  : uid=1000(system) Binder:1030_E expire 3 lines
03-11 15:12:53.614  1030  1061 I chatty  : uid=1000(system) ActivityManager expire 1 line
03-11 15:12:53.818  1030 26280 I chatty  : uid=1000(system) Binder:1030_11 expire 3 lines
03-11 15:12:53.919  1409 13311 I chatty  : uid=1000(system) com.oculus.unifiedtelemetry expire 1 line
03-11 15:12:57.668  1030  1358 I chatty  : uid=1000(system) Binder:1030_7 expire 5 lines
03-11 15:12:57.741  1030  1052 I chatty  : uid=1000(system) android.ui expire 1 line
03-11 15:13:36.649  1030  1030 I chatty  : uid=1000 system_server expire 46 lines
03-11 15:14:15.930  1030  1380 I chatty  : uid=1000(system) Binder:1030_8 expire 12 lines
03-11 15:17:36.536  1030  1211 I chatty  : uid=1000(system) SyncManager expire 1 line
03-11 15:18:00.680  1030  1051 I chatty  : uid=1000(system) android.fg expire 2 lines
03-11 15:18:22.560  1030  1059 I chatty  : uid=1000(system) android.bg expire 2 lines
03-11 15:18:42.525  1030  1357 I chatty  : uid=1000(system) Binder:1030_6 expire 4 lines
03-11 15:22:47.343  1030  1130 I chatty  : uid=1000(system) NetworkStats expire 1 line
03-11 15:23:01.612  1030  1060 I chatty  : uid=1000(system) ActivityManager expire 1 line
03-11 15:28:28.191  1409 14003 I chatty  : uid=1000(system) com.oculus.unifiedtelemetry expire 1 line
03-11 15:30:11.893  1030  2131 I chatty  : uid=1000(system) Binder:1030_B expire 6 lines
03-11 15:35:17.625  1030  1109 I chatty  : uid=1000(system) AlarmManager expire 1 line
03-11 15:35:17.854  1030 13564 I chatty  : uid=1000(system) Binder:1030_E expire 5 lines
03-11 15:35:18.455  1409 14263 I chatty  : uid=1000(system) com.oculus.unifiedtelemetry expire 1 line
03-11 15:35:18.760  1409 14275 I chatty  : uid=1000(system) com.oculus.unifiedtelemetry expire 1 line
03-11 15:39:11.222  1030  1353 I chatty  : uid=1000(system) Binder:1030_5 expire 11 lines
03-11 15:44:00.939  1409 14632 I chatty  : uid=1000(system) com.oculus.unifiedtelemetry expire 1 line
03-11 15:45:11.380  1030  1030 I chatty  : uid=1000 system_server expire 82 lines
03-11 15:55:48.083  1030  2025 I chatty  : uid=1000(system) Binder:1030_A expire 5 lines
03-11 15:56:42.494  1030  2131 I chatty  : uid=1000(system) Binder:1030_B expire 9 lines
03-11 15:58:03.491  1030  1357 I chatty  : uid=1000(system) Binder:1030_6 expire 4 lines
03-11 15:59:45.045  1030 13564 I chatty  : uid=1000(system) Binder:1030_E expire 8 lines
03-11 15:59:54.222  1030  1130 I chatty  : uid=1000(system) NetworkStats expire 2 lines
03-11 15:59:54.668  1409 15174 I chatty  : uid=1000(system) com.oculus.unifiedtelemetry expire 1 line
03-11 16:01:31.463  1030  1061 I chatty  : uid=1000(system) ActivityManager expire 1 line
03-11 16:09:25.280  1030  2684 I chatty  : uid=1000(system) Binder:1030_D expire 3 lines
03-11 16:19:22.299  1409 15833 I chatty  : uid=1000(system) com.oculus.unifiedtelemetry expire 1 line
03-11 16:22:42.118  1030  1358 I chatty  : uid=1000(system) Binder:1030_7 expire 6 lines
03-11 16:35:45.177  1409 16328 I chatty  : uid=1000(system) com.oculus.unifiedtelemetry expire 1 line
03-11 16:36:50.356  1030  1030 I chatty  : uid=1000 system_server expire 20 lines
03-11 16:42:32.385  1030  1059 I chatty  : uid=1000(system) android.bg expire 2 lines
03-11 16:45:08.357  1030  1380 I chatty  : uid=1000(system) Binder:1030_8 expire 2 lines
03-11 16:47:46.649  1030  1060 I chatty  : uid=1000(system) ActivityManager expire 1 line
03-11 16:47:46.680  1030  1065 I chatty  : uid=1000(system) batterystats-wo expire 3 lines
03-11 16:47:54.183  1030  1030 I chatty  : uid=1000 system_server expire 1 line
03-11 16:47:54.193  1030  1069 I chatty  : uid=1000(system) PowerManagerSer expire 5 lines
03-11 16:47:54.238  1030  2025 I chatty  : uid=1000(system) Binder:1030_A expire 3 lines
03-11 16:47:54.258  1030  1054 I chatty  : uid=1000(system) android.display expire 15 lines
03-11 16:47:54.305  1030  1030 I chatty  : uid=1000 system_server expire 2 lines
03-11 16:47:54.904  1030  1358 I chatty  : uid=1000(system) Binder:1030_7 expire 2 lines
03-11 16:47:55.124  1030  2684 I chatty  : uid=1000(system) Binder:1030_D expire 1 line
03-11 16:47:55.254  1030  1380 I chatty  : uid=1000(system) Binder:1030_8 expire 2 lines
03-11 16:47:55.276  1030  1349 I chatty  : uid=1000(system) Binder:1030_4 expire 2 lines
03-11 16:47:55.397  1409 16738 W ContextImpl: Calling a method in the system process without a qualified user: android.app.ContextImpl.sendBroadcast:1057 android.content.ContextWrapper.sendBroadcast:448 X.Je.A00:155 X.Je.handleMessage:80 android.os.Handler.dispatchMessage:107 
03-11 16:47:55.553  1030 17838 I chatty  : uid=1000(system) Binder:1030_F expire 5 lines
03-11 16:47:55.685  1030  1200 I chatty  : uid=1000(system) Binder:1030_3 expire 1 line
03-11 16:47:55.824  1409 16820 W ContextImpl: Calling a method in the system process without a qualified user: android.app.ContextImpl.sendBroadcast:1057 android.content.ContextWrapper.sendBroadcast:448 X.Je.A00:155 X.Je.handleMessage:80 android.os.Handler.dispatchMessage:107 
03-11 16:47:57.322  1409 16914 W ContextImpl: Calling a method in the system process without a qualified user: android.app.ContextImpl.sendBroadcast:1057 android.content.ContextWrapper.sendBroadcast:448 X.Je.A00:155 X.Je.handleMessage:80 android.os.Handler.dispatchMessage:107 
03-11 16:47:59.253  1030  2131 I chatty  : uid=1000(system) Binder:1030_B expire 1 line
03-11 16:47:59.387  1030  1054 I chatty  : uid=1000(system) android.display expire 1 line
03-11 16:47:59.819  1409 16948 W ContextImpl: Calling a method in the system process without a qualified user: android.app.ContextImpl.sendBroadcast:1057 android.content.ContextWrapper.sendBroadcast:448 X.Je.A00:155 X.Je.handleMessage:80 android.os.Handler.dispatchMessage:107 
03-11 16:48:03.673  1409 16966 W ContextImpl: Calling a method in the system process without a qualified user: android.app.ContextImpl.sendBroadcast:1057 android.content.ContextWrapper.sendBroadcast:448 X.Je.A00:155 X.Je.handleMessage:80 android.os.Handler.dispatchMessage:107 
03-11 16:48:05.162  1030  1061 I chatty  : uid=1000(system) ActivityManager expire 10 lines
03-11 16:48:06.543  1030 17838 I chatty  : uid=1000(system) Binder:1030_F expire 4 lines
03-11 16:48:06.586  1030  2131 I chatty  : uid=1000(system) Binder:1030_B expire 6 lines
03-11 16:48:06.855  1409 17153 W ContextImpl: Calling a method in the system process without a qualified user: android.app.ContextImpl.sendBroadcast:1057 android.content.ContextWrapper.sendBroadcast:448 X.Je.A00:155 X.Je.handleMessage:80 android.os.Handler.dispatchMessage:107 
03-11 16:48:07.225  1030 17838 I chatty  : uid=1000(system) Binder:1030_F expire 2 lines
03-11 16:48:14.744  1030  1061 I chatty  : uid=1000(system) ActivityManager expire 9 lines
03-11 16:48:14.884  1030  1200 I chatty  : uid=1000(system) Binder:1030_3 expire 6 lines
03-11 16:48:14.906  1030  1054 I chatty  : uid=1000(system) android.display expire 5 lines
03-11 16:48:20.119  1409 17235 W ContextImpl: Calling a method in the system process without a qualified user: android.app.ContextImpl.sendBroadcast:1057 android.content.ContextWrapper.sendBroadcast:448 X.Je.A00:155 X.Je.handleMessage:80 android.os.Handler.dispatchMessage:107 
03-11 16:48:29.528  1409 17239 W ContextImpl: Calling a method in the system process without a qualified user: android.app.ContextImpl.sendBroadcast:1057 android.content.ContextWrapper.sendBroadcast:448 X.Je.A00:155 X.Je.handleMessage:80 android.os.Handler.dispatchMessage:107 
03-11 16:48:30.894  1030 16880 I chatty  : uid=1000(system) Binder:1030_12 expire 3 lines
03-11 16:48:31.166  1030  1200 I chatty  : uid=1000(system) Binder:1030_3 expire 5 lines
03-11 16:48:32.192  1030  1061 I chatty  : uid=1000(system) ActivityManager expire 8 lines
03-11 16:48:32.271  1030  2025 I chatty  : uid=1000(system) Binder:1030_A expire 5 lines
03-11 16:48:32.322  1030  1065 I chatty  : uid=1000(system) batterystats-wo expire 2 lines
03-11 16:48:56.579  1030 16900 I chatty  : uid=1000(system) Binder:1030_13 expire 1 line
03-11 16:48:56.606  1030  1054 I chatty  : uid=1000(system) android.display expire 10 lines
03-11 16:48:56.822  1030 16880 I chatty  : uid=1000(system) Binder:1030_12 expire 4 lines
03-11 16:48:56.863  1030  1061 I chatty  : uid=1000(system) ActivityManager expire 2 lines
03-11 16:48:57.011  1030 16900 I chatty  : uid=1000(system) Binder:1030_13 expire 1 line
03-11 16:48:57.057  1030  1052 I chatty  : uid=1000(system) android.ui expire 1 line
03-11 16:48:57.093  1030  2025 I chatty  : uid=1000(system) Binder:1030_A expire 1 line
03-11 16:48:57.235  1409 17355 W ContextImpl: Calling a method in the system process without a qualified user: android.app.ContextImpl.sendBroadcast:1057 android.content.ContextWrapper.sendBroadcast:448 X.Je.A00:155 X.Je.handleMessage:80 android.os.Handler.dispatchMessage:107 
03-11 16:48:57.372  1030 17407 I chatty  : uid=1000 system_server expire 1 line
03-11 16:48:57.591  1030 17838 I chatty  : uid=1000(system) Binder:1030_F expire 1 line
03-11 16:48:58.855  1030  1030 I chatty  : uid=1000 system_server expire 2 lines
03-11 16:48:58.861   772   772 W wificond: No pno scan started
03-11 16:48:58.861   772   772 W wificond: Scheduled scan is not running!
03-11 16:48:58.871   719   719 W android.hardware.wifi@1.0-service: No active wlan interfaces in use! Using default
03-11 16:48:58.976   772   772 I wificond: Unsubscribe scan result for interface with index: 7
03-11 16:48:59.034   719  1532 I android.hardware.wifi@1.0-service: Legacy HAL stop complete callback received
03-11 16:48:59.035   719   719 I android.hardware.wifi@1.0-service: Wifi HAL stopped
03-11 16:48:59.036  1030  1142 I chatty  : uid=1000(system) ConnectivitySer expire 8 lines
03-11 16:48:59.207  1030  1349 I chatty  : uid=1000(system) Binder:1030_4 expire 2 lines
03-11 16:48:59.276  1409 17438 W ContextImpl: Calling a method in the system process without a qualified user: android.app.ContextImpl.sendBroadcast:1057 android.content.ContextWrapper.sendBroadcast:448 X.Je.A00:155 X.Je.handleMessage:80 android.os.Handler.dispatchMessage:107 
03-11 16:48:59.299  1030 26017 I chatty  : uid=1000(system) Binder:1030_10 expire 1 line
03-11 16:49:01.270  1030  1776 I chatty  : uid=1000(system) LazyTaskWriterT expire 1 line
03-11 16:49:01.445   719   719 I android.hardware.wifi@1.0-service: Wifi HAL started
03-11 16:49:01.687   719   719 I android.hardware.wifi@1.0-service: Adding interface handle for wifi-aware0
03-11 16:49:01.687   719   719 I android.hardware.wifi@1.0-service: Adding interface handle for p2p0
03-11 16:49:01.687   719   719 I android.hardware.wifi@1.0-service: Adding interface handle for wlan0
