03-11 17:38:16.783  1961  1979 I VrRuntimeServer: EnableCompositorClient client(1): layer placement(0) flags(1) sm(0x70b60e5010)
03-11 17:38:16.783  1961  1979 I TimeWarp: CheckDebuggerConnected: debugger 0
03-11 17:38:16.783  1961  1979 I VrRuntimeServer: SysProp debug mode is disabled on Server side
03-11 17:38:16.785  1961  1979 I UnifiedTelemetryWrapper: Started UT session render:com.oculus.shellenv
03-11 17:38:16.785  1961  2339 I ClientMgr: Non-overlay clients rendering status has changed: prev=36, curr=37, enabled=1
03-11 17:38:16.785  1961  2339 I ClientMgr: Primary Client is not valid.
03-11 17:38:16.785  1961  2339 I ClientMgr: Primary client determined to be the current enabled client 1
03-11 17:38:16.785  1961  2339 I ClientMgr: Setting Primary Client to 1
03-11 17:38:16.785  1961  2339 I ClientMgr: ClientMgr::SetPrimaryCompositorClient: 2438:com.oculus.shellenv
03-11 17:38:16.785  1961  2339 I TimeWarpClientMgr: Enable client 1
03-11 17:38:16.785  1961  2339 W TimeWarpClientMgr: EnableClient: Client 1 arleady enabled
03-11 17:38:16.785  1961  2339 I VrRuntimeServer: EnableCompositorClient client(1): layer placement(0) flags(1) sm(0x70b60e5010)
03-11 17:38:16.785  1961  2339 I ServiceInputManager: ServiceInputManager::SetPrimaryPackageName 'com.oculus.shellenv' 'com.oculus.shellenv'  updated AnytimeUI processname 0
03-11 17:38:16.785  1961  2339 D VrRuntimeService: sendPrimaryPackageChangeBroadcast
03-11 17:38:16.785  1961  2609 I VrRuntimeService: GetSpecialSwapChain: 4061529756
03-11 17:38:16.787  1961  2339 I AADT    : SetAADTLutDataX: 0
03-11 17:38:16.787  1961  2339 I AADT    : SetAADTLutDataY: 0
03-11 17:38:16.787  1961  2339 I ServiceInputManager: DEADRECKONING deadReckoning mode on ClientMgr from server is 0
03-11 17:38:16.787  1961  2339 I PerformanceManager: SetClockLevels: Apply pending clock request change: -1,-1 -> 2,3
03-11 17:38:16.787  1961  2339 I ClientMgr: Headset was mounted
03-11 17:38:16.787  1961 20879 I Clocks  : LockClocks( cpu=2, gpu=3 ) - start
03-11 17:38:16.787   723   966 I SDM     : StrategyImpl::SetIdleTimeoutMs: Idle timeout: active = 70, inactive = 520
03-11 17:38:16.787  2438  2470 I ScreenCaptureHelper: Advertising com.oculus.shellenv as streamable
03-11 17:38:16.788  1961  2607 I VrRuntimeService: GetSpecialSwapChain: 330256344
03-11 17:38:16.788  1961 20879 I Clocks  : CPU levels [0, 4]
03-11 17:38:16.788  1961 20879 I Clocks  : GPU levels [0, 5]
03-11 17:38:16.788   715   835 D android.hardware.power@1.3-service-libperfmgr: set performance level 2, domain 0
03-11 17:38:16.788  1961 20879 I Clocks  : LockClocks( cpu=2, gpu=3 ) - end (1.2 ms)
03-11 17:38:16.788  2351 20893 I chatty  : uid=10020(com.oculus.vrshell) OVRInput expire 3 lines
03-11 17:38:16.789   715   835 D android.hardware.power@1.3-service-libperfmgr: set performance level 3, domain 1
03-11 17:38:16.791  1961  2339 I UnifiedTelemetryWrapper: Started UT session don
03-11 17:38:16.791  1961  2339 I ClientMgr: Start pushing black after mount.
03-11 17:38:16.791  1961  2339 I TimeWarpClientMgr: Enable client 0
03-11 17:38:16.791  1961  2339 I VrRuntimeServer: EnableCompositorClient client(0): layer placement(4294967291) flags(0) sm(0x7061e2d250)
03-11 17:38:16.791  1961  1961 I ClientMgr: FocusedClient ID changed
03-11 17:38:16.791  1961  1961 I ClientMgr: ClientMgr::SetFocusedClient: 2484:com.oculus.vrshell type 1
03-11 17:38:16.791  1961  1961 I VrRuntimeService: RuntimeIPC: SendFocusChangeEventToAllClients: PostClientEvent SUCCESS: com.oculus.vrshell:com.oculus.vrshell:Overlay:2351, com.oculus.vrshell, com.oculus.vrshell:EnvOverlay
03-11 17:38:16.791  1961  1961 I VrRuntimeService: RuntimeIPC: SendFocusChangeEventToAllClients: PostClientEvent SUCCESS: com.oculus.shellenv:com.oculus.shellenv:2438, com.oculus.vrshell, com.oculus.vrshell:EnvOverlay
03-11 17:38:16.791  1961  1961 I VrRuntimeService: RuntimeIPC: SendFocusChangeEventToAllClients: PostClientEvent SUCCESS: com.oculus.vrshell:com.oculus.vrshell:EnvOverlay:2484, com.oculus.vrshell, com.oculus.vrshell:EnvOverlay
03-11 17:38:16.791  1961  1961 I VrRuntimeService: RuntimeIPC: SendFocusChangeEventToAllClients: PostClientEvent SUCCESS: com.oculus.guardian:com.oculus.vrguardianservice:2345, com.oculus.vrshell, com.oculus.vrshell:EnvOverlay
03-11 17:38:16.791  1961  1961 I VrRuntimeService: RuntimeIPC: SendFocusChangeEventToAllClients: PostClientEvent SUCCESS: com.oculus.vrshell:com.oculus.vrshell:1811, com.oculus.vrshell, com.oculus.vrshell:EnvOverlay
03-11 17:38:16.791  2438  2470 I VrApi   : Creating Default swapchain
03-11 17:38:16.791  1961  2607 I VrRuntimeService: GetSpecialSwapChain: 330256344
03-11 17:38:16.791  2438  2470 I VrApi   : Creating Loading Icon swapchain
03-11 17:38:16.791  1961  2496 I VrRuntimeService: GetSpecialSwapChain: 262634316
03-11 17:38:16.791  1961 20916 I TimeWarp: Waited 0.030 seconds for first call to warp swap.
03-11 17:38:16.792  1961 20916 I AADT    : SetAADTLutDataX. Thread. SizeX: 0
03-11 17:38:16.792  1961 20916 I AADT    : SetAADTLutDataY. Thread. SizeY: 0
03-11 17:38:16.792  1961 20916 I TimeWarp: Global CAC is enabled (0x7)
03-11 17:38:16.792  2438  2470 I VrApi   : OVR::Stats thread started
03-11 17:38:16.792  2438  2470 I XrRuntimeSystem_Client: BeginSession
03-11 17:38:16.792  2438  2470 I VrApi   : ---------- vrapi_EnterVrMode [end] ----------
03-11 17:38:16.792  2438  2470 I VrRuntimeClient: UpdateEvents: HMT was mounted
03-11 17:38:16.792  2438  2470 I VrRuntimeClient: Client has lost focus.
03-11 17:38:16.792  2438  2470 I VrApi   : Received ovrRuntime event 5
03-11 17:38:16.792  2438  2470 I VrApi   : Received ovrRuntime event 3
03-11 17:38:16.792  2438  2470 I VrApi   : Received ovrRuntime event 2
03-11 17:38:16.792  2438  2470 I VrApi   : Received ovrRuntime event 4
03-11 17:38:16.792  2438  2470 I VrApi   : Received ovrRuntime event 12
03-11 17:38:16.792  2438  2470 I VrApi   : Received ovrRuntime event 5
03-11 17:38:16.792  2438  2470 I VrApi   : Received ovrRuntime event 11
03-11 17:38:16.792  2438 20925 I FenceChecker: FenceChecker::MainLoop - started
03-11 17:38:16.794  1320 20918 I OSUpdateService: Intent with action system_battery_changed
03-11 17:38:16.795   708  5616 I audio_hw_primary: getting vr mode to 0
03-11 17:38:16.795   729   729 I hash_map_utils: key: 'vr_audio_mode_on' value: ''
03-11 17:38:16.796   729   729 I AudioPolicyManagerCustom: VR mode is 0, switch to primary output if request is for fast|raw
03-11 17:38:16.796  2484 20919 I chatty  : uid=10020 com.oculus.vrshell:EnvOverlay expire 3 lines
03-11 17:38:16.797   729   729 W AudioFlinger: createTrack_l(): mismatch between requested flags (00000104) and output flags (00000006)
03-11 17:38:16.797   729   729 D AudioFlinger: Client defaulted notificationFrames to 192 for frameCount 384
03-11 17:38:16.798   729   729 D AF::TrackHandle: OpPlayAudio: track:115 uid:10020 pkg:com.oculus.vrshell usage:1 not muted
03-11 17:38:16.799   708  5616 I audio_hw_primary: getting vr mode to 0
03-11 17:38:16.800   729 17939 I hash_map_utils: key: 'vr_audio_mode_on' value: ''
03-11 17:38:16.800   729 17939 I AudioPolicyManagerCustom: VR mode is 0, switch to primary output if request is for fast|raw
03-11 17:38:16.800   732   732 D SurfaceFlinger: CAC state changed to 7
03-11 17:38:16.800   732   732 E SurfaceFlinger: Source layer is null
03-11 17:38:16.802   729 17939 W AudioFlinger: createTrack_l(): mismatch between requested flags (00000104) and output flags (00000006)
03-11 17:38:16.802   729 17939 D AudioFlinger: Client defaulted notificationFrames to 192 for frameCount 384
03-11 17:38:16.804   723   966 I SDM     : HWDeviceDRM::UpdateMixerAttributes: Mixer WxH 1920x1832-1 for Virtual
03-11 17:38:16.804   723   966 I SDM     : HWVirtualDRM::SetDisplayAttributes: New WB Resolution: 1920x1832 cur_mode_index 5
03-11 17:38:16.804   723   966 I SDM     : StrategyImpl::SetIdleTimeoutMs: Idle timeout not supported for display 47-2
03-11 17:38:16.804   723   966 I SDM     : DisplayVirtual::SetActiveConfig: Virtual display resolution changed to[1920x1832]
03-11 17:38:16.804   723   966 I SDM     : StrategyImpl::SetIdleTimeoutMs: Idle timeout not supported for display 47-2
03-11 17:38:16.804   723   966 I SDM     : DisplayBase::SetFrameBufferConfig: New framebuffer resolution (1920x1832)
03-11 17:38:16.804   723   966 I SDM     : HWCDisplay::SetFrameBufferConfig: New framebuffer resolution (1920x1832)
03-11 17:38:16.808  1961 20916 W TimeWarpClient: WarpToScreen: No completed frames to display for primary client 1. submittedFrameIndex = 1
03-11 17:38:16.810  1961 20916 I TimeWarpProgs: loaded binary layerProgram 0:0x40087:0x0 in 2.4 ms
03-11 17:38:16.812  2438 20920 D VrApi   : targetSDKVersion 25
03-11 17:38:16.812  1961 20916 I Vsync   : Vsync 34:  2 x 12.53 ms (71.87 Hz, at 24477.299)
03-11 17:38:16.813  1961 20916 I TimeWarp: SetSchedFifo( tid=2470, pol=3, pri=0 ) succeeded
03-11 17:38:16.813   729 17939 D AF::TrackHandle: OpPlayAudio: track:116 uid:10020 pkg:com.oculus.vrshell usage:1 not muted
03-11 17:38:16.813  1961 20916 I TimeWarp: SetSchedFifo( tid=20925, pol=3, pri=0 ) succeeded
03-11 17:38:16.817  2438 20920 I JniUtils: ovr_GetCurrentPackageSignature 
03-11 17:38:16.818  2438 20920 I Metrics : device name = Oculus Quest 2
03-11 17:38:16.821  1961 20916 I TimeWarpProgs: loaded binary layerProgram 0:0x50207:0x0 in 1.9 ms
03-11 17:38:16.821  1212  1212 V AvrcpMediaPlayerList: onPlaybackConfigChanged(): Configs list size=4
03-11 17:38:16.823  2351 20921 I chatty  : uid=10020(com.oculus.vrshell) OVR::Stats expire 3 lines
03-11 17:38:16.824   708  5616 D msm8974_platform: platform_split_snd_device: snd_device(2) num devices(1) new_snd_devices(0)
03-11 17:38:16.824   708  5616 D msm8974_platform: platform_split_snd_device: snd_device(2) num devices(1) new_snd_devices(0)
03-11 17:38:16.824   708  5616 D ACDB-LOADER: ACDB -> send_audvoltable
03-11 17:38:16.824   708  5616 D ACDB-LOADER: ACDB -> ACDB_CMD_GET_AUDPROC_INSTANCE_GAIN_DEP_STEP_TABLE_SIZE
03-11 17:38:16.824   708  5616 D ACDB-LOADER: ACDB -> ACDB_CMD_GET_AUDPROC_INSTANCE_GAIN_DEP_STEP_TABLE, vol index 7
03-11 17:38:16.824   708  5616 D ACDB-LOADER: ACDB -> AUDIO_SET_VOL_CAL cal type = 40
03-11 17:38:16.825  1961 20916 I Vsync   : Vsync 35:  1 x 11.13 ms (71.87 Hz, at 24477.312)
03-11 17:38:16.828  1212  1212 V AvrcpMediaPlayerList: onPlaybackConfigChanged(): Configs list size=5
03-11 17:38:16.829  2351 20927 I chatty  : uid=10020(com.oculus.vrshell) AudioTrack expire 2 lines
03-11 17:38:16.833  2345  2546 I GuardianSystem: runtimeServiceSDKClient_.SuspendResumeEvent: 0
03-11 17:38:16.833  2345  2546 I GuardianPassthroughOnDemand: GuardianPassthroughOnDemand: Initialize DoubleTap callback after resume
03-11 17:38:16.833  2345  2546 I GuardianTelemetry: GuardianTelemetry: Start Guardian Telemetry
03-11 17:38:16.834  2345  2546 I GuardianTelemetry: OVR::Telemetry Guardian Stats thread started
03-11 17:38:16.834  2345  2546 I GuardianSystem: GuardianSystem: RESUMING operation. Seconds elapsed: 5.28
03-11 17:38:16.834  2345  2546 I GuardianSystem: runtimeServiceSDKClient_.RelocDurationEventData: 1
03-11 17:38:16.834  2345  2546 I GuardianSystem: runtimeServiceSDKClient_.ClientMgrStateEventData: 1, 1, 0
03-11 17:38:16.834  2345  2546 I GuardianSystem: runtimeServiceSDKClient_.ForceShowGuardianEvent
03-11 17:38:16.834  2345  2546 I GuardianSystem: ForceShowGuardian: false, 0.00
03-11 17:38:16.835  2484 20926 I chatty  : uid=10020 com.oculus.vrshell:EnvOverlay expire 2 lines
03-11 17:38:16.836  1030 19361 I MediaFocusControl: requestAudioFocus() from uid/pid 10020/2484 clientId=android.media.AudioManager@f008526com.oculus.vrshell.ShellAudioFocusHandler@d2e7567 callingPack=com.oculus.vrshell req=1 flags=0x0 sdk=27
03-11 17:38:16.837  1212  1212 V AvrcpMediaPlayerList: onPlaybackConfigChanged(): Configs list size=5
03-11 17:38:16.838  1212  1212 V AvrcpMediaPlayerList: onPlaybackConfigChanged(): Configs list size=5
03-11 17:38:16.838  1212  1212 V AvrcpMediaPlayerList: onPlaybackConfigChanged(): Configs list size=5
03-11 17:38:16.840  1987  9715 I LibraryProvider: running queryApp(com.oculus.environment.prod.spacestation) for com.oculus.vrshell
03-11 17:38:16.841  1212  1212 V AvrcpMediaPlayerList: onPlaybackConfigChanged(): Configs list size=5
03-11 17:38:16.844  2438  2470 I VrApi   : Received ovrRuntime event 11
03-11 17:38:16.849   708   928 D msm8974_platform: platform_split_snd_device: snd_device(2) num devices(1) new_snd_devices(0)
03-11 17:38:16.849   708   928 D ACDB-LOADER: ACDB -> send_audvoltable
03-11 17:38:16.849   708   928 D ACDB-LOADER: ACDB -> ACDB_CMD_GET_AUDPROC_INSTANCE_GAIN_DEP_STEP_TABLE_SIZE
03-11 17:38:16.849   708   928 D ACDB-LOADER: ACDB -> ACDB_CMD_GET_AUDPROC_INSTANCE_GAIN_DEP_STEP_TABLE, vol index 8
03-11 17:38:16.849   708   928 D ACDB-LOADER: ACDB -> AUDIO_SET_VOL_CAL cal type = 40
03-11 17:38:16.849   708   928 D msm8974_platform: platform_split_snd_device: snd_device(2) num devices(1) new_snd_devices(0)
03-11 17:38:16.849   708   928 D ACDB-LOADER: ACDB -> send_audvoltable
03-11 17:38:16.849   708   928 D ACDB-LOADER: ACDB -> ACDB_CMD_GET_AUDPROC_INSTANCE_GAIN_DEP_STEP_TABLE_SIZE
03-11 17:38:16.849   708   928 D ACDB-LOADER: ACDB -> ACDB_CMD_GET_AUDPROC_INSTANCE_GAIN_DEP_STEP_TABLE, vol index 8
03-11 17:38:16.849   708   928 D ACDB-LOADER: ACDB -> AUDIO_SET_VOL_CAL cal type = 40
03-11 17:38:16.856  1961  2609 I VrRuntimeService: RuntimeServiceSDKServer::RecenterLocalSpace
03-11 17:38:16.856  1961  2609 I VrRuntimeService: RuntimeServiceSDKServer::RecenterLocalSpaceInternal
03-11 17:38:16.856  1961  2609 I VrRuntimeServer: UpdateLocalSpace: Src: 2, Version: 25, VersionUser: 1, RawFloorHeightOld: -1.182520, RawFloorHeightNew: -1.182520
03-11 17:38:16.857  2484  2548 I chatty  : uid=10020(com.oculus.vrshell) OVR::ShellApp expire 165 lines
03-11 17:38:16.859  1961  2607 I VrRuntimeService: CreateAndroidSurfaceSwapChain: 330256344
03-11 17:38:16.859  1961  2607 I VrRuntimeService: CreateAndroidSurfaceSwapChain: 131072 1 32856 1 1 1 1 1 0 0
03-11 17:38:16.859  1961  2607 I VrRuntimeServer: CreateAndroidSurfaceSwapChain: result surface 0x705ccc3000
03-11 17:38:16.861  2351 20929 I chatty  : uid=10020(com.oculus.vrshell) FenceChecker expire 1 line
03-11 17:38:16.861  2438  2470 I Clay    : Updating tracking space to: 1
03-11 17:38:16.862  1961  2607 I VrRuntimeService: CreateAndroidSurfaceSwapChain: 330256344
03-11 17:38:16.862  1961  2607 I VrRuntimeService: CreateAndroidSurfaceSwapChain: 131072 1 32856 1 1 1 1 1 0 0
03-11 17:38:16.862  1961  2607 I VrRuntimeServer: CreateAndroidSurfaceSwapChain: result surface 0x704af57000
03-11 17:38:16.863  2438  2470 I VrApi   : Unhandled ovrRuntime Event 13
03-11 17:38:16.864  1961  2607 I VrRuntimeService: CreateAndroidSurfaceSwapChain: 330256344
03-11 17:38:16.864  1961  2607 I VrRuntimeService: CreateAndroidSurfaceSwapChain: 131072 1 32856 1 1 1 1 1 0 0
03-11 17:38:16.864  1961  2607 I VrRuntimeServer: CreateAndroidSurfaceSwapChain: result surface 0x704af61000
03-11 17:38:16.871  2484  2548 D [SEO] PanelServiceConnection: getSystemProcessUidForCurrentUser: 'android' systemUid = 1000
03-11 17:38:16.871  2484  2548 D [SEO] ShellApplication: bindService Intent { cmp=com.oculus.systemux/com.oculus.panelapp.anytimeui.AnytimeUIAndroidPanelService }
03-11 17:38:16.875  2351  2432 I [OAO] ShellOverlayApp: 0xbef31c08 msg: overlayCommand:
03-11 17:38:16.875  2351  2432 I [OAO] ShellOverlayApp: command = primaryPackageChanged
03-11 17:38:16.875  2351  2432 I [OAO] ShellOverlayApp: Process_OverlayCommand command : primaryPackageChanged
03-11 17:38:16.875  2351  2432 I [OAO] ShellOverlayApp: UpdatePrimaryPackage
03-11 17:38:16.875  2351  2432 I [OAO] ShellOverlayApp: UpdatePrimaryPackage Requested for PackageName:com.oculus.shellenv  IsFocusAware:0
03-11 17:38:16.875  2351  2432 I [OAO] ShellOverlayApp: UpdatePrimaryPackage Ignored as no change for packageName:[com.oculus.shellenv]
03-11 17:38:16.875  2351  2432 I VrApi   : Unhandled ovrRuntime Event 13
03-11 17:38:16.876  2351  2432 I [OAO] LocalSpace: New Space: quat(-0.173435, 0.008273, 0.046926, 0.983692), translation(0.000000, 0.715316, 0.000000) - Prior Space: quat(-0.164324, 0.005243, 0.031456, 0.985891), translation(0.000000, 1.135271, 0.000000)
03-11 17:38:16.876  2351  2432 I [OAO] LocalSpace: Local space version from 24 to 25, local space user version from 1 to 1.
03-11 17:38:16.881  2484  2548 D [SEO] ShellApplication: notify OS to set com.oculus.systemux/com.oculus.panelapp.anytimeui.AnytimeUIAndroidPanelService to FOREGROUND
03-11 17:38:16.881  2484  2484 D [SEO] PanelServiceConnection: onSeviceConnected - component name (ComponentInfo{com.oculus.systemux/com.oculus.panelapp.anytimeui.AnytimeUIAndroidPanelService}), panel app id (16)
03-11 17:38:16.881  2484  2484 D [SEO] ShellApplication: notify OS to set com.oculus.systemux/com.oculus.panelapp.anytimeui.AnytimeUIAndroidPanelService to FOREGROUND
03-11 17:38:16.882  2484  2484 I [SEO] PanelServiceConnection: verifyFirstPartyUID(Debug Signatures=false, uid=10026) => apkSignatureResult=SigCertInfo(isTrusted=true, packageNames=[com.oculus.systemux], signature=308205cf308203b7a0030201020204097e91c1300d06092a864886f70d01010b0500308197310b3009060355040613025553311330110603550408130a43616c69666f726e6961311330110603550407130a4d656e6c6f205061726b31233021060355040a131a46616365626f6f6b20546563686e6f6c6f676965732c204c4c4331233021060355040b131a46616365626f6f6b20546563686e6f6c6f676965732c204c4c43311430120603550403130b4f63756c75732041707073301e170d3139303730343131333935315a170d3436313131393131333935315a308197310b3009060355040613025553311330110603550408130a43616c69666f726e6961311330110603550407130a4d656e6c6f205061726b31233021060355040a131a46616365626f6f6b20546563686e6f6c6f676965732c204c4c4331233021060355040b131a46616365626f6f6b20546563686e6f6c6f676965732c204c4c43311430120603550403130b4f63756c7573204170707330820222300d06092a864886f70d01010105000382020f003082020a0282020100b815642a5c201c8da044905dafbb06c05fddb75449cc75a716a0434da0493a52a4d60643532c237e76cb41d2c32a5e4474f12b37f632a809b5a5ceb8c6289ecf828e736b4ec452b1c2757bd0b5ed13eff5a7a47ab2ef6cdf60a8d749e9e8603f30d12b5db8f734c57578a2a4ce5ff5737c1f02c629d2dcb4f82726674663a699de94463ff370fa9eb48158831bf0b68bd6ec84293182d52e860bdd81bb9ce9cdd6a77fea0df25004da34d3cce7a31069646aa4628fba9ccb0952163793be9a4edf49a53f83179c2f44d8c87d6c129e8d590af0f3fced26201ee43b31fccd93b497cd198c5cd1f98d64c4f7ad79ca47278c02652d5dc072a99807e22f473f7bae4da2bafcae48cd49ad55a764b8d39f329f6175eac9074307deff48b1c4a6e19b748766617768c31a17feae8478eb7f9ebfb61af2b9f5a692b636342d7ebc53d7146626b51801b5a0a102e281475decdefb8683d0ca2843dc7aaeb6759bcab0dcba38db44f5d7f797a1c9c02dd159c0e3c72b14dc882d31c24ad8abee4ce0f7f0205e05efef551e2551a61e96636ed5dfd7435d3d24f5a130a12f10452cc954aa770d5d95e3e0cb9d7b05c5506a7947f8ff3437b3d82274fdaa156d85bfb7fbcb4fa5557080fedab86520b71d3d533e7bb3e7e3ebe9712b68e755d700b0afbf7595ffa80a6b3d90bfe599769138ee6515df415e32c0abed2b8e4aea1f47351f490203010001a321301f301d0603551d0e04160414a3c939e6b71c43bc9193f773c0351be1aff311f9300d06092a864886f70d01010b050003820201004e4c865231f2a3583c6af9488ecf9aa96b1ee84e2d7bfad00581537dc70c54ecfcf360e563d018efa4cdd77bf6fc4c9f1a20ebd4215cf1538686d4089bdcc8adb6ae4497ead14b0c18efd52ce93357019973e94e16b3326c60885b1bdc5f9cad1098f16732935876d8d19bda3ceeaaa69a83c4e2231710c6735f88abdfffe3dfa2be3f18f894923441b4e4a9c9664ed6294c16d7c073547063bfdbbefad184a001f1dce2feffdc96d10eb16a3bfbcd382cd297ca3b4edb7ebacd1a9931a1368a5157ceaebbca5b39bd5db5461a340db8ec076d38a94bcdd042bfb51388158ba97a49b631c1762fa746c7bb36eaf15cae23fa993cfb052e824f2ae173ea27b50a6cca91eb955f4faf131514757e5a3ecae9df6d23771279b7742f28fb9ce394eb9e03926f550716f1312355a5efdc479d8347b516cff55cb14307c81280142cacf2fd6562a2baacbfc97869272b1c51abf79121de8bab227e001313d4115eb9b33a332ebb34e290f14b5352ef1038f7a5f3740c9d1136b3526de4331deb4fa529c36a17c04c3e64d4f6ebda73d6e6e18281e3948fd11e685eab6611be1bc62839bce5962715e7f6537e6c083bcd3538d17407b26c850cd6b3f5e2149fdef027a6cfb7ed0f93c928aca14927b10c6a3f104ba1b10413af8b1868b84a004e5ddd065fff26a7bb3c818bb5a2d69aedf9441ef9033efae3ef52282a96f66d4b4ff3f2), time=0 ms
03-11 17:38:16.884  2553 19276 I chatty  : uid=10026(com.oculus.systemux) Binder:2553_7 expire 1 line
03-11 17:38:16.884  2553  2553 I chatty  : uid=10026 com.oculus.systemux:SystemUX expire 100 lines
03-11 17:38:16.884  1961  2329 E TREX    : Plugin FitnessTrackerServerPlugin update: max = 0.033, actual = 0.122. Next plugin update is throttled.
03-11 17:38:16.896  2484  2548 I [OAR] PanelAppHost: Setting panel layer visibility of layer "#main" to invisible
03-11 17:38:16.896  2484  2548 I [OAR] PanelAppHost: Setting panel layer visibility of layer "tablet" to invisible
03-11 17:38:16.896  2484  2548 I [OAR] PanelAppHost: Setting panel layer visibility of layer "tabletNav" to invisible
03-11 17:38:16.896  2484  2548 I [OAR] PanelAppHost: Setting panel layer visibility of layer "tabletContent" to invisible
03-11 17:38:16.896  2484  2548 I [OAR] PanelAppHost: For layer tablet applying new layerTransform:
03-11 17:38:16.896  2484  2548 I [OAR] PanelAppHost: [0.452169][0.000000][0.000000][0.000000]
03-11 17:38:16.896  2484  2548 I [OAR] PanelAppHost: [0.000000][0.200179][0.000000][0.200179]
03-11 17:38:16.896  2484  2548 I [OAR] PanelAppHost: [0.000000][0.000000][1.000000][0.000000]
03-11 17:38:16.896  2484  2548 I [OAR] PanelAppHost: [0.000000][0.000000][0.000000][1.000000]
03-11 17:38:16.896  2484  2548 I [OAR] PanelRenderLayer: Using layerTransform 2. layerWidth:0 , layerHeight:0
03-11 17:38:16.896  2484  2548 I [OAR] PanelAppHost: For layer tabletNav applying new layerTransform:
03-11 17:38:16.896  2484  2548 I [OAR] PanelAppHost: [0.127173][0.000000][0.000000][-0.324997]
03-11 17:38:16.896  2484  2548 I [OAR] PanelAppHost: [0.000000][0.200179][0.000000][0.200179]
03-11 17:38:16.896  2484  2548 I [OAR] PanelAppHost: [0.000000][0.000000][1.000000][0.000000]
03-11 17:38:16.896  2484  2548 I [OAR] PanelAppHost: [0.000000][0.000000][0.000000][1.000000]
03-11 17:38:16.896  2484  2548 I [OAR] PanelRenderLayer: Using layerTransform 2. layerWidth:0 , layerHeight:0
03-11 17:38:16.896  2484  2548 I [OAR] PanelAppHost: For layer tabletContent applying new layerTransform:
03-11 17:38:16.896  2484  2548 I [OAR] PanelAppHost: [0.324997][0.000000][0.000000][0.125995]
03-11 17:38:16.896  2484  2548 I [OAR] PanelAppHost: [0.000000][0.200179][0.000000][0.200179]
03-11 17:38:16.896  2484  2548 I [OAR] PanelAppHost: [0.000000][0.000000][1.000000][0.000100]
03-11 17:38:16.896  2484  2548 I [OAR] PanelAppHost: [0.000000][0.000000][0.000000][1.000000]
03-11 17:38:16.896  2484  2548 I [OAR] PanelRenderLayer: Using layerTransform 2. layerWidth:0 , layerHeight:0
03-11 17:38:16.896  2484  2548 I [OAR] SystemTabletController: Processing pending None tablet.
03-11 17:38:16.896  2484  2548 I [OAR] SystemTabletController: Processing AUI deep link uri /tablet_none.
03-11 17:38:16.896  2484  2548 I [OAR] SystemTaskBarControllerBatteryLevels: Updating left controller battery level from -1 to -1.
03-11 17:38:16.896  2484  2548 I [OAR] SystemTaskBarControllerBatteryLevels: Updating right controller battery level from 50 to 50.
03-11 17:38:16.897  1961  2609 I VrRuntimeService: RuntimeServiceSDKServer::GetGuardianPolygon
03-11 17:38:16.898  2484  2548 I VrRuntimeClient: SyncInternalGuardianState: GetGuardianPolygon: 0
03-11 17:38:16.898  1961  2609 I VrRuntimeService: RuntimeServiceSDKServer::GetGuardianStationaryInfo
03-11 17:38:16.898  1961  2609 I VrRuntimeService: RuntimeServiceSDKServer::GetGuardianSystemState: 4061529756
03-11 17:38:16.901  2484  2548 I [OAR] PanelRenderLayer: ResetSurface 1321 x 598 - shape:2 stereo:0
03-11 17:38:16.902  1961  2607 I VrRuntimeService: UpdateAndroidSurfaceSwapChainDimensions: 149: 1321x598
03-11 17:38:16.902  1961  2607 I VrRuntimeService: UpdateSwapChainSamplerState: 149
03-11 17:38:16.902  1961  2607 I VrRuntimeService: UpdateSwapChainSamplerState: minFilter=1 magFilter=1 wrapModeS=3 warpModeT=3 maxAniso=1.000000 border={0.000000,0.000000,0.000000,0.000000}
03-11 17:38:16.902  2484  2548 I [OAR] PanelRenderLayer: ResetSurface 1323 x 660 - shape:2 stereo:0
03-11 17:38:16.902  2484  2548 I [OAR] PanelAppHost: Resize layer content to size 1321 x 598 shape:2 stereo:0
03-11 17:38:16.902  2484  2548 I [OAR] PanelRenderLayer: ResetSurface 1321 x 598 - shape:2 stereo:0
03-11 17:38:16.902  1961  2607 I VrRuntimeService: UpdateAndroidSurfaceSwapChainDimensions: 149: 1321x598
03-11 17:38:16.902  1961  2607 I VrRuntimeService: UpdateSwapChainSamplerState: 149
03-11 17:38:16.902  1961  2607 I VrRuntimeService: UpdateSwapChainSamplerState: minFilter=1 magFilter=1 wrapModeS=3 warpModeT=3 maxAniso=1.000000 border={0.000000,0.000000,0.000000,0.000000}
03-11 17:38:16.902  2484  2548 I [OAR] PanelRenderLayer: ResetSurface 1321 x 598 - shape:2 stereo:0
03-11 17:38:16.902  1961  2607 I VrRuntimeService: UpdateAndroidSurfaceSwapChainDimensions: 149: 1321x598
03-11 17:38:16.902  1961  2607 I VrRuntimeService: UpdateSwapChainSamplerState: 149
03-11 17:38:16.902  1961  2607 I VrRuntimeService: UpdateSwapChainSamplerState: minFilter=1 magFilter=1 wrapModeS=3 warpModeT=3 maxAniso=1.000000 border={0.000000,0.000000,0.000000,0.000000}
03-11 17:38:16.902  2484  2548 I [OAR] PanelRenderLayer: ResetSurface 1323 x 660 - shape:2 stereo:0
03-11 17:38:16.902  2484  2548 I [OAR] PanelAppHost: Resize layer #main to size 1323 x 660 shape:2 stereo:0
03-11 17:38:16.902  2484  2548 I [OAR] PanelRenderLayer: ResetSurface 1323 x 660 - shape:2 stereo:0
03-11 17:38:16.902  2484  2548 I [OAR] PanelRenderLayer: ResetSurface 1321 x 598 - shape:2 stereo:0
03-11 17:38:16.902  1961  2607 I VrRuntimeService: UpdateAndroidSurfaceSwapChainDimensions: 149: 1321x598
03-11 17:38:16.902  1961  2607 I VrRuntimeService: UpdateSwapChainSamplerState: 149
03-11 17:38:16.902  1961  2607 I VrRuntimeService: UpdateSwapChainSamplerState: minFilter=1 magFilter=1 wrapModeS=3 warpModeT=3 maxAniso=1.000000 border={0.000000,0.000000,0.000000,0.000000}
03-11 17:38:16.902  2484  2548 I [OAR] PanelRenderLayer: ResetSurface 1323 x 660 - shape:2 stereo:0
03-11 17:38:16.902  2484  2548 I [OAR] PanelAppHost: Resize layer content to size 1321 x 598 shape:2 stereo:0
03-11 17:38:16.902  2484  2548 I [OAR] PanelRenderLayer: ResetSurface 1321 x 598 - shape:2 stereo:0
03-11 17:38:16.903  1961  2607 I VrRuntimeService: UpdateAndroidSurfaceSwapChainDimensions: 149: 1321x598
03-11 17:38:16.903  1961  2607 I VrRuntimeService: UpdateSwapChainSamplerState: 149
03-11 17:38:16.903  1961  2607 I VrRuntimeService: UpdateSwapChainSamplerState: minFilter=1 magFilter=1 wrapModeS=3 warpModeT=3 maxAniso=1.000000 border={0.000000,0.000000,0.000000,0.000000}
03-11 17:38:16.903  2484  2548 I [OAR] PanelRenderLayer: ResetSurface 1321 x 598 - shape:2 stereo:0
03-11 17:38:16.903  1961  2607 I VrRuntimeService: UpdateAndroidSurfaceSwapChainDimensions: 149: 1321x598
03-11 17:38:16.903  1961  2607 I VrRuntimeService: UpdateSwapChainSamplerState: 149
03-11 17:38:16.903  1961  2607 I VrRuntimeService: UpdateSwapChainSamplerState: minFilter=1 magFilter=1 wrapModeS=3 warpModeT=3 maxAniso=1.000000 border={0.000000,0.000000,0.000000,0.000000}
03-11 17:38:16.903  2484  2548 I [OAR] PanelRenderLayer: ResetSurface 1323 x 660 - shape:2 stereo:0
03-11 17:38:16.903  2484  2548 I [OAR] PanelAppHost: Resize layer #main to size 1323 x 660 shape:2 stereo:0
03-11 17:38:16.903  2484  2548 I [OAR] PanelRenderLayer: ResetSurface 1323 x 660 - shape:2 stereo:0
03-11 17:38:16.903  2484  2548 I [OAR] PanelRenderLayer: ResetSurface 1321 x 598 - shape:2 stereo:0
03-11 17:38:16.903  1961  2607 I VrRuntimeService: UpdateAndroidSurfaceSwapChainDimensions: 149: 1321x598
03-11 17:38:16.903  1961  2607 I VrRuntimeService: UpdateSwapChainSamplerState: 149
03-11 17:38:16.903  1961  2607 I VrRuntimeService: UpdateSwapChainSamplerState: minFilter=1 magFilter=1 wrapModeS=3 warpModeT=3 maxAniso=1.000000 border={0.000000,0.000000,0.000000,0.000000}
03-11 17:38:16.903  2484  2548 I [OAR] PanelRenderLayer: ResetSurface 1323 x 660 - shape:2 stereo:0
03-11 17:38:16.903  2484  2548 I [OAR] PanelAppHost: Resize layer content to size 1321 x 598 shape:2 stereo:0
03-11 17:38:16.903  2484  2548 I [OAR] PanelRenderLayer: ResetSurface 1321 x 598 - shape:2 stereo:0
03-11 17:38:16.903  1961  2607 I VrRuntimeService: UpdateAndroidSurfaceSwapChainDimensions: 149: 1321x598
03-11 17:38:16.903  1961  2607 I VrRuntimeService: UpdateSwapChainSamplerState: 149
03-11 17:38:16.903  1961  2607 I VrRuntimeService: UpdateSwapChainSamplerState: minFilter=1 magFilter=1 wrapModeS=3 warpModeT=3 maxAniso=1.000000 border={0.000000,0.000000,0.000000,0.000000}
03-11 17:38:16.903  2484  2548 I [OAR] PanelRenderLayer: ResetSurface 1321 x 598 - shape:2 stereo:0
03-11 17:38:16.903  1961  2607 I VrRuntimeService: UpdateAndroidSurfaceSwapChainDimensions: 149: 1321x598
03-11 17:38:16.904  1961  2607 I VrRuntimeService: UpdateSwapChainSamplerState: 149
03-11 17:38:16.904  1961  2607 I VrRuntimeService: UpdateSwapChainSamplerState: minFilter=1 magFilter=1 wrapModeS=3 warpModeT=3 maxAniso=1.000000 border={0.000000,0.000000,0.000000,0.000000}
03-11 17:38:16.904  2484  2548 I [OAR] PanelRenderLayer: ResetSurface 1323 x 660 - shape:2 stereo:0
03-11 17:38:16.904  2484  2548 I [OAR] PanelAppHost: Resize layer #main to size 1323 x 660 shape:2 stereo:0
03-11 17:38:16.904  2484  2548 I [OAR] PanelRenderLayer: ResetSurface 1323 x 660 - shape:2 stereo:0
03-11 17:38:16.904  2484  2548 I [OAR] PanelRenderLayer: ResetSurface 1321 x 598 - shape:2 stereo:0
03-11 17:38:16.904  1961  2607 I VrRuntimeService: UpdateAndroidSurfaceSwapChainDimensions: 149: 1321x598
03-11 17:38:16.904  1961  2607 I VrRuntimeService: UpdateSwapChainSamplerState: 149
03-11 17:38:16.904  1961  2607 I VrRuntimeService: UpdateSwapChainSamplerState: minFilter=1 magFilter=1 wrapModeS=3 warpModeT=3 maxAniso=1.000000 border={0.000000,0.000000,0.000000,0.000000}
03-11 17:38:16.904  2484  2548 I [OAR] PanelRenderLayer: ResetSurface 1323 x 660 - shape:2 stereo:0
03-11 17:38:16.904  2484  2548 I [OAR] PanelAppHost: Resize layer content to size 1321 x 598 shape:2 stereo:0
03-11 17:38:16.904  2484  2548 I [OAR] PanelRenderLayer: ResetSurface 1321 x 598 - shape:2 stereo:0
03-11 17:38:16.904  1961  2607 I VrRuntimeService: UpdateAndroidSurfaceSwapChainDimensions: 149: 1321x598
03-11 17:38:16.904  1961  2607 I VrRuntimeService: UpdateSwapChainSamplerState: 149
03-11 17:38:16.904  1961  2607 I VrRuntimeService: UpdateSwapChainSamplerState: minFilter=1 magFilter=1 wrapModeS=3 warpModeT=3 maxAniso=1.000000 border={0.000000,0.000000,0.000000,0.000000}
03-11 17:38:16.904  2484  2548 I [OAR] PanelRenderLayer: ResetSurface 1321 x 598 - shape:2 stereo:0
03-11 17:38:16.904  1961  2607 I VrRuntimeService: UpdateAndroidSurfaceSwapChainDimensions: 149: 1321x598
03-11 17:38:16.904  1961  2607 I VrRuntimeService: UpdateSwapChainSamplerState: 149
03-11 17:38:16.904  1961  2607 I VrRuntimeService: UpdateSwapChainSamplerState: minFilter=1 magFilter=1 wrapModeS=3 warpModeT=3 maxAniso=1.000000 border={0.000000,0.000000,0.000000,0.000000}
03-11 17:38:16.904  2484  2548 I [OAR] PanelRenderLayer: ResetSurface 1323 x 660 - shape:2 stereo:0
03-11 17:38:16.904  2484  2548 I [OAR] PanelAppHost: Resize layer #main to size 1323 x 660 shape:2 stereo:0
03-11 17:38:16.904  2484  2548 I [OAR] PanelRenderLayer: ResetSurface 1323 x 660 - shape:2 stereo:0
03-11 17:38:16.904  2484  2548 I [OAR] PanelRenderLayer: Using layerTransform 2. layerWidth:0 , layerHeight:0
03-11 17:38:16.904  2484  2548 I [OAR] PanelRenderLayer: Using layerTransform 2. layerWidth:0 , layerHeight:0
03-11 17:38:16.905  1961  2607 I VrRuntimeService: CreateSwapChain: 330256344
03-11 17:38:16.905  1961  2607 I VrRuntimeService: CreateSwapChain: api:vk 0 0x2b 1323 660 11 3 1 4 15
03-11 17:38:16.907  1961  2607 I VrRuntimeServer: CreateTextureSwapChain: result importswapchaingles 1
03-11 17:38:16.908  1885 20902 I libjingle: [23605:286] [20902] (opensslidentity.cc:82): Returning key pair
03-11 17:38:16.908  1885 20902 I libjingle: [23605:286] [20902] (opensslidentity.cc:89): Making certificate for WebRTC
03-11 17:38:16.912  1885 20902 I libjingle: [23605:290] [20902] (opensslidentity.cc:137): Returning certificate
03-11 17:38:16.914  2438  2822 I SwapChain_Vulkan: Imported texture has requirements 8, ends up index 3
03-11 17:38:16.914  2438  2822 I chatty  : uid=10050(com.oculus.shellenv) Thread-27 identical 4 lines
03-11 17:38:16.914  2438  2822 I SwapChain_Vulkan: Imported texture has requirements 8, ends up index 3
03-11 17:38:16.916  1885  1885 I OVRPlatform: [RequestStopwatch] AndroidFinishInitialization took 579.4120 milliseconds
03-11 17:38:16.917  1885  1885 I OVRPlatform: [RequestStopwatch] AndroidSynchronousInitialize took 581.3660 milliseconds
03-11 17:38:16.917  1885  1885 I PlatformPlugin: [PlatformPluginManager] Successfully initialized Platform
03-11 17:38:16.917  1885  1885 D PlatformPlugin: [PlatformPluginManager] Releasing lock: nativeInit
03-11 17:38:16.917 16969 16969 I chromium: [INFO:panel_app.cc(1355)] HandleShellForeground
03-11 17:38:16.917  2484  2548 I [OAR] SystemUXController: OnReorient(reason: 3)
03-11 17:38:16.917 16969 16969 I chromium: [INFO:panel_nav_ui_interface.cc(222)] PanelNavUiInterface::AppStateChanged (2), handler = 0xbdc77574
03-11 17:38:16.918 16969 16969 I chromium: [INFO:panel_app_nav_ui_message_handler.cc(68)] AppStateChanged - FOREGROUND
03-11 17:38:16.918  2484  2548 I [OAR] TelemetryProvider: aui_reorient system 0 0 0 
03-11 17:38:16.918 16969 16969 I cr_PanelApp: onForeground
03-11 17:38:16.918 16969 16969 I HydraApplication: onAppShown
03-11 17:38:16.919 16969 16969 I cr_VrShellDelegate.Oculus: exitVRIfNecessary, inVR? false
03-11 17:38:16.919 16969 16969 I cr_VrShellDelegate.Oculus: forceExitVR
03-11 17:38:16.919  1885  1885 I OVRPlatform: [AudioManager] SetHeadphoneStatus: DISCONNECTED
03-11 17:38:16.919  1885  1885 I OVRPlatform: [AudioManager] Current headsetMounted_ true
03-11 17:38:16.919  1885  1885 I OVRPlatform: [AudioManager] Current headphoneStatus_: DISCONNECTED
03-11 17:38:16.920  1030 19361 I chatty  : uid=1000(system) Binder:1030_1A expire 3 lines
03-11 17:38:16.923  1885  1885 I OVRPlatform: [AudioManager] SetHeadsetMounted: true
03-11 17:38:16.923  1885  1885 I OVRPlatform: [AudioManager] Current headsetMounted_ true
03-11 17:38:16.923  1885  1885 I OVRPlatform: [AudioManager] Current headphoneStatus_: DISCONNECTED
03-11 17:38:16.928  1030 26017 I chatty  : uid=1000(system) Binder:1030_10 expire 1 line
03-11 17:38:16.929  2484  2548 I VrRuntimeClient: UpdateEvents: HMT was mounted
03-11 17:38:16.929  2484  2548 I VrApi   : Received ovrRuntime event 2
03-11 17:38:16.929  2484  2548 I VrApi   : Received ovrRuntime event 4
03-11 17:38:16.929  2484  2548 I VrApi   : Received ovrRuntime event 12
03-11 17:38:16.929  2484  2548 I VrApi   : Unhandled ovrRuntime Event 13
03-11 17:38:16.929  2484 20939 I FenceChecker: FenceChecker::MainLoop - started
03-11 17:38:16.929  1987  9715 I LibraryProvider: running queryApp(com.oculus.shellenv) for com.oculus.uid:10031
03-11 17:38:16.929  1987  9715 W LibraryProvider: Cannot find entitlement for com.oculus.shellenv
03-11 17:38:16.930  1885  1885 W OVRLibrary: null cursor received for query content://com.oculus.ocms.library/apps/com.oculus.shellenv
03-11 17:38:16.930  1885  1885 I PlatformPlugin: [PlatformPluginManager] SetSystemVoipPassthrough 0
03-11 17:38:16.930  1885  1885 E OVRPlatform: [PartiesAPI] ovr_Party_PluginGetSharedMemHandle: This function is deprecated, do not use
03-11 17:38:16.932  2484  2548 I VrApi   : Received ovrRuntime event 11
03-11 17:38:16.933  2484  2548 I [OAR] GuardianController: renderMode != desiredRenderMode: (3, 3, 2, 0, 2), (3, 1, 2, 0, 2)
03-11 17:38:16.934  2345  2630 I VrGuardianService: GuardianSDKServer::SetGuardianRenderMode
03-11 17:38:16.934  1961  2608 I VrRuntimeService: RuntimeServiceSDKServer::SetGuardianStationaryInfo: 3239141378
03-11 17:38:16.935  2438  2470 I VrApi   : vrapi_SetDisplayRefreshRate: display refresh rate supported 90.000000
03-11 17:38:16.936  2438  2470 I Clay    : OculusVRSystem:configureRendering: allocating primary render target
03-11 17:38:16.936  1961  2607 I VrRuntimeService: CreateSwapChain: 330256344
03-11 17:38:16.936  1961  2607 I VrRuntimeService: CreateSwapChain: api:vk 2 0x2b 1440 1584 1 3 2 0 15
03-11 17:38:16.938  1961  2607 I VrRuntimeServer: CreateTextureSwapChain: result importswapchaingles 1
03-11 17:38:16.948  2438  2470 I SwapChain_Vulkan: Imported texture has requirements 8, ends up index 3
03-11 17:38:16.948  2438  2470 I chatty  : uid=10050(com.oculus.shellenv) OVR::ShellEnv identical 1 line
03-11 17:38:16.949  2438  2470 I SwapChain_Vulkan: Imported texture has requirements 8, ends up index 3
03-11 17:38:16.957  2438  2470 W VrRuntimeClient: GetSamplerStateFromClientTexture: not currently supported for Vulkan.
03-11 17:38:16.957  2438  2470 W VrRuntimeClient: GetSamplerStateFromClientTexture: not currently supported for Vulkan.
03-11 17:38:16.958  1961  2609 I VrRuntimeService: RuntimeServiceSDKServer::GetGuardianPolygon
03-11 17:38:16.958  2484  2548 I VrRuntimeClient: SyncInternalGuardianState: GetGuardianPolygon: 0
03-11 17:38:16.958  1961  2609 I VrRuntimeService: RuntimeServiceSDKServer::GetGuardianStationaryInfo
03-11 17:38:16.958  1961  2609 I VrRuntimeService: RuntimeServiceSDKServer::GetGuardianSystemState: 4061529756
03-11 17:38:16.959  2553 20940 I chatty  : uid=10026 com.oculus.systemux:SystemUX expire 24 lines
03-11 17:38:16.959  2438  2470 I Clay    : EnvironmentSystem: computed visibility changed from Hidden to Visible (reason: <none>)
03-11 17:38:16.959   781  1669 V C2Store : in init
03-11 17:38:16.959  2438  2470 I Clay    : EnvironmentSystem: Loading gltf.ovrscene from zip 'apk://com.oculus.environment.prod.spacestation/assets/scene.zip'
03-11 17:38:16.959   781  1669 V C2Store : loading dll
03-11 17:38:16.959  1030  1052 W InputReader: Device has associated, but no associated display id.
03-11 17:38:16.962  1961 20916 I SwapChain_GLES: AttachSurfaceSwapChainGLES: attaching 0x705cc99000
03-11 17:38:16.964  1961 20916 I TimeWarpProgs: loaded binary layerProgram 1:0x41a07:0x0 in 1.1 ms
03-11 17:38:16.966  1961 20916 I TimeWarpProgs: loaded binary layerProgram 0:0x41807:0x0 in 1.2 ms
03-11 17:38:16.967  1961 20916 I TimeWarpProgs: loaded binary layerProgram 2:0x48007:0x0 in 0.9 ms
03-11 17:38:16.969 16969 16969 I cr_PanelApp: calling GetGestureTarget - content: 246270168
03-11 17:38:16.969 16969 16969 I cr_PanelApp: GetGestureTarget
03-11 17:38:16.969 16969 16969 I cr_PanelApp: GetGestureTarget - OculusUiGestureTarget
03-11 17:38:16.969 16969 16969 I chromium: [INFO:panel_app.cc(289)] SetWebContents:  0xbdb9b200
03-11 17:38:16.970 16969 16969 I chromium: [INFO:panel_app.cc(338)] Setting WebContents
03-11 17:38:16.970 16969 16969 I Experimentation: getBooleanValue: sessionless__oculus_browser_desktop_mode_by_default_universe - default_desktop_mode
03-11 17:38:16.970 16969 16969 E Experimentation: Universe sessionless__oculus_browser_desktop_mode_by_default_universe has no param default_desktop_mode
03-11 17:38:16.971 16969 16969 I Experimentation: getBooleanValue: sessionless__oculus_browser_desktop_mode_by_default_universe - default_desktop_mode
03-11 17:38:16.971 16969 16969 E Experimentation: Universe sessionless__oculus_browser_desktop_mode_by_default_universe has no param default_desktop_mode
03-11 17:38:16.971 16969 16969 I Experimentation: getBooleanValue: sessionless__oculus_browser_desktop_mode_by_default_universe - default_desktop_mode
03-11 17:38:16.971 16969 16969 E Experimentation: Universe sessionless__oculus_browser_desktop_mode_by_default_universe has no param default_desktop_mode
03-11 17:38:16.971 16969 16969 I Experimentation: getBooleanValue: sessionless__oculus_browser_desktop_mode_by_default_universe - default_desktop_mode
03-11 17:38:16.971 16969 16969 E Experimentation: Universe sessionless__oculus_browser_desktop_mode_by_default_universe has no param default_desktop_mode
03-11 17:38:16.972 16969 16969 I chromium: [INFO:panel_app.cc(574)] EnsureDownloadHelper using view 1
03-11 17:38:16.972 16969 16969 I chromium: [INFO:panel_nav_ui_interface.cc(715)] PanelNavUiInterface::SetDownloads: 0
03-11 17:38:16.972 16969 16969 I chromium: [INFO:panel_compositor.cc(50)] SetContentsLayer 0xbdb9b200 rect: 0,0 1320x598
03-11 17:38:16.972 16969 16969 I chromium: [INFO:panel_compositor.cc(130)] UpdateFullscreenBackground is_immersive_: 0 fullscreen: 0
03-11 17:38:16.972 16969 16969 I chromium: [INFO:panel_compositor.cc(43)] SetWindowBounds width: 1320 height: 598
03-11 17:38:16.972 16969 16969 I chromium: [INFO:panel_compositor.cc(50)] SetContentsLayer 0xbdc30e00 rect: 0,0 1323x660
03-11 17:38:16.972 16969 16969 I chromium: [INFO:panel_compositor.cc(43)] SetWindowBounds width: 1323 height: 660
03-11 17:38:16.973 16969 16969 I cr_PanelApp: setWebContentsWindowAndSize useContentWindow:true,  windowWidth: 1320, windowHeight: 598
03-11 17:38:16.973 16969 16969 I cr_PanelApp: setWebContentsWindowAndSize onSizeChanged width:1320 height:598
03-11 17:38:16.973 16969 16969 I cr_PanelApp: setWebContentsWindowAndSize nativeOnPhysicalBackingSizeChanged width:1320 height:598
03-11 17:38:16.973 16969 16969 I chromium: [INFO:panel_app.cc(1755)] OnPhysicalBackingSizeChanged 0xbdb9b200 width: 1320 height: 598
03-11 17:38:16.975 16969 16969 I cr_PanelApp: setWebContentsWindowAndSize useContentWindow:false,  windowWidth: 1323, windowHeight: 660
03-11 17:38:16.975 16969 16969 I cr_PanelApp: setWebContentsWindowAndSize onSizeChanged width:1323 height:660
03-11 17:38:16.975 16969 16969 I cr_PanelApp: setWebContentsWindowAndSize nativeOnPhysicalBackingSizeChanged width:1323 height:660
03-11 17:38:16.975 16969 16969 I chromium: [INFO:panel_app.cc(1755)] OnPhysicalBackingSizeChanged 0xbdc30e00 width: 1323 height: 660
03-11 17:38:16.975 16969 16969 I Experimentation: getBooleanValue: sessionless__oculus_browser_desktop_mode_by_default_universe - default_desktop_mode
03-11 17:38:16.975 16969 16969 E Experimentation: Universe sessionless__oculus_browser_desktop_mode_by_default_universe has no param default_desktop_mode
03-11 17:38:16.976 16969 16969 I cr_PanelSurface: onForeground
03-11 17:38:16.978  1030  1054 W InputReader: Device has associated, but no associated display id.
03-11 17:38:16.984   765  1248 D BufferPoolAccessor: bufferpool2 0xf46be110 : 0(0 size) total buffers - 0(0 size) used buffers - 9/20 (recycle/alloc) - 11/30 (fetch/transfer)
03-11 17:38:16.984   765  1248 D BufferPoolAccessor: Destruction - bufferpool2 0xf46be110 cached: 0/0M, 0/0% in use; allocs: 20, 45% recycled; transfers: 30, 63% unfetced
03-11 17:38:16.989 16969 16969 I cr_PanelSurface: onForeground
03-11 17:38:16.994   781 20941 D SimpleC2Component: Using output block pool with poolID 65 => got 65 - 0
03-11 17:38:16.997  1885  1885 E OVRMediaServiceManager: LivestreamingManager Not initialized
03-11 17:38:16.998   764   764 D MediaBufferGroup: creating MemoryDealer
03-11 17:38:16.999 16969 16969 I chromium: [INFO:panel_compositor.cc(50)] SetContentsLayer 0xbdb9b200 rect: 0,0 1320x598
03-11 17:38:16.999 16969 16969 I chromium: [INFO:panel_compositor.cc(130)] UpdateFullscreenBackground is_immersive_: 0 fullscreen: 0
03-11 17:38:16.999 16969 16969 I chromium: [INFO:panel_compositor.cc(43)] SetWindowBounds width: 1320 height: 598
03-11 17:38:16.999 16969 16969 I chromium: [INFO:panel_compositor.cc(50)] SetContentsLayer 0xbdc30e00 rect: 0,0 1323x660
03-11 17:38:17.000 16969 16969 I chromium: [INFO:panel_compositor.cc(43)] SetWindowBounds width: 1323 height: 660
03-11 17:38:17.000 16969 16969 I cr_PanelApp: setWebContentsWindowAndSize useContentWindow:true,  windowWidth: 1320, windowHeight: 598
03-11 17:38:17.000 16969 16969 I cr_PanelApp: setWebContentsWindowAndSize onSizeChanged width:1320 height:598
03-11 17:38:17.000 16969 16969 I cr_PanelApp: setWebContentsWindowAndSize nativeOnPhysicalBackingSizeChanged width:1320 height:598
03-11 17:38:17.000 16969 16969 I chromium: [INFO:panel_app.cc(1755)] OnPhysicalBackingSizeChanged 0xbdb9b200 width: 1320 height: 598
03-11 17:38:17.001 16969 16969 I cr_PanelApp: setWebContentsWindowAndSize useContentWindow:false,  windowWidth: 1323, windowHeight: 660
03-11 17:38:17.001 16969 16969 I cr_PanelApp: setWebContentsWindowAndSize onSizeChanged width:1323 height:660
03-11 17:38:17.001 16969 16969 I cr_PanelApp: setWebContentsWindowAndSize nativeOnPhysicalBackingSizeChanged width:1323 height:660
03-11 17:38:17.002 16969 16969 I chromium: [INFO:panel_app.cc(1755)] OnPhysicalBackingSizeChanged 0xbdc30e00 width: 1323 height: 660
03-11 17:38:17.002 16969 16969 I chromium: [INFO:panel_app.cc(2375)] SetFullscreen entered_fullscreen 0
03-11 17:38:17.002 16969 16969 I chromium: [INFO:panel_surface_manager.cc(814)] SetFullscreen fullscreen: 0
03-11 17:38:17.002 16969 16969 I chromium: [INFO:panel_nav_ui_interface.cc(110)] PanelNavUiInterface::SetFullscreen = 0
03-11 17:38:17.002 16969 16969 I cr_PanelApp: updateRefreshRate: rate = 0.0
03-11 17:38:17.002 16969 16969 I chromium: [INFO:environment.cc(153)] UpdateRefreshRate updating suggestedMediaFPS isFullScreen change to 0 and sending command suggestedMediaFPS 0
03-11 17:38:17.002 16969 16969 I chromium: [INFO:panel_surface_manager.cc(494)] UpdateSurfacesForFrame navui_showing 1
03-11 17:38:17.007   669   669 W ServiceManager: Permission failure: com.oculus.permission.READ_SETTINGS from uid=10041 pid=16969
03-11 17:38:17.015  1030  1357 E AppOps  : Cannot setMode
03-11 17:38:17.015  1030  1357 E AppOps  : java.lang.SecurityException: Specified package com.oculus.browser under uid 90019 but it is really 10041
03-11 17:38:17.015  1030  1357 E AppOps  : 	at com.android.server.appop.AppOpsService.verifyAndGetIsPrivileged(AppOpsService.java:2634)
03-11 17:38:17.015  1030  1357 E AppOps  : 	at com.android.server.appop.AppOpsService.setMode(AppOpsService.java:1461)
03-11 17:38:17.015  1030  1357 E AppOps  : 	at com.android.server.am.ActivityManagerService.setAppOpMode(ActivityManagerService.java:16405)
03-11 17:38:17.015  1030  1357 E AppOps  : 	at com.android.server.am.ActivityManagerService.onTopAppStatusChanged(ActivityManagerService.java:16362)
03-11 17:38:17.015  1030  1357 E AppOps  : 	at com.android.server.am.OomAdjuster.updateOomAdjLocked(OomAdjuster.java:468)
03-11 17:38:17.015  1030  1357 E AppOps  : 	at com.android.server.am.ActivityManagerService.updateOomAdjLocked(ActivityManagerService.java:17252)
03-11 17:38:17.015  1030  1357 E AppOps  : 	at com.android.server.am.ActiveServices.bindServiceLocked(ActiveServices.java:1810)
03-11 17:38:17.015  1030  1357 E AppOps  : 	at com.android.server.am.ActivityManagerService.bindIsolatedService(ActivityManagerService.java:14284)
03-11 17:38:17.015  1030  1357 E AppOps  : 	at android.app.IActivityManager$Stub.onTransact(IActivityManager.java:2256)
03-11 17:38:17.015  1030  1357 E AppOps  : 	at com.android.server.am.ActivityManagerService.onTransact(ActivityManagerService.java:2763)
03-11 17:38:17.015  1030  1357 E AppOps  : 	at android.os.Binder.execTransactInternal(Binder.java:1021)
03-11 17:38:17.015  1030  1357 E AppOps  : 	at android.os.Binder.execTransact(Binder.java:994)
03-11 17:38:17.015  2484  2548 I [OAR] PanelRenderLayer: ResetSurface 1321 x 598 - shape:2 stereo:0
03-11 17:38:17.016  1961  2607 I VrRuntimeService: UpdateAndroidSurfaceSwapChainDimensions: 149: 1321x598
03-11 17:38:17.016  1961  2607 I VrRuntimeService: UpdateSwapChainSamplerState: 149
03-11 17:38:17.016  1961  2607 I VrRuntimeService: UpdateSwapChainSamplerState: minFilter=1 magFilter=1 wrapModeS=3 warpModeT=3 maxAniso=1.000000 border={0.000000,0.000000,0.000000,0.000000}
03-11 17:38:17.016  2484  2548 I [OAR] PanelRenderLayer: ResetSurface 1323 x 660 - shape:2 stereo:0
03-11 17:38:17.016  2484  2548 I [OAR] PanelAppHost: Resize layer content to size 1321 x 598 shape:2 stereo:0
03-11 17:38:17.016  2484  2548 I [OAR] PanelRenderLayer: ResetSurface 1321 x 598 - shape:2 stereo:0
03-11 17:38:17.016  1961  2607 I VrRuntimeService: UpdateAndroidSurfaceSwapChainDimensions: 149: 1321x598
03-11 17:38:17.016  1961  2607 I VrRuntimeService: UpdateSwapChainSamplerState: 149
03-11 17:38:17.016  1961  2607 I VrRuntimeService: UpdateSwapChainSamplerState: minFilter=1 magFilter=1 wrapModeS=3 warpModeT=3 maxAniso=1.000000 border={0.000000,0.000000,0.000000,0.000000}
03-11 17:38:17.016  2484  2548 I [OAR] PanelRenderLayer: ResetSurface 1321 x 598 - shape:2 stereo:0
03-11 17:38:17.016  1961  2607 I VrRuntimeService: UpdateAndroidSurfaceSwapChainDimensions: 149: 1321x598
03-11 17:38:17.016  1961  2607 I VrRuntimeService: UpdateSwapChainSamplerState: 149
03-11 17:38:17.016  1961  2607 I VrRuntimeService: UpdateSwapChainSamplerState: minFilter=1 magFilter=1 wrapModeS=3 warpModeT=3 maxAniso=1.000000 border={0.000000,0.000000,0.000000,0.000000}
03-11 17:38:17.016  2484  2548 I [OAR] PanelRenderLayer: ResetSurface 1323 x 660 - shape:2 stereo:0
03-11 17:38:17.016  2484  2548 I [OAR] PanelAppHost: Resize layer #main to size 1323 x 660 shape:2 stereo:0
03-11 17:38:17.016  2484  2548 I [OAR] PanelRenderLayer: ResetSurface 1323 x 660 - shape:2 stereo:0
03-11 17:38:17.024  1427  1427 D OculusNotificationListenerService: Notification posted: 0|com.oculus.horizon|135234|null|10031
03-11 17:38:17.027  2351  2351 I [OAO] VrNotificationListenerService: onNotificationPosted(): key = 0|com.oculus.horizon|135234|null|10031, type = first_party_unspecified
03-11 17:38:17.027  2351  2351 I [OAO] VrNotificationListenerService: onNotificationPosted(): user|package|tag|id = UserHandle{0}|com.oculus.horizon|null|135234
03-11 17:38:17.028  1987 25994 I LibraryProvider: running queryApp(com.oculus.shellenv) for com.oculus.uid:10031
