03-11 17:38:17.241  2553  2553 I AndroidPanelLayer: Showing layer tabletNav
03-11 17:38:17.242  2553  2553 I AndroidPanelLayer: Unhiding layer tabletNav
03-11 17:38:17.242  1030  1054 I DisplayManagerService: Display device changed state: "com.oculus.android_panel_app.AndroidPanelLayer-tabletNav", ON
03-11 17:38:17.252  2484  2548 I [OAR] PanelAppAnalytics: First frame latency: 0.394 for id 16 com.oculus.systemux/com.oculus.panelapp.anytimeui.AnytimeUIAndroidPanelService
03-11 17:38:17.252  2345  2546 I VrRuntimeClient: UpdateEvents: HMT was mounted
03-11 17:38:17.252  1961  2607 I VrRuntimeService: CreateSwapChain: 330256344
03-11 17:38:17.252  2345  2546 I VrRuntimeClient: Client has lost focus.
03-11 17:38:17.252  1961  2607 I VrRuntimeService: CreateSwapChain: api:vk 0 0x2b 845 180 10 3 1 4 15
03-11 17:38:17.254  1961  2607 I VrRuntimeServer: CreateTextureSwapChain: result importswapchaingles 1
03-11 17:38:17.255  1030  1381 E NetworkStats: problem reading network stats
03-11 17:38:17.255  1030  1381 E NetworkStats: java.lang.IllegalStateException: problem parsing tethering stats: 
03-11 17:38:17.255  1030  1381 E NetworkStats: 	at com.android.server.NetworkManagementService$NetdTetheringStatsProvider.getTetherStats(NetworkManagementService.java:1568)
03-11 17:38:17.255  1030  1381 E NetworkStats: 	at com.android.server.NetworkManagementService.getNetworkStatsTethering(NetworkManagementService.java:1608)
03-11 17:38:17.255  1030  1381 E NetworkStats: 	at com.android.server.net.NetworkStatsService.getNetworkStatsTethering(NetworkStatsService.java:1717)
03-11 17:38:17.255  1030  1381 E NetworkStats: 	at com.android.server.net.NetworkStatsService.getNetworkStatsUidDetail(NetworkStatsService.java:1670)
03-11 17:38:17.255  1030  1381 E NetworkStats: 	at com.android.server.net.NetworkStatsService.recordSnapshotLocked(NetworkStatsService.java:1256)
03-11 17:38:17.255  1030  1381 E NetworkStats: 	at com.android.server.net.NetworkStatsService.performPollLocked(NetworkStatsService.java:1343)
03-11 17:38:17.255  1030  1381 E NetworkStats: 	at com.android.server.net.NetworkStatsService.performPoll(NetworkStatsService.java:1318)
03-11 17:38:17.255  1030  1381 E NetworkStats: 	at com.android.server.net.NetworkStatsService.openSessionInternal(NetworkStatsService.java:568)
03-11 17:38:17.255  1030  1381 E NetworkStats: 	at com.android.server.net.NetworkStatsService.openSessionForUsageStats(NetworkStatsService.java:537)
03-11 17:38:17.255  1030  1381 E NetworkStats: 	at android.net.INetworkStatsService$Stub.onTransact(INetworkStatsService.java:209)
03-11 17:38:17.255  1030  1381 E NetworkStats: 	at android.os.Binder.execTransactInternal(Binder.java:1021)
03-11 17:38:17.255  1030  1381 E NetworkStats: 	at android.os.Binder.execTransact(Binder.java:994)
03-11 17:38:17.255  1030  1381 E NetworkStats: Caused by: android.os.ServiceSpecificException: [Operation not permitted] : failed to fetch tether stats (0): -1 (code 1)
03-11 17:38:17.255  1030  1381 E NetworkStats: 	at android.os.Parcel.createException(Parcel.java:2085)
03-11 17:38:17.255  1030  1381 E NetworkStats: 	at android.os.Parcel.readException(Parcel.java:2039)
03-11 17:38:17.255  1030  1381 E NetworkStats: 	at android.os.Parcel.readException(Parcel.java:1987)
03-11 17:38:17.255  1030  1381 E NetworkStats: 	at android.net.INetd$Stub$Proxy.tetherGetStats(INetd.java:1795)
03-11 17:38:17.255  1030  1381 E NetworkStats: 	at com.android.server.NetworkManagementService$NetdTetheringStatsProvider.getTetherStats(NetworkManagementService.java:1566)
03-11 17:38:17.255  1030  1381 E NetworkStats: 	... 11 more
03-11 17:38:17.256  1030  1381 I DropBoxManagerService: add tag=system_server_wtf isTagEnabled=true flags=0x2
03-11 17:38:17.261  2438  2822 I SwapChain_Vulkan: Imported texture has requirements 8, ends up index 3
03-11 17:38:17.261  2438  2822 I SwapChain_Vulkan: Imported texture has requirements 8, ends up index 3
03-11 17:38:17.262  2553  2553 I AndroidPanelApp: Processing next frame action "layerShow" for layer "tabletContent"
03-11 17:38:17.262  2553  2553 I AndroidPanelApp: nextFrameAction(layerShow, tabletContent)
03-11 17:38:17.262  2553  2553 I AndroidPanelApp: layerShow acknowledged for tabletContent
03-11 17:38:17.262  2553  2553 I AndroidPanelApp: tryShowLayer(tabletContent)
03-11 17:38:17.262  2553  2553 I AndroidPanelLayer: Showing layer tabletContent
03-11 17:38:17.265  2553  2553 I AndroidPanelLayer: Unhiding layer tabletContent
03-11 17:38:17.271  2438  2470 W VrRuntimeClient: GetSamplerStateFromClientTexture: not currently supported for Vulkan.
03-11 17:38:17.273  1030  1054 I DisplayManagerService: Display device changed state: "com.oculus.android_panel_app.AndroidPanelLayer-tabletContent", ON
03-11 17:38:17.274  2553  2553 D [SUI] AnytimeUIBroadcastReceiver: action: com.oculus.intent.action.MOUNT_STATE_CHANGED
03-11 17:38:17.275  1961 20916 I TimeWarpProgs: loaded binary layerProgram 0:0x40005:0x0 in 1.0 ms
03-11 17:38:17.277  2553  2553 E [SUI] SocialViewModel: Party was null while getting active call bar title
03-11 17:38:17.294  2553  2553 I AndroidPanelApp: measureLayerView adjusting initial height from 180 to 1250 due to resize behavior.
03-11 17:38:17.294  2553  2553 I AndroidPanelApp: measureLayerView with initial width 845, initial height 1250, resize behavior WRAP_CONTENT_HEIGHT.
03-11 17:38:17.295  2553  2553 I AndroidPanelApp: Measured width 845 and height 110.
03-11 17:38:17.295  2553  2553 I AndroidPanelApp: Layout change has caused layer "#main" to be resized from 845 X 180 to 845 X 110
03-11 17:38:17.296  2553  2553 I AndroidPanelLayer: Setting size of layer "#main" to have width 845 and height 110
03-11 17:38:17.296  2553  2553 I AndroidPanelLayer: Destroying presentation for layer "#main".
03-11 17:38:17.303  1030 13564 I DisplayManagerService: Display device removed: DisplayDeviceInfo{"com.oculus.android_panel_app.AndroidPanelLayer-#main": uniqueId="virtual:com.oculus.systemux,10026,com.oculus.android_panel_app.AndroidPanelLayer-#main,1", 845 x 180, modeId 102, defaultModeId 102, supportedModes [{id=102, width=845, height=180, fps=60.0}], colorMode 0, supportedColorModes [0], HdrCapabilities null, density 200, 200.0 x 200.0 dpi, appVsyncOff 0, presDeadline 16666666, touch NONE, rotation 0, type VIRTUAL, state ON, owner com.oculus.systemux (uid 10026), FLAG_PRIVATE, FLAG_NEVER_BLANK, FLAG_OWN_CONTENT_ONLY}
03-11 17:38:17.304  2553  2553 I AndroidPanelLayer: Creating presentation for layer "#main" with width 845 and height 110
03-11 17:38:17.305  1885  1885 I PlatformPlugin: [PlatformPluginManager] Stopping party chat
03-11 17:38:17.310  1030 13564 I DisplayManagerService: Display device added: DisplayDeviceInfo{"com.oculus.android_panel_app.AndroidPanelLayer-#main": uniqueId="virtual:com.oculus.systemux,10026,com.oculus.android_panel_app.AndroidPanelLayer-#main,1", 845 x 110, modeId 106, defaultModeId 106, supportedModes [{id=106, width=845, height=110, fps=60.0}], colorMode 0, supportedColorModes [0], HdrCapabilities null, density 200, 200.0 x 200.0 dpi, appVsyncOff 0, presDeadline 16666666, touch NONE, rotation 0, type VIRTUAL, state OFF, owner com.oculus.systemux (uid 10026), FLAG_PRIVATE, FLAG_NEVER_BLANK, FLAG_OWN_CONTENT_ONLY}
03-11 17:38:17.316  2553  2553 I AndroidPanelApp: layerTransform: Showing panel layer "#main" in VrShell with width 845, height 110, position( 0.000000 , 0.000000 ), rotation (0.000000 , 0.000000 , 0.000000 )  hit-testable true, shape 1, and system-positioned true. Density: 4680.000000. Supersampled: false 
03-11 17:38:17.319  2345  2546 I GuardianMapDataMgr: After GuardianMapDataMgr::GetCurrentMapId: Relocalization done:  / 75383443-63d5-405d-8aae-642ded6bd710
03-11 17:38:17.320  1961  2608 I VrRuntimeService: RuntimeServiceSDKServer::SetGuardianSystemState: 3239141378
03-11 17:38:17.320  1961  2609 I VrRuntimeService: RuntimeServiceSDKServer::GetGuardianPolygon
03-11 17:38:17.320  2484  2548 I VrRuntimeClient: SyncInternalGuardianState: GetGuardianPolygon: 0
03-11 17:38:17.320  1961  2609 I VrRuntimeService: RuntimeServiceSDKServer::GetGuardianStationaryInfo
03-11 17:38:17.320  1961  2609 I VrRuntimeService: RuntimeServiceSDKServer::GetGuardianSystemState: 4061529756
03-11 17:38:17.320  2345  2546 I GuardianSystem: UpdateGuardianSystemState: Flags changed: 544768, 524288
03-11 17:38:17.320  2345  2546 I GuardianSystem: UpdateLocalSpaceToCurrentPose
03-11 17:38:17.321  1961  2608 I VrRuntimeService: RuntimeServiceSDKServer::UpdateLocalSpace
03-11 17:38:17.321  1961  2608 I VrRuntimeServer: UpdateLocalSpace: Src: 3, Version: 26, VersionUser: 1, RawFloorHeightOld: -1.182520, RawFloorHeightNew: -1.182520
03-11 17:38:17.321  2345  2546 I GuardianSystem: UpdateSystem: Responding to local space version number change.
03-11 17:38:17.322  2351  2432 I [OAO] LocalSpace: New Space: quat(-0.104711, 0.001238, 0.011761, 0.994432), translation(0.000000, 1.143129, 0.000000) - Prior Space: quat(-0.173435, 0.008273, 0.046926, 0.983692), translation(0.000000, 0.715316, 0.000000)
03-11 17:38:17.322  2351  2432 I [OAO] LocalSpace: Local space version from 25 to 26, local space user version from 1 to 1.
03-11 17:38:17.322  2438  2470 I VrApi   : Unhandled ovrRuntime Event 13
03-11 17:38:17.322  2351  2432 I VrApi   : Unhandled ovrRuntime Event 13
03-11 17:38:17.327  1961  2339 I ClientMgr: MountStateShouldPushBlack: Tracking changed to VALID
03-11 17:38:17.330  2484  2548 I VrApi   : Unhandled ovrRuntime Event 13
03-11 17:38:17.330  2484  2548 I [OAR] LocalSpace: New Space: quat(-0.104711, 0.001238, 0.011761, 0.994432), translation(0.000000, 1.143129, 0.000000) - Prior Space: quat(-0.173435, 0.008273, 0.046926, 0.983692), translation(0.000000, 0.715316, 0.000000)
03-11 17:38:17.330  2484  2548 I [OAR] LocalSpace: Local space version from 25 to 26, local space user version from 1 to 1.
03-11 17:38:17.331  2484  2548 I [OAR] SystemUXController: OnReorient(reason: 3)
03-11 17:38:17.335  2484  2548 I [OAR] TelemetryProvider: aui_reorient system 0 0 0 
03-11 17:38:17.343  1030  1052 W InputReader: Device has associated, but no associated display id.
03-11 17:38:17.348  1030  2517 W WindowManager: Failed looking up window callers=com.android.server.wm.WindowManagerService.windowForClientLocked:5326 com.android.server.wm.WindowManagerService.finishDrawingWindow:2428 com.android.server.wm.Session.finishDrawing:231 
03-11 17:38:17.351  2345  2546 I GuardianSurfaceMgr: ForceShowSurfaceBounds: false, 1.00
03-11 17:38:17.351  2345  2546 I GuardianSurfaceMgr: ForceShowSurfaceBounds: Soft fade out: currentTime 24477.84, ForceShowTime 24478.84, ForceShowFadeTime 24479.84
03-11 17:38:17.351  2345  2546 W OsSdk   : Requested historical tracking state too far in the past; oldest: 24477.576476s, requested: 24456.583250s
03-11 17:38:17.353  1030  1054 W InputReader: Device has associated, but no associated display id.
03-11 17:38:17.353  1030  1054 I ActivityTaskManager: Override config changes=20005df8 {0.0 ?mcc?mnc ?localeList ?layoutDir sw88dp w676dp h88dp 200dpi nrml long land ?uimode ?night -touch qwerty/v/v -nav/h winConfig={ mBounds=Rect(0, 0 - 845, 110) mAppBounds=Rect(0, 0 - 845, 110) mWindowingMode=fullscreen mDisplayWindowingMode=fullscreen mActivityType=undefined mAlwaysOnTop=undefined mRotation=ROTATION_0}} for displayId=102
03-11 17:38:17.395  2553  2553 I AndroidPanelApp: Processing next frame action "layerResize" for layer "#main"
03-11 17:38:17.395  2553  2553 I AndroidPanelApp: nextFrameAction(layerResize, #main)
03-11 17:38:17.395  2553  2553 I AndroidPanelApp: layerResize is waiting for next frame
03-11 17:38:17.395  2553  2553 I AndroidPanelApp: Processing pending show layer info for layer #main with width 845 and height 110.
03-11 17:38:17.395  2553  2553 I AndroidPanelApp: layerSupersample no changes
03-11 17:38:17.395  1885  1885 W VRLifecycleManager: onVRSessionStarted
03-11 17:38:17.399  2484  2548 I [OAR] PanelRenderLayer: ResetSurface 845 x 180 - shape:1 stereo:0
03-11 17:38:17.399  2484  2548 I [OAR] PanelRenderLayer: ResetSurface 0 x 0 - shape:0 stereo:0
03-11 17:38:17.399  2484  2548 I [OAR] PanelRenderLayer: ResetSurface 0 x 0 - shape:0 stereo:0
03-11 17:38:17.399  2484  2548 I [OAR] PanelRenderLayer: ResetSurface 960 x 425 - shape:1 stereo:0
03-11 17:38:17.399  1961  2607 I VrRuntimeService: UpdateAndroidSurfaceSwapChainDimensions: 255: 960x425
03-11 17:38:17.399  1961  2607 I VrRuntimeService: UpdateSwapChainSamplerState: 255
03-11 17:38:17.399  1961  2607 I VrRuntimeService: UpdateSwapChainSamplerState: minFilter=1 magFilter=1 wrapModeS=3 warpModeT=3 maxAniso=1.000000 border={0.000000,0.000000,0.000000,0.000000}
03-11 17:38:17.400  2484  2548 I [OAR] PanelRenderLayer: Using layerTransform 2. layerWidth:960 , layerHeight:425
03-11 17:38:17.400  2484  2548 I [OAR] PanelRenderLayer: ResetSurface 270 x 425 - shape:1 stereo:0
03-11 17:38:17.400  1961  2607 I VrRuntimeService: UpdateAndroidSurfaceSwapChainDimensions: 256: 270x425
03-11 17:38:17.400  1961  2607 I VrRuntimeService: UpdateSwapChainSamplerState: 256
03-11 17:38:17.400  1961  2607 I VrRuntimeService: UpdateSwapChainSamplerState: minFilter=1 magFilter=1 wrapModeS=3 warpModeT=3 maxAniso=1.000000 border={0.000000,0.000000,0.000000,0.000000}
03-11 17:38:17.400  2484  2548 I [OAR] PanelRenderLayer: Using layerTransform 2. layerWidth:270 , layerHeight:425
03-11 17:38:17.400  2484  2548 I [OAR] PanelRenderLayer: ResetSurface 690 x 425 - shape:1 stereo:0
03-11 17:38:17.400  1961  2607 I VrRuntimeService: UpdateAndroidSurfaceSwapChainDimensions: 257: 690x425
03-11 17:38:17.401  1961  2607 I VrRuntimeService: UpdateSwapChainSamplerState: 257
03-11 17:38:17.401  1961  2607 I VrRuntimeService: UpdateSwapChainSamplerState: minFilter=1 magFilter=1 wrapModeS=3 warpModeT=3 maxAniso=1.000000 border={0.000000,0.000000,0.000000,0.000000}
03-11 17:38:17.402  2484  2548 I [OAR] PanelRenderLayer: Using layerTransform 2. layerWidth:690 , layerHeight:425
03-11 17:38:17.402  2484  2548 I [OAR] PanelRenderLayer: ResetSurface 0 x 0 - shape:0 stereo:0
03-11 17:38:17.403  2484  2548 I [OAR] PanelRenderLayer: ResetSurface 0 x 0 - shape:0 stereo:0
03-11 17:38:17.403  2484  2548 I [OAR] VrShellDesktopBase: Looking for panel not in monitors. Looking in the background task map
03-11 17:38:17.403  2553  2553 I [SUI] OVRAuthHelper: fetchAuthToken - completed, result: -1
03-11 17:38:17.403  2553  2553 I [SUI] TabletNavUtil: PreferencesListener::onChanged([multi_user_beta_enabled_key])
03-11 17:38:17.404  2484  2548 I [OAR] PanelAppHost: Resize layer #main to size 845 x 110 shape:1 stereo:0
03-11 17:38:17.404  2484  2548 I [OAR] PanelRenderLayer: ResetSurface 845 x 110 - shape:1 stereo:0
03-11 17:38:17.406  2553  2553 I AndroidPanelApp: Turning on layer visibility for layer #main.
03-11 17:38:17.406  2553  2553 I AndroidPanelApp: Turning on layer visibility for layer tablet.
03-11 17:38:17.407  2553  2553 I AndroidPanelApp: Turning on layer visibility for layer tabletNav.
03-11 17:38:17.407  2553  2553 I AndroidPanelApp: Turning on layer visibility for layer tabletContent.
03-11 17:38:17.407  2553  2553 I AndroidPanelApp: Processing next frame action "layerShow" for layer "#main"
03-11 17:38:17.407  2553  2553 I AndroidPanelApp: nextFrameAction(layerShow, #main)
03-11 17:38:17.407  2553  2553 I AndroidPanelApp: layerShow acknowledged for #main
03-11 17:38:17.407  2553  2553 I AndroidPanelApp: tryShowLayer(#main)
03-11 17:38:17.407  2553  2553 I AndroidPanelLayer: Showing layer #main
03-11 17:38:17.409  1030  1054 I DisplayManagerService: Display device changed state: "com.oculus.android_panel_app.AndroidPanelLayer-#main", ON
03-11 17:38:17.409  2553  2553 I AndroidPanelLayer: Unhiding layer #main
03-11 17:38:17.421  1961  2607 I VrRuntimeService: CreateSwapChain: 330256344
03-11 17:38:17.421  1961  2607 I VrRuntimeService: CreateSwapChain: api:vk 0 0x2b 845 110 10 3 1 4 15
03-11 17:38:17.422  1961  2607 W SwapChain: CreateTextureSwapChainFoveation: export failed
03-11 17:38:17.423  1961  2607 I VrRuntimeServer: CreateTextureSwapChain: result importswapchaingles 1
03-11 17:38:17.426  2553  2553 D [SUI] StatusView: Updating Device Battery Indicator
03-11 17:38:17.428  2438  2822 I SwapChain_Vulkan: Imported texture has requirements 8, ends up index 3
03-11 17:38:17.428  2438  2822 I SwapChain_Vulkan: Imported texture has requirements 8, ends up index 3
03-11 17:38:17.428  2438  2822 W VrRuntimeClient: CreateTextureSwapChain: Failed to import foveation swapchain
03-11 17:38:17.432  2484  2548 I [OAR] ShellEnvSwapChainApi: Destroying SwapChain:0xae40dbe0
03-11 17:38:17.434  2438  2470 W VrRuntimeClient: GetSamplerStateFromClientTexture: not currently supported for Vulkan.
03-11 17:38:17.437  2484  2548 I [OAR] PanelAppHost: Setting panel layer visibility of layer "#main" to visible
03-11 17:38:17.437  2484  2548 I [OAR] PanelAppHost: Setting panel layer visibility of layer "tablet" to visible
03-11 17:38:17.437  2484  2548 I [OAR] PanelAppHost: Setting panel layer visibility of layer "tabletNav" to visible
03-11 17:38:17.437  2484  2548 I [OAR] PanelAppHost: Setting panel layer visibility of layer "tabletContent" to visible
03-11 17:38:17.438  1961  2607 I VrRuntimeService: DestroySwapChain: swapchain=260
03-11 17:38:17.456  2553  2553 I AndroidPanelApp: measureLayerView adjusting initial height from 110 to 1250 due to resize behavior.
03-11 17:38:17.456  2553  2553 I AndroidPanelApp: measureLayerView with initial width 845, initial height 1250, resize behavior WRAP_CONTENT_HEIGHT.
03-11 17:38:17.456  2553  2553 I AndroidPanelApp: Measured width 845 and height 110.
03-11 17:38:17.468  2553  2553 D [SUI] NotificationBroadcastReceiver: action: com.oculus.intent.action.NOTIF_CHANGE
03-11 17:38:17.468  2553  2553 I NotificationManagerSourceHandler: Dataset has changed
03-11 17:38:17.474  1030 16900 W WindowManager: Failed looking up window callers=com.android.server.wm.WindowManagerService.windowForClientLocked:5326 com.android.server.wm.WindowManagerService.removeWindow:1784 com.android.server.wm.Session.remove:176 
03-11 17:38:17.474  2351  2351 D [OAO] VrBroadcastReceiver: action: com.oculus.vrshell.intent.action.NOTIFICATION_WAKE
03-11 17:38:17.477  2351  2351 D [OAO] VrNotificationService: VrNotificationService onStartCommand() Intent { cmp=com.oculus.vrshell/.VrNotificationService }
03-11 17:38:17.486  2553  2553 I AndroidPanelApp: Turning on layer visibility for layer #main.
03-11 17:38:17.487  2351  2351 D [OAO] VrBroadcastReceiver: action: com.oculus.vrshell.intent.action.NOTIFICATION_WAKE
03-11 17:38:17.489  2351  2351 D [OAO] VrNotificationService: VrNotificationService onStartCommand() Intent { cmp=com.oculus.vrshell/.VrNotificationService }
03-11 17:38:17.490  2553  2553 I AndroidPanelApp: measureLayerView adjusting initial height from 110 to 1250 due to resize behavior.
03-11 17:38:17.490  2553  2553 I AndroidPanelApp: measureLayerView with initial width 845, initial height 1250, resize behavior WRAP_CONTENT_HEIGHT.
03-11 17:38:17.490  2553  2553 I AndroidPanelApp: Measured width 845 and height 110.
03-11 17:38:17.497  2553  2553 D [SUI] NotificationBroadcastReceiver: action: com.oculus.intent.action.NOTIF_CHANGE
03-11 17:38:17.497  2553  2553 I NotificationManagerSourceHandler: Dataset has changed
03-11 17:38:17.497  2484  2548 I [OAR] PanelAppHost: Setting panel layer visibility of layer "#main" to visible
03-11 17:38:17.503  2553  2553 D [SUI] AnytimeUIBroadcastReceiver: action: com.oculus.systemactivities.CAPTURE_STATE_UPDATE
03-11 17:38:17.503  2553  2553 I [SUI] AnytimeUIBroadcastReceiver: handleCaptureStateUpdate: captureToDisk false, captureEnabled false, instantReplay false, isCapturingAbuseReport false, abuseRecordingUUID null
03-11 17:38:17.684  1961  2339 I PerformanceManager: SetClockLevels: Apply pending clock request change: 3,3 -> 4,3
03-11 17:38:17.684  1961 20879 I Clocks  : ReleaseClocks - start
03-11 17:38:17.684  1961 20879 I Clocks  : ReleaseClocks - end (0.3 ms)
03-11 17:38:17.684  1961 20879 I Clocks  : LockClocks( cpu=4, gpu=3 ) - start
03-11 17:38:17.684   715   835 D android.hardware.power@1.3-service-libperfmgr: Unset hint for clock domain: 0
03-11 17:38:17.684  1961 20879 I Clocks  : CPU levels [0, 4]
03-11 17:38:17.684  1961 20879 I Clocks  : GPU levels [0, 5]
03-11 17:38:17.684  1961 20879 I Clocks  : LockClocks( cpu=4, gpu=3 ) - end (0.4 ms)
03-11 17:38:17.685   715   835 D android.hardware.power@1.3-service-libperfmgr: Unset hint for clock domain: 1
03-11 17:38:17.685   715   835 D android.hardware.power@1.3-service-libperfmgr: set performance level 4, domain 0
03-11 17:38:17.686   715   835 D android.hardware.power@1.3-service-libperfmgr: set performance level 3, domain 1
03-11 17:38:17.828  1961  2339 I ClientMgr: Stop pushing black after mount. Show Guardian.
03-11 17:38:17.828  1961  2339 I ClientMgr: Stop showing dots after not pushing black.
03-11 17:38:17.828  1961  2339 I VrRuntimeServer: DisableCompositorClient: 0
03-11 17:38:17.828  1961  2339 I TimeWarpClientMgr: Disable client 0
03-11 17:38:17.829  1961  2339 I TimeWarpClientMgr: DisableClient: frame flush required: 1
03-11 17:38:17.849  2345  2546 I GuardianSystem: runtimeServiceSDKClient_.ForceShowGuardianEvent
03-11 17:38:17.849  2345  2546 I GuardianSystem: ForceShowGuardian: false, 3.00
03-11 17:38:17.849  2345  2546 I GuardianSystem: ForceShowGuardian: Soft fade out: 1.00
03-11 17:38:17.849  2345  2546 I GuardianSystem: runtimeServiceSDKClient_.RelocDurationEventData: 0
03-11 17:38:17.849  2345  2546 I GuardianSystem: runtimeServiceSDKClient_.ClientMgrStateEventData: 1, 0, 1
03-11 17:38:17.880  1961  2608 I VrRuntimeService: RuntimeServiceSDKServer::SetGuardianSystemState: 3239141378
03-11 17:38:17.881  2345  2546 I GuardianSystem: UpdateGuardianSystemState: Flags changed: 524288, 532480
03-11 17:38:17.882  2345  2546 I OpenXR_Actions: ------------ xrCreateActionSpace -----------
03-11 17:38:17.882  2345  2546 I chatty  : uid=10068(com.oculus.guardian) GuardianSystem identical 2 lines
03-11 17:38:17.882  2345  2546 I OpenXR_Actions: ------------ xrCreateActionSpace -----------
03-11 17:38:17.888  1961  2609 I VrRuntimeService: RuntimeServiceSDKServer::GetGuardianPolygon
03-11 17:38:17.888  2484  2548 I VrRuntimeClient: SyncInternalGuardianState: GetGuardianPolygon: 0
03-11 17:38:17.888  1961  2609 I VrRuntimeService: RuntimeServiceSDKServer::GetGuardianStationaryInfo
03-11 17:38:17.888  1961  2609 I VrRuntimeService: RuntimeServiceSDKServer::GetGuardianSystemState: 4061529756
03-11 17:38:17.891  2553  2553 D [SUI] SocialViewModel: updateFriendsListForObservers(): 
03-11 17:38:17.897  2345 20951 I FenceChecker: FenceChecker::MainLoop - started
03-11 17:38:17.902  1961 20916 I TimeWarp: SetSchedFifo( tid=2546, pol=5, pri=1 ) succeeded
03-11 17:38:17.902  2345  2546 I OpenXR  : PostSessionStateChange: XR_SESSION_STATE_READY -> XR_SESSION_STATE_SYNCHRONIZED
03-11 17:38:17.902  1961 20916 I TimeWarp: SetSchedFifo( tid=2742, pol=5, pri=1 ) succeeded
03-11 17:38:17.902  1961 20916 I TimeWarp: SetSchedFifo( tid=20951, pol=5, pri=1 ) succeeded
03-11 17:38:17.910  1961 20916 I TimeWarpProgs: loaded binary layerProgram 0:0x100048087:0x0 in 1.2 ms
03-11 17:38:17.926  2345  2742 W [CT]    : MIXEDREALITY: MrRuntimeImpl: No textures available for rendering session.
03-11 17:38:17.939  2484 20919 I Telemetry: App memory usage: PSS=155MB DalvikPSS=1 MB
03-11 17:38:17.956  2438  2470 I Clay    : EnvironmentSystem: Scene loaded
03-11 17:38:17.956  2438  2470 I Clay    : EnvironmentSystem::update: setting scene background audio for scene zip 'apk://com.oculus.environment.prod.spacestation/assets/scene.zip'
03-11 17:38:17.956  2438  2470 I Clay    : EnvironmentAudioSystem::setSceneBackgroundLoop: set scene audio: apk://com.oculus.environment.prod.spacestation/assets/scene.zip
03-11 17:38:17.981  2345  2742 W [CT]    : MIXEDREALITY: MrRuntimeImpl: No textures available for rendering session.
03-11 17:38:17.986  2351 20921 I Telemetry: App memory usage: PSS=74MB DalvikPSS=1 MB
03-11 17:38:17.992  2438 20920 I Telemetry: App memory usage: PSS=410MB DalvikPSS=0 MB
03-11 17:38:17.993  2438 20920 I VrApi   : FPS=60/90,Prd=0ms,Tear=0,Early=1,Stale=1,VSnc=1,Lat=1,Fov=0,CPU4/GPU=3/3,1478/490MHz,OC=FF,TA=0/70/0,SP=N/F/N,Mem=2092MHz,Free=3588MB,PLS=0,Temp=32.2C/0.0C,TW=3.88ms,App=2.73ms,GD=0.00ms,CPU&GPU=2276.80ms,LCnt=0,GPU%=0.51,CPU%=0.97(W1.00),DSF=1.00
03-11 17:38:18.034  2345  2742 W [CT]    : MIXEDREALITY: MrRuntimeImpl: No textures available for rendering session.
03-11 17:38:18.087  2553  2553 D [SUI] SocialViewModel: loadJoinableParties() - Fetched joinable parties, latency: 893ms count:0
03-11 17:38:18.087  2553  2553 D [SUI] SocialViewModel: setJoinableParties(), no change
03-11 17:38:18.089  2345  2742 W [CT]    : MIXEDREALITY: MrRuntimeImpl: No textures available for rendering session.
03-11 17:38:18.201  2345  2742 I chatty  : uid=10068(com.oculus.guardian) GuardianLayer identical 66 lines
03-11 17:38:18.256  2345  2742 W [CT]    : MIXEDREALITY: MrRuntimeImpl: No textures available for rendering session.
03-11 17:38:18.265  2553  2553 D [SUI] SocialViewModel: loadSocialViewerInfo() - Fetched social viewer info, latency: 1071ms
03-11 17:38:18.265  2553  2553 D [SUI] SocialViewModel: updateFriendsListForObservers(): 
03-11 17:38:18.265  2553  2553 D [SUI] SocialViewModel: updateSocialViewerForObservers(): 
03-11 17:38:18.269  2553  2553 D [SUI] SocialViewModel: updateObserversOnEnoughDataFetched(): 
03-11 17:38:18.312  2345  2742 W [CT]    : MIXEDREALITY: MrRuntimeImpl: No textures available for rendering session.
03-11 17:38:18.358  2345 20946 I Telemetry: App memory usage: PSS=55MB DalvikPSS=3 MB
03-11 17:38:18.368  2345  2742 W [CT]    : MIXEDREALITY: MrRuntimeImpl: No textures available for rendering session.
03-11 17:38:18.424  2345  2742 W [CT]    : MIXEDREALITY: MrRuntimeImpl: No textures available for rendering session.
03-11 17:38:18.449  2553  2553 D [SUI] SocialViewModel: Fetched party: null 
03-11 17:38:18.449  2553  2553 D [SUI] SocialViewModel: setParty() - no change
03-11 17:38:18.479  2345  2742 W [CT]    : MIXEDREALITY: MrRuntimeImpl: No textures available for rendering session.
03-11 17:38:18.497  1409 20950 W ContextImpl: Calling a method in the system process without a qualified user: android.app.ContextImpl.sendBroadcast:1057 android.content.ContextWrapper.sendBroadcast:448 X.Je.A00:155 X.Je.handleMessage:80 android.os.Handler.dispatchMessage:107 
03-11 17:38:18.770  1409 20952 W ContextImpl: Calling a method in the system process without a qualified user: android.app.ContextImpl.sendBroadcast:1057 android.content.ContextWrapper.sendBroadcast:448 X.Je.A00:155 X.Je.handleMessage:80 android.os.Handler.dispatchMessage:107 
03-11 17:38:18.813  2345  2742 W [CT]    : MIXEDREALITY: MrRuntimeImpl: No textures available for rendering session.
03-11 17:38:18.820  2438 20920 I VrApi   : FPS=77/90,Prd=30ms,Tear=0,Early=63,Stale=17,VSnc=1,Lat=1,Fov=0,CPU4/GPU=4/3,1478/490MHz,OC=FF,TA=0/70/0,SP=N/F/N,Mem=1804MHz,Free=3751MB,PLS=0,Temp=32.2C/0.0C,TW=5.80ms,App=11.26ms,GD=1.80ms,CPU&GPU=10.55ms,LCnt=4,GPU%=0.98,CPU%=0.44(W0.55),DSF=1.00
03-11 17:38:18.869  2345  2742 W [CT]    : MIXEDREALITY: MrRuntimeImpl: No textures available for rendering session.
03-11 17:38:18.881   789 20207 D TrackingService: [HANDTRACKING] Controller 46810af132e23f5d in hand: Y, valid: Y
03-11 17:38:18.882  2345  2546 I GuardianControllerCollisionTracker: Guardian Controller Collision: Magnitude: 4.423949, TimeStamp: 24479.353516 sec
03-11 17:38:18.924  2345  2742 W [CT]    : MIXEDREALITY: MrRuntimeImpl: No textures available for rendering session.
03-11 17:38:19.315  2345  2742 W [CT]    : MIXEDREALITY: MrRuntimeImpl: No textures available for rendering session.
03-11 17:38:19.370  2345  2742 W [CT]    : MIXEDREALITY: MrRuntimeImpl: No textures available for rendering session.
03-11 17:38:19.390   729   729 I hash_map_utils: key: 'snd_device_in' value: ''
03-11 17:38:19.391   729   729 I hash_map_utils: key: 'snd_device_out' value: ''
03-11 17:38:19.426  2345  2742 W [CT]    : MIXEDREALITY: MrRuntimeImpl: No textures available for rendering session.
03-11 17:38:19.538  2345  2742 W [CT]    : MIXEDREALITY: MrRuntimeImpl: No textures available for rendering session.
03-11 17:38:19.593  2345  2742 W [CT]    : MIXEDREALITY: MrRuntimeImpl: No textures available for rendering session.
03-11 17:38:19.597   711   711 I libhealthbattery: Diff time: 2.000000
03-11 17:38:19.597   711   711 I libhealthbattery: remapSoc: 100.000000
03-11 17:38:19.619  1320 20953 I OSUpdateService: Intent with action system_battery_changed
03-11 17:38:19.648  1961 20916 I TimeWarpProgs: loaded binary layerProgram 2:0x40007:0x0 in 1.1 ms
03-11 17:38:19.649  2345  2742 W [CT]    : MIXEDREALITY: MrRuntimeImpl: No textures available for rendering session.
03-11 17:38:19.703  2345  2742 W [CT]    : MIXEDREALITY: MrRuntimeImpl: No textures available for rendering session.
03-11 17:38:19.723   674   909 I netd    : firewallSetUidRule(2, 10067, 2) <0.04ms>
03-11 17:38:19.758  2345  2742 W [CT]    : MIXEDREALITY: MrRuntimeImpl: No textures available for rendering session.
03-11 17:38:19.789  1961  2329 D OVRFitnessDataInternal: Requesting Insert FitnessData: 23.0.0.0
03-11 17:38:19.812  2345  2742 W [CT]    : MIXEDREALITY: MrRuntimeImpl: No textures available for rendering session.
03-11 17:38:19.820  2438 20920 I VrApi   : FPS=86/90,Prd=37ms,Tear=0,Early=10,Stale=12,VSnc=1,Lat=1,Fov=0,CPU4/GPU=4/3,1478/490MHz,OC=FF,TA=0/70/0,SP=N/F/N,Mem=2092MHz,Free=3750MB,PLS=0,Temp=32.2C/0.0C,TW=5.63ms,App=10.38ms,GD=1.97ms,CPU&GPU=19.80ms,LCnt=4,GPU%=0.97,CPU%=0.57(W0.65),DSF=1.00
03-11 17:38:19.830  1961  2329 E TREX    : Plugin FitnessTrackerServerPlugin update: max = 0.033, actual = 0.041. Next plugin update is throttled.
03-11 17:38:19.848  2484  2548 I [OAR] GuardianController: renderMode != desiredRenderMode: (3, 1, 2, 0, 2), (3, 3, 2, 0, 2)
03-11 17:38:19.848  2345  2630 I VrGuardianService: GuardianSDKServer::SetGuardianRenderMode
03-11 17:38:19.848  1961  2608 I VrRuntimeService: RuntimeServiceSDKServer::SetGuardianStationaryInfo: 3239141378
03-11 17:38:19.868  2345  2742 W [CT]    : MIXEDREALITY: MrRuntimeImpl: No textures available for rendering session.
03-11 17:38:19.870  1961  2609 I VrRuntimeService: RuntimeServiceSDKServer::GetGuardianPolygon
03-11 17:38:19.870  2484  2548 I VrRuntimeClient: SyncInternalGuardianState: GetGuardianPolygon: 0
03-11 17:38:19.870  1961  2609 I VrRuntimeService: RuntimeServiceSDKServer::GetGuardianStationaryInfo
03-11 17:38:19.870  1961  2609 I VrRuntimeService: RuntimeServiceSDKServer::GetGuardianSystemState: 4061529756
03-11 17:38:19.895  2345  2630 I VrGuardianService: GuardianSDKServer::SetGuardianCanPaint
03-11 17:38:19.917  2553  2553 D [SUI] SocialViewModel: refresPartyData()
03-11 17:38:19.924  2345  2742 W [CT]    : MIXEDREALITY: MrRuntimeImpl: No textures available for rendering session.
03-11 17:38:20.034  2345  2742 W [CT]    : MIXEDREALITY: MrRuntimeImpl: No textures available for rendering session.
03-11 17:38:20.050  2345  2630 I VrGuardianService: GuardianSDKServer::SetGuardianCanPaint
03-11 17:38:20.054  2553  2553 D [SUI] SocialViewModel: Fetched party: null 
03-11 17:38:20.054  2553  2553 D [SUI] SocialViewModel: setParty() - no change
03-11 17:38:20.091  2345  2742 W [CT]    : MIXEDREALITY: MrRuntimeImpl: No textures available for rendering session.
03-11 17:38:20.146  2345  2742 W [CT]    : MIXEDREALITY: MrRuntimeImpl: No textures available for rendering session.
03-11 17:38:20.201  2345  2742 W [CT]    : MIXEDREALITY: MrRuntimeImpl: No textures available for rendering session.
03-11 17:38:20.226  2553  5637 E memtrack: Couldn't load memtrack module
03-11 17:38:20.226  2553  5637 W android.os.Debug: failed to get memory consumption info: -1
03-11 17:38:20.258  2345  2742 W [CT]    : MIXEDREALITY: MrRuntimeImpl: No textures available for rendering session.
03-11 17:38:20.369  2345  2742 W [CT]    : MIXEDREALITY: MrRuntimeImpl: No textures available for rendering session.
03-11 17:38:20.372  2345  2630 I VrGuardianService: GuardianSDKServer::SetGuardianCanPaint
03-11 17:38:20.374  2553  2553 I AndroidPanelApp: measureLayerView adjusting initial height from 110 to 1250 due to resize behavior.
03-11 17:38:20.375  2553  2553 I AndroidPanelApp: measureLayerView with initial width 845, initial height 1250, resize behavior WRAP_CONTENT_HEIGHT.
03-11 17:38:20.375  2553  2553 I AndroidPanelApp: Measured width 845 and height 110.
03-11 17:38:20.386  2553  2553 I AndroidPanelApp: measureLayerView adjusting initial height from 110 to 1250 due to resize behavior.
03-11 17:38:20.386  2553  2553 I AndroidPanelApp: measureLayerView with initial width 845, initial height 1250, resize behavior WRAP_CONTENT_HEIGHT.
03-11 17:38:20.386  2553  2553 I AndroidPanelApp: Measured width 845 and height 110.
03-11 17:38:20.397  2553  2553 I AndroidPanelApp: measureLayerView adjusting initial height from 110 to 1250 due to resize behavior.
03-11 17:38:20.397  2553  2553 I AndroidPanelApp: measureLayerView with initial width 845, initial height 1250, resize behavior WRAP_CONTENT_HEIGHT.
03-11 17:38:20.397  2553  2553 I AndroidPanelApp: Measured width 845 and height 110.
03-11 17:38:20.405   789   789 I TrackingService: getTrackingSocketFileDescriptor
03-11 17:38:20.405   789   789 D TrackingService: haptic socket already exists
03-11 17:38:20.409  2553  2553 I AndroidPanelApp: measureLayerView adjusting initial height from 110 to 1250 due to resize behavior.
03-11 17:38:20.409  2553  2553 I AndroidPanelApp: measureLayerView with initial width 845, initial height 1250, resize behavior WRAP_CONTENT_HEIGHT.
03-11 17:38:20.410  2553  2553 I AndroidPanelApp: Measured width 845 and height 110.
03-11 17:38:20.420  2553  2553 I AndroidPanelApp: measureLayerView adjusting initial height from 110 to 1250 due to resize behavior.
03-11 17:38:20.420  2553  2553 I AndroidPanelApp: measureLayerView with initial width 845, initial height 1250, resize behavior WRAP_CONTENT_HEIGHT.
03-11 17:38:20.420  2553  2553 I AndroidPanelApp: Measured width 845 and height 110.
03-11 17:38:20.424  2345  2742 W [CT]    : MIXEDREALITY: MrRuntimeImpl: No textures available for rendering session.
03-11 17:38:20.431  2553  2553 I AndroidPanelApp: measureLayerView adjusting initial height from 110 to 1250 due to resize behavior.
03-11 17:38:20.431  2553  2553 I AndroidPanelApp: measureLayerView with initial width 845, initial height 1250, resize behavior WRAP_CONTENT_HEIGHT.
03-11 17:38:20.431  2553  2553 I AndroidPanelApp: Measured width 845 and height 110.
03-11 17:38:20.443  2553  2553 I AndroidPanelApp: measureLayerView adjusting initial height from 110 to 1250 due to resize behavior.
03-11 17:38:20.443  2553  2553 I AndroidPanelApp: measureLayerView with initial width 845, initial height 1250, resize behavior WRAP_CONTENT_HEIGHT.
03-11 17:38:20.443  2553  2553 I AndroidPanelApp: Measured width 845 and height 110.
03-11 17:38:20.454  2553  2553 I AndroidPanelApp: measureLayerView adjusting initial height from 110 to 1250 due to resize behavior.
03-11 17:38:20.454  2553  2553 I AndroidPanelApp: measureLayerView with initial width 845, initial height 1250, resize behavior WRAP_CONTENT_HEIGHT.
03-11 17:38:20.454  2553  2553 I AndroidPanelApp: Measured width 845 and height 110.
03-11 17:38:20.465  2553  2553 I AndroidPanelApp: measureLayerView adjusting initial height from 110 to 1250 due to resize behavior.
03-11 17:38:20.465  2553  2553 I AndroidPanelApp: measureLayerView with initial width 845, initial height 1250, resize behavior WRAP_CONTENT_HEIGHT.
03-11 17:38:20.465  2553  2553 I AndroidPanelApp: Measured width 845 and height 110.
03-11 17:38:20.476  2553  2553 I AndroidPanelApp: measureLayerView adjusting initial height from 110 to 1250 due to resize behavior.
03-11 17:38:20.476  2553  2553 I AndroidPanelApp: measureLayerView with initial width 845, initial height 1250, resize behavior WRAP_CONTENT_HEIGHT.
03-11 17:38:20.476  2553  2553 I AndroidPanelApp: Measured width 845 and height 110.
03-11 17:38:20.480  2345  2742 W [CT]    : MIXEDREALITY: MrRuntimeImpl: No textures available for rendering session.
03-11 17:38:20.487  2553  2553 I AndroidPanelApp: measureLayerView adjusting initial height from 110 to 1250 due to resize behavior.
03-11 17:38:20.487  2553  2553 I AndroidPanelApp: measureLayerView with initial width 845, initial height 1250, resize behavior WRAP_CONTENT_HEIGHT.
03-11 17:38:20.488  2553  2553 I AndroidPanelApp: Measured width 845 and height 110.
03-11 17:38:20.498  2553  2553 I AndroidPanelApp: measureLayerView adjusting initial height from 110 to 1250 due to resize behavior.
03-11 17:38:20.498  2553  2553 I AndroidPanelApp: measureLayerView with initial width 845, initial height 1250, resize behavior WRAP_CONTENT_HEIGHT.
03-11 17:38:20.498  2553  2553 I AndroidPanelApp: Measured width 845 and height 110.
03-11 17:38:20.509  2553  2553 I AndroidPanelApp: measureLayerView adjusting initial height from 110 to 1250 due to resize behavior.
03-11 17:38:20.509  2553  2553 I AndroidPanelApp: measureLayerView with initial width 845, initial height 1250, resize behavior WRAP_CONTENT_HEIGHT.
03-11 17:38:20.510  2553  2553 I AndroidPanelApp: Measured width 845 and height 110.
03-11 17:38:20.520  2553  2553 I AndroidPanelApp: measureLayerView adjusting initial height from 110 to 1250 due to resize behavior.
03-11 17:38:20.520  2553  2553 I AndroidPanelApp: measureLayerView with initial width 845, initial height 1250, resize behavior WRAP_CONTENT_HEIGHT.
03-11 17:38:20.521  2553  2553 I AndroidPanelApp: Measured width 845 and height 110.
03-11 17:38:20.531  2553  2553 I AndroidPanelApp: measureLayerView adjusting initial height from 110 to 1250 due to resize behavior.
03-11 17:38:20.531  2553  2553 I AndroidPanelApp: measureLayerView with initial width 845, initial height 1250, resize behavior WRAP_CONTENT_HEIGHT.
03-11 17:38:20.532  2553  2553 I AndroidPanelApp: Measured width 845 and height 110.
03-11 17:38:20.537  2345  2742 W [CT]    : MIXEDREALITY: MrRuntimeImpl: No textures available for rendering session.
03-11 17:38:20.647  2345  2742 W [CT]    : MIXEDREALITY: MrRuntimeImpl: No textures available for rendering session.
03-11 17:38:20.661  2345  2630 I VrGuardianService: GuardianSDKServer::GuardianCmdWithParms: 11
03-11 17:38:20.661  2345  2630 I GuardianSystem: Guardian: GuardianCmdWithParms 11, 1, 0.000000
03-11 17:38:20.702  2345  2742 W [CT]    : MIXEDREALITY: MrRuntimeImpl: No textures available for rendering session.
03-11 17:38:20.758  2345  2742 W [CT]    : MIXEDREALITY: MrRuntimeImpl: No textures available for rendering session.
03-11 17:38:20.796  2553  2553 D [SUI] AnytimeUIPanelAppBase: ClickEventButtonId: AUIV2_BAR_LIBRARY
03-11 17:38:20.796  2553  2553 I [SUI] AnytimeUIPanelAppBase: actionNavigate - App:  systemux://library, Uri:  
03-11 17:38:20.797  2345  2630 I VrGuardianService: GuardianSDKServer::GuardianCmdWithParms: 11
03-11 17:38:20.797  2345  2630 I GuardianSystem: Guardian: GuardianCmdWithParms 11, 0, 0.000000
03-11 17:38:20.814  2345  2742 W [CT]    : MIXEDREALITY: MrRuntimeImpl: No textures available for rendering session.
03-11 17:38:20.820  2438 20920 I VrApi   : FPS=83/90,Prd=38ms,Tear=0,Early=0,Stale=18,VSnc=1,Lat=1,Fov=0,CPU4/GPU=4/3,1478/490MHz,OC=FF,TA=0/70/0,SP=N/F/N,Mem=2092MHz,Free=3753MB,PLS=0,Temp=32.2C/0.0C,TW=6.94ms,App=15.21ms,GD=2.12ms,CPU&GPU=20.15ms,LCnt=4,GPU%=0.99,CPU%=0.52(W0.55),DSF=1.00
03-11 17:38:20.828  2484  2548 I [OAR] SystemUXController: System UX, targetComponent = systemux://library, uri = , returnComponent = 
03-11 17:38:20.850  2484  2548 I [OAR] SystemTabletController: Processing pending AndroidLibrary tablet.
03-11 17:38:20.850  2484  2548 I [OAR] SystemTabletController: Processing AUI deep link uri /library.
03-11 17:38:20.851  2553  2553 D [SUI] AnytimeUIAndroidPanelAppV2: Received deeplink; uri: /library.
03-11 17:38:20.852  2553  2553 D [SUI] LibraryView: Constructing LibraryView
03-11 17:38:20.863  2553  2553 D [SUI] LibraryView: Initializing LibraryView
03-11 17:38:20.868  2553  2553 D [SUI] LibraryViewModel: Organization Id fetched with Device Config: 2307425616184313
03-11 17:38:20.868  2553  2553 D [SUI] LibraryStateHelper: App Migration Dialog is blocked.
03-11 17:38:20.868  2553  2553 D [SUI] AnytimeUIPanelAppBase: Acquiring viewModel LibraryViewModel refCount: 1
03-11 17:38:20.868  2553  2553 D [SUI] AnytimeUIPanelAppBase: Acquiring viewModel SettingsViewModel refCount: 3
03-11 17:38:20.868  2553  2553 D UnifiedTelemetryLogger: Already initialized.
03-11 17:38:20.868  2553  2553 D [SUI] LibraryView: Clearing library state on new power cycle
03-11 17:38:20.869  2553  2553 D [SUI] LibraryStateHelper: Storing scroll position: 0
03-11 17:38:20.869  2553  2553 D [SUI] LibraryLogger: Library Session ID Generated: 9e10db66-1f20-4aa9-8b26-000f0fa25545
03-11 17:38:20.869  2553  2553 D [SUI] LibraryViewModel: Setting platform options.
03-11 17:38:20.869  2553  2553 D [SUI] LibraryViewModel: Setting sorter options.
03-11 17:38:20.869  2553  2553 D [SUI] LibraryViewModel: Setting current platform to be: Quest.
03-11 17:38:20.869  2553  2553 W Settings: Setting adb_enabled has moved from android.provider.Settings.Secure to android.provider.Settings.Global.
03-11 17:38:20.869  2553  2553 D [SUI] LibraryViewModel: Setting filter options.
03-11 17:38:20.869  2553  2553 D [SUI] LibraryViewModel: Setting current filter to be: All.
03-11 17:38:20.869  2553  2553 D [SUI] LibraryViewModel: Setting current sorter to be: Recent.
03-11 17:38:20.870  2345  2742 W [CT]    : MIXEDREALITY: MrRuntimeImpl: No textures available for rendering session.
03-11 17:38:20.871  2553  2553 D [SUI] LibrarySyncing: Checking if there is currently an app fetch in progress for: all_apps
03-11 17:38:20.871  2553  2553 D [SUI] LibrarySyncing: No existing app fetch in progress, we are clear to execute the app fetch for: all_apps
03-11 17:38:20.871  2553  2553 D [SUI] LibrarySyncing: Starting fetch for all apps. Initial fetch: true
03-11 17:38:20.871  2553  2553 D [SUI] LibraryFetcher: Starting app fetch: all_apps
03-11 17:38:20.872  2553  5481 D [SUI] DiskCache: Read cached file from cache at /data/user/0/com.oculus.systemux/cache/library/apps
03-11 17:38:20.873  2553  2553 D [SUI] EmptyView: Hiding EmptyView
03-11 17:38:20.873  2553  2553 D [SUI] LibraryView: Showing LibraryView
03-11 17:38:20.873  2553  2553 D [SUI] LibraryLogger: Library Session ID Generated: b1c46ab8-7dc9-4a94-ad4d-0f2b76b2d6e0
03-11 17:38:20.886  2553  5481 D [SUI] LibraryCacheHelper: Finished loading apps from cache in 14 ms
03-11 17:38:20.886  2553  5637 D [SUI] LibrarySyncing: Updated Library data source for all apps
03-11 17:38:20.886  2553  5637 W Settings: Setting adb_enabled has moved from android.provider.Settings.Secure to android.provider.Settings.Global.
03-11 17:38:20.886  2553  5637 D [SUI] LibraryTTI: Apps cache fetched and populated successfully, 23ms after initialization started.
03-11 17:38:20.886  2553  5637 D [SUI] LibraryView: Setting pending scroll position: 0
03-11 17:38:20.893  2553  2553 D [SUI] LibraryViewModel: No apps marked for later download from App Migration Dialog
03-11 17:38:20.893  2553  2553 D [SUI] LibraryView: Scroll to position: 0
03-11 17:38:20.893  2553  2553 D [SUI] HorizonContentProviderHelper: fetchAppsScoreboardsInfo - appIds.length: 39
03-11 17:38:20.894  1961 20916 I SwapChain_GLES: AttachSurfaceSwapChainGLES: 0x705ccc3000 attached on init
03-11 17:38:20.895  1961 20916 I TimeWarpProgs: loaded binary layerProgram 1:0x40207:0x0 in 1.1 ms
03-11 17:38:20.899  2553  2553 D [SUI] AnytimeUIPanelAppBase: Acquiring viewModel SettingsViewModel refCount: 4
03-11 17:38:20.899  2553  2553 D [SUI] AnytimeUIPanelAppBase: Releasing viewModel SettingsViewModel refCount: 3
03-11 17:38:20.907  1987  9715 I LibraryProvider: running queryAllApps() for com.oculus.systemux
03-11 17:38:20.908  1987 25994 I LibraryProvider: running queryAllApps() for com.oculus.systemux
03-11 17:38:20.922  2553  2575 W System  : A resource failed to call close. 
03-11 17:38:20.922  2553  2575 W System  : A resource failed to call close. 
03-11 17:38:20.926  2345  2742 W [CT]    : MIXEDREALITY: MrRuntimeImpl: No textures available for rendering session.
03-11 17:38:21.038  2345  2742 W [CT]    : MIXEDREALITY: MrRuntimeImpl: No textures available for rendering session.
03-11 17:38:21.066  2553  2553 I AndroidPanelApp: measureLayerView adjusting initial height from 110 to 1250 due to resize behavior.
03-11 17:38:21.066  2553  2553 I AndroidPanelApp: measureLayerView with initial width 845, initial height 1250, resize behavior WRAP_CONTENT_HEIGHT.
03-11 17:38:21.066  2553  2553 I AndroidPanelApp: Measured width 845 and height 110.
03-11 17:38:21.077  2553  2553 I AndroidPanelApp: measureLayerView adjusting initial height from 110 to 1250 due to resize behavior.
03-11 17:38:21.077  2553  2553 I AndroidPanelApp: measureLayerView with initial width 845, initial height 1250, resize behavior WRAP_CONTENT_HEIGHT.
03-11 17:38:21.078  2553  2553 I AndroidPanelApp: Measured width 845 and height 110.
03-11 17:38:21.088  2553  5608 D [SUI] LibrarySyncing: Successfully fetched all apps
03-11 17:38:21.088  2553  5608 D [SUI] LibrarySyncing: Updated Library data source for all apps
03-11 17:38:21.088  2553  5608 W Settings: Setting adb_enabled has moved from android.provider.Settings.Secure to android.provider.Settings.Global.
03-11 17:38:21.088  2553  5608 D [SUI] LibrarySyncing: Fetched data for all apps from OCMS
03-11 17:38:21.088  2553  2553 I AndroidPanelApp: measureLayerView adjusting initial height from 110 to 1250 due to resize behavior.
03-11 17:38:21.088  2553  5608 D [SUI] LibraryTTI: Initial OCMS apps fetch finished, 225ms after initialization started.
03-11 17:38:21.088  2553  2553 I AndroidPanelApp: measureLayerView with initial width 845, initial height 1250, resize behavior WRAP_CONTENT_HEIGHT.
03-11 17:38:21.088  2553  5608 D [SUI] LibraryViewModel: Executing Actions after initial apps load.
03-11 17:38:21.089  2553  2553 I AndroidPanelApp: Measured width 845 and height 110.
03-11 17:38:21.090  2553  5608 D [SUI] LibraryAppMigration: Verifying if App Migration Dialog should be shown.
03-11 17:38:21.090  2553  5608 D [SUI] LibraryAppMigration: Not showing App Migration dialog, Dialog has been shown once already
03-11 17:38:21.090  2553  5608 D [SUI] LibraryViewModel: Not showing App Migration dialog, already been shown once
03-11 17:38:21.092  2345  2742 W [CT]    : MIXEDREALITY: MrRuntimeImpl: No textures available for rendering session.
03-11 17:38:21.094  2553  2553 D [SUI] HorizonContentProviderHelper: fetchAppsScoreboardsInfo - appIds.length: 39
03-11 17:38:21.099  2553  2553 D [SUI] AnytimeUIPanelAppBase: Acquiring viewModel SettingsViewModel refCount: 4
03-11 17:38:21.099  2553  2553 D [SUI] AnytimeUIPanelAppBase: Releasing viewModel SettingsViewModel refCount: 3
03-11 17:38:21.100  2553  2553 I AndroidPanelApp: measureLayerView adjusting initial height from 110 to 1250 due to resize behavior.
03-11 17:38:21.100  2553  2553 I AndroidPanelApp: measureLayerView with initial width 845, initial height 1250, resize behavior WRAP_CONTENT_HEIGHT.
03-11 17:38:21.101  2553  2553 I AndroidPanelApp: Measured width 845 and height 110.
03-11 17:38:21.148  2345  2742 W [CT]    : MIXEDREALITY: MrRuntimeImpl: No textures available for rendering session.
03-11 17:38:21.153  2345  2630 I VrGuardianService: GuardianSDKServer::SetGuardianCanPaint
03-11 17:38:21.155  2553  2553 I AndroidPanelApp: measureLayerView adjusting initial height from 110 to 1250 due to resize behavior.
03-11 17:38:21.155  2553  2553 I AndroidPanelApp: measureLayerView with initial width 845, initial height 1250, resize behavior WRAP_CONTENT_HEIGHT.
03-11 17:38:21.155  2553  2553 I AndroidPanelApp: Measured width 845 and height 110.
03-11 17:38:21.161  2553  2553 I AndroidPanelApp: measureLayerView adjusting initial height from 110 to 1250 due to resize behavior.
03-11 17:38:21.161  2553  2553 I AndroidPanelApp: measureLayerView with initial width 845, initial height 1250, resize behavior WRAP_CONTENT_HEIGHT.
03-11 17:38:21.161  2553  2553 I AndroidPanelApp: Measured width 845 and height 110.
03-11 17:38:21.162  2553  5641 D [SUI] LibraryFetcher: Successfully fetched unknown sources
03-11 17:38:21.162  2553  5641 D [SUI] LibraryTTI: Initial unknown sources fetch finished, 299ms after initialization started.
03-11 17:38:21.166  2553  2553 D [SUI] AnytimeUIPanelAppBase: Acquiring viewModel SettingsViewModel refCount: 4
03-11 17:38:21.166  2553  2553 D [SUI] AnytimeUIPanelAppBase: Releasing viewModel SettingsViewModel refCount: 3
03-11 17:38:21.167  2553  2553 I AndroidPanelApp: measureLayerView adjusting initial height from 110 to 1250 due to resize behavior.
03-11 17:38:21.167  2553  2553 I AndroidPanelApp: measureLayerView with initial width 845, initial height 1250, resize behavior WRAP_CONTENT_HEIGHT.
03-11 17:38:21.168  2553  2553 I AndroidPanelApp: Measured width 845 and height 110.
03-11 17:38:21.184  2553  2553 I AndroidPanelApp: measureLayerView adjusting initial height from 110 to 1250 due to resize behavior.
03-11 17:38:21.184  2553  2553 I AndroidPanelApp: measureLayerView with initial width 845, initial height 1250, resize behavior WRAP_CONTENT_HEIGHT.
03-11 17:38:21.184  2553  2553 I AndroidPanelApp: Measured width 845 and height 110.
03-11 17:38:21.189  2345  2630 I VrGuardianService: GuardianSDKServer::SetGuardianCanPaint
03-11 17:38:21.189  2553  2553 I AndroidPanelApp: measureLayerView adjusting initial height from 110 to 1250 due to resize behavior.
03-11 17:38:21.189  2553  2553 I AndroidPanelApp: measureLayerView with initial width 845, initial height 1250, resize behavior WRAP_CONTENT_HEIGHT.
03-11 17:38:21.189  2553  2553 I AndroidPanelApp: Measured width 845 and height 110.
